#
# There is insufficient memory for the Java Runtime Environment to continue.
# Native memory allocation (mmap) failed to map 65536 bytes. Error detail: Failed to commit metaspace.
# Possible reasons:
#   The system is out of physical RAM or swap space
#   This process is running with CompressedOops enabled, and the Java Heap may be blocking the growth of the native heap
# Possible solutions:
#   Reduce memory load on the system
#   Increase physical memory or swap space
#   Check if swap backing store is full
#   Decrease Java heap size (-Xmx/-Xms)
#   Decrease number of Java threads
#   Decrease Java thread stack sizes (-Xss)
#   Set larger code cache with -XX:ReservedCodeCacheSize=
#   JVM is running with Unscaled Compressed Oops mode in which the Java heap is
#     placed in the first 4GB address space. The Java Heap base address is the
#     maximum limit for the native heap growth. Please use -XX:HeapBaseMinAddress
#     to set the Java Heap base and to place the Java Heap above 4GB virtual address.
# This output file may be truncated or incomplete.
#
#  Out of Memory Error (virtualSpaceNode.cpp:113), pid=20864, tid=23312
#
# JRE version: OpenJDK Runtime Environment Temurin-21.0.12.1+1 (21.0.12.1+1) (build 21.0.12.1+1-LTS)
# Java VM: OpenJDK 64-Bit Server VM Temurin-21.0.12.1+1 (21.0.12.1+1-LTS, mixed mode, sharing, tiered, compressed oops, compressed class ptrs, parallel gc, windows-amd64)
# No core dump will be written. Minidumps are not enabled by default on client versions of Windows
#

---------------  S U M M A R Y ------------

Command Line: --add-modules=ALL-SYSTEM --add-opens=java.base/java.util=ALL-UNNAMED --add-opens=java.base/java.lang=ALL-UNNAMED --add-opens=java.base/sun.nio.fs=ALL-UNNAMED -Declipse.application=org.eclipse.jdt.ls.core.id1 -Dosgi.bundles.defaultStartLevel=4 -Declipse.product=org.eclipse.jdt.ls.core.product -Djava.import.generatesMetadataFilesAtProjectRoot=false -Dm2e.project.cache.size=50 -DDetectVMInstallationsJob.disabled=true -Dfile.encoding=utf8 -XX:+UseParallelGC -XX:GCTimeRatio=4 -XX:AdaptiveSizePolicyWeight=90 -Dsun.zip.disableMemoryMapping=true -Xmx2G -Xms100m -Xlog:disable -javaagent:c:\Users\nicol\.vscode\extensions\redhat.java-1.56.0-win32-x64\lombok\lombok-1.18.39-4050.jar c:\Users\nicol\.vscode\extensions\redhat.java-1.56.0-win32-x64\server\plugins\org.eclipse.equinox.launcher_1.8.0.v20260804-1928.jar -configuration c:\Users\nicol\AppData\Roaming\Code\User\globalStorage\redhat.java\1.56.0\config_ss_win -data c:\Users\nicol\AppData\Roaming\Code\User\workspaceStorage\b51f45c7fabee92b3e77ba02943ecedf\redhat.java\ss_ws --pipe=\\.\pipe\lsp-bbbeeb084d74461f24463a36d5e4831b-sock

Host: AMD Ryzen 5 5500U with Radeon Graphics         , 12 cores, 5G,  Windows 11 , 64 bit Build 26100 (10.0.26100.9444)
Time: Tue Sep 15 10:22:52 2026 Hora est. Pacífico, Sudamérica elapsed time: 1.000508 seconds (0d 0h 0m 1s)

---------------  T H R E A D  ---------------

Current thread (0x00000258ad5493a0):  JavaThread "main"             [_thread_in_vm, id=23312, stack(0x000000e213d00000,0x000000e213e00000) (1024K)]

Stack: [0x000000e213d00000,0x000000e213e00000]
Native frames: (J=compiled Java code, j=interpreted, Vv=VM code, C=native code)
V  [jvm.dll+0x6d83e9]
V  [jvm.dll+0x8b5736]
V  [jvm.dll+0x8b7cee]
V  [jvm.dll+0x8b83d3]
V  [jvm.dll+0x284596]
V  [jvm.dll+0x8b147e]
V  [jvm.dll+0x679ad4]
V  [jvm.dll+0x679b3a]
V  [jvm.dll+0x67c336]
V  [jvm.dll+0x67c202]
V  [jvm.dll+0x67a4ae]
V  [jvm.dll+0x26f864]
V  [jvm.dll+0x21a11f]
V  [jvm.dll+0x20f80e]
V  [jvm.dll+0x5b6a7f]
V  [jvm.dll+0x2218ae]
V  [jvm.dll+0x82ec5d]
V  [jvm.dll+0x82fc8b]
V  [jvm.dll+0x830254]
V  [jvm.dll+0x82fee8]
V  [jvm.dll+0x271ebd]
V  [jvm.dll+0x3dd36e]
C  0x00000258b7c99274

The last pc belongs to new (printed below).
Java frames: (J=compiled Java code, j=interpreted, Vv=VM code)
j  sun.security.x509.X509CertInfo.parse(Lsun/security/util/DerValue;)V+327 java.base@21.0.12.1
j  sun.security.x509.X509CertInfo.<init>(Lsun/security/util/DerValue;)V+67 java.base@21.0.12.1
j  sun.security.x509.X509CertImpl.parse(Lsun/security/util/DerValue;)V+210 java.base@21.0.12.1
j  sun.security.x509.X509CertImpl.<init>([B)V+45 java.base@21.0.12.1
j  sun.security.provider.X509Factory.cachedGetX509Cert([B)Lsun/security/x509/X509CertImpl;+22 java.base@21.0.12.1
j  sun.security.provider.X509Factory.engineGenerateCertificate(Ljava/io/InputStream;)Ljava/security/cert/Certificate;+33 java.base@21.0.12.1
j  java.security.cert.CertificateFactory.generateCertificate(Ljava/io/InputStream;)Ljava/security/cert/Certificate;+5 java.base@21.0.12.1
j  sun.security.pkcs.PKCS7.parseSignedData(Lsun/security/util/DerValue;)V+279 java.base@21.0.12.1
j  sun.security.pkcs.PKCS7.parse(Lsun/security/util/DerInputStream;Z)V+51 java.base@21.0.12.1
j  sun.security.pkcs.PKCS7.parse(Lsun/security/util/DerInputStream;)V+11 java.base@21.0.12.1
j  sun.security.pkcs.PKCS7.<init>([B)V+50 java.base@21.0.12.1
j  sun.security.util.SignatureFileVerifier.<init>(Ljava/util/List;Lsun/security/util/ManifestDigester;Ljava/lang/String;[B)V+35 java.base@21.0.12.1
j  java.util.jar.JarVerifier.processEntry(Lsun/security/util/ManifestEntryVerifier;)V+319 java.base@21.0.12.1
j  java.util.jar.JarVerifier.update(I[BIILsun/security/util/ManifestEntryVerifier;)V+39 java.base@21.0.12.1
j  java.util.jar.JarFile.initializeVerifier()V+164 java.base@21.0.12.1
j  java.util.jar.JarFile.ensureInitialization()V+36 java.base@21.0.12.1
j  java.util.jar.JavaUtilJarAccessImpl.ensureInitialization(Ljava/util/jar/JarFile;)V+1 java.base@21.0.12.1
j  jdk.internal.loader.URLClassPath$JarLoader$2.getManifest()Ljava/util/jar/Manifest;+10 java.base@21.0.12.1
j  jdk.internal.loader.BuiltinClassLoader.defineClass(Ljava/lang/String;Ljdk/internal/loader/Resource;)Ljava/lang/Class;+29 java.base@21.0.12.1
j  jdk.internal.loader.BuiltinClassLoader.findClassOnClassPathOrNull(Ljava/lang/String;)Ljava/lang/Class;+37 java.base@21.0.12.1
j  jdk.internal.loader.BuiltinClassLoader.loadClassOrNull(Ljava/lang/String;Z)Ljava/lang/Class;+111 java.base@21.0.12.1
j  jdk.internal.loader.BuiltinClassLoader.loadClass(Ljava/lang/String;Z)Ljava/lang/Class;+3 java.base@21.0.12.1
j  jdk.internal.loader.ClassLoaders$AppClassLoader.loadClass(Ljava/lang/String;Z)Ljava/lang/Class;+36 java.base@21.0.12.1
j  java.lang.ClassLoader.loadClass(Ljava/lang/String;)Ljava/lang/Class;+3 java.base@21.0.12.1
v  ~StubRoutines::call_stub 0x00000258b7c8100d
j  java.lang.Class.forName0(Ljava/lang/String;ZLjava/lang/ClassLoader;Ljava/lang/Class;)Ljava/lang/Class;+0 java.base@21.0.12.1
j  java.lang.Class.forName(Ljava/lang/String;ZLjava/lang/ClassLoader;Ljava/lang/Class;)Ljava/lang/Class;+37 java.base@21.0.12.1
j  java.lang.Class.forName(Ljava/lang/String;ZLjava/lang/ClassLoader;)Ljava/lang/Class;+20 java.base@21.0.12.1
j  sun.launcher.LauncherHelper.loadMainClass(ILjava/lang/String;)Ljava/lang/Class;+95 java.base@21.0.12.1
j  sun.launcher.LauncherHelper.checkAndLoadMain(ZILjava/lang/String;)Ljava/lang/Class;+42 java.base@21.0.12.1
v  ~StubRoutines::call_stub 0x00000258b7c8100d
new  187 new  [0x00000258b7c990e0, 0x00000258b7c992e8]  520 bytes
[MachCode]
  0x00000258b7c990e0: 4883 ec08 | c5fa 1104 | 24eb 1f48 | 83ec 10c5 | fb11 0424 | eb14 4883 | ec10 4889 | 0424 48c7 
  0x00000258b7c99100: 4424 0800 | 0000 00eb | 0150 410f | b755 010f | cac1 ea10 | 488b 4de8 | 488b 4908 | 488b 4908 
  0x00000258b7c99120: 488b 4108 | 807c 1004 | 070f 85d3 | 0000 0066 | 8b54 d148 | 488b 4928 | 488b 4cd1 | 0851 80b9 
  0x00000258b7c99140: 3101 0000 | 040f 85b6 | 0000 008b | 5108 f6c2 | 010f 85aa | 0000 0049 | 8b87 b801 | 0000 488d 
  0x00000258b7c99160: 1c10 493b | 9fc8 0100 | 000f 8792 | 0000 0049 | 899f b801 | 0000 4883 | ea10 0f84 | 0f00 0000 
  0x00000258b7c99180: 33c9 c1ea | 0348 894c | d008 48ff | ca75 f648 | c700 0100 | 0000 5933 | f689 700c | 49ba 0000 
  0x00000258b7c991a0: 00c4 5802 | 0000 492b | ca89 4808 | 49ba 076d | 4757 f97f | 0000 4180 | 3a00 0f84 | 3c00 0000 
  0x00000258b7c991c0: 5048 8bc8 | 4883 ec20 | 40f6 c40f | 0f84 1900 | 0000 4883 | ec08 48b8 | 20eb f056 | f97f 0000 
  0x00000258b7c991e0: ffd0 4883 | c408 e90c | 0000 0048 | b820 ebf0 | 56f9 7f00 | 00ff d048 | 83c4 2058 | e9cb 0000 
  0x00000258b7c99200: 0059 488b | 55e8 488b | 5208 488b | 5208 450f | b745 0141 | 0fc8 41c1 | e810 e805 | 0000 00e9 
  0x00000258b7c99220: a800 0000 | 488d 4424 | 084c 896d | c049 8bcf | c5f8 7749 | 89af b003 | 0000 4989 | 87a0 0300 
  0x00000258b7c99240: 0048 83ec | 2040 f6c4 | 0f0f 8419 | 0000 0048 | 83ec 0848 | b820 d3ba | 56f9 7f00 | 00ff d048 
  0x00000258b7c99260: 83c4 08e9 | 0c00 0000 | 48b8 20d3 | ba56 f97f | 0000 ffd0 | 4883 c420 | 49c7 87a0 | 0300 0000 
  0x00000258b7c99280: 0000 0049 | c787 b003 | 0000 0000 | 0000 49c7 | 87a8 0300 | 0000 0000 | 00c5 f877 | 4983 7f08 
  0x00000258b7c992a0: 000f 8405 | 0000 00e9 | 547c feff | 498b 87f8 | 0300 0049 | c787 f803 | 0000 0000 | 0000 4c8b 
  0x00000258b7c992c0: 6dc0 4c8b | 75c8 4e8d | 74f5 00c3 | 410f b65d | 0349 83c5 | 0349 ba50 | 354a 57f9 | 7f00 0041 
  0x00000258b7c992e0: ff24 da0f | 1f44 0000 
[/MachCode]

---------------  P R O C E S S  ---------------

Threads class SMR info:
_java_thread_list=0x000002590bc0cca0, length=11, elements={
0x00000258ad5493a0, 0x00000258ad4fddb0, 0x000002590b0023a0, 0x000002590b005de0,
0x000002590b006a40, 0x000002590b0076a0, 0x000002590b0109f0, 0x000002590b03e8f0,
0x000002590b0468c0, 0x000002590b21f570, 0x000002590bc03510
}

Java Threads: ( => current thread )
=>0x00000258ad5493a0 JavaThread "main"                              [_thread_in_vm, id=23312, stack(0x000000e213d00000,0x000000e213e00000) (1024K)]
  0x00000258ad4fddb0 JavaThread "Reference Handler"          daemon [_thread_blocked, id=23856, stack(0x000000e214100000,0x000000e214200000) (1024K)]
  0x000002590b0023a0 JavaThread "Finalizer"                  daemon [_thread_blocked, id=23440, stack(0x000000e214200000,0x000000e214300000) (1024K)]
  0x000002590b005de0 JavaThread "Signal Dispatcher"          daemon [_thread_blocked, id=17604, stack(0x000000e214300000,0x000000e214400000) (1024K)]
  0x000002590b006a40 JavaThread "Attach Listener"            daemon [_thread_blocked, id=11496, stack(0x000000e214400000,0x000000e214500000) (1024K)]
  0x000002590b0076a0 JavaThread "Service Thread"             daemon [_thread_blocked, id=16744, stack(0x000000e214500000,0x000000e214600000) (1024K)]
  0x000002590b0109f0 JavaThread "Monitor Deflation Thread"   daemon [_thread_blocked, id=18960, stack(0x000000e214600000,0x000000e214700000) (1024K)]
  0x000002590b03e8f0 JavaThread "C2 CompilerThread0"         daemon [_thread_in_native, id=17904, stack(0x000000e214700000,0x000000e214800000) (1024K)]
  0x000002590b0468c0 JavaThread "C1 CompilerThread0"         daemon [_thread_blocked, id=1276, stack(0x000000e214800000,0x000000e214900000) (1024K)]
  0x000002590b21f570 JavaThread "Common-Cleaner"             daemon [_thread_blocked, id=22612, stack(0x000000e214900000,0x000000e214a00000) (1024K)]
  0x000002590bc03510 JavaThread "Notification Thread"        daemon [_thread_blocked, id=17560, stack(0x000000e214a00000,0x000000e214b00000) (1024K)]
Total: 11

Other Threads:
  0x00000258ad4e33e0 VMThread "VM Thread"                           [id=2860, stack(0x000000e214000000,0x000000e214100000) (1024K)]
  0x00000258ad3dca00 WatcherThread "VM Periodic Task Thread"        [id=17008, stack(0x000000e213f00000,0x000000e214000000) (1024K)]
  0x00000258ad567e00 WorkerThread "GC Thread#0"                     [id=2384, stack(0x000000e213e00000,0x000000e213f00000) (1024K)]
Total: 3

Threads with active compile tasks:
C2 CompilerThread0  1058  596       4       java.lang.String::replace (42 bytes)
Total: 1

VM state: not at safepoint (normal execution)

VM Mutex/Monitor currently owned by a thread:  ([mutex/lock_event])
[0x00007ff95748d530] Metaspace_lock - owner thread: 0x00000258ad5493a0

Heap address: 0x0000000080000000, size: 2048 MB, Compressed Oops mode: 32-bit

CDS archive(s) mapped at: [0x00000258c4000000-0x00000258c4ba0000-0x00000258c4ba0000), size 12189696, SharedBaseAddress: 0x00000258c4000000, ArchiveRelocationMode: 1.
Compressed class space mapped at: 0x00000258c5000000-0x0000025905000000, reserved size: 1073741824
Narrow klass base: 0x00000258c4000000, Narrow klass shift: 0, Narrow klass range: 0x100000000

GC Precious Log:
 CardTable entry size: 512
 CPUs: 12 total, 12 available
 Memory: 5966M
 Large Page Support: Disabled
 NUMA Support: Disabled
 Compressed Oops: Enabled (32-bit)
 Alignments: Space 512K, Generation 512K, Heap 2M
 Heap Min Capacity: 100M
 Heap Initial Capacity: 100M
 Heap Max Capacity: 2G
 Pre-touch: Disabled
 Parallel Workers: 10

Heap:
 PSYoungGen      total 29696K, used 11880K [0x00000000d5580000, 0x00000000d7680000, 0x0000000100000000)
  eden space 25600K, 46% used [0x00000000d5580000,0x00000000d611a1b8,0x00000000d6e80000)
  from space 4096K, 0% used [0x00000000d7280000,0x00000000d7280000,0x00000000d7680000)
  to   space 4096K, 0% used [0x00000000d6e80000,0x00000000d6e80000,0x00000000d7280000)
 ParOldGen       total 68608K, used 0K [0x0000000080000000, 0x0000000084300000, 0x00000000d5580000)
  object space 68608K, 0% used [0x0000000080000000,0x0000000080000000,0x0000000084300000)
 Metaspace       used 1905K, committed 2112K, reserved 1114112K
  class space    used 191K, committed 320K, reserved 1048576K

Card table byte_map: [0x00000258acef0000,0x00000258ad300000] _byte_map_base: 0x00000258acaf0000

Marking Bits: (ParMarkBitMap*) 0x00007ff9574944a0
 Begin Bits: [0x00000258bfa00000, 0x00000258c1a00000)
 End Bits:   [0x00000258c1a00000, 0x00000258c3a00000)

Polling page: 0x00000258ab5b0000

Metaspace:

Usage:
  Non-class:      1.67 MB used.
      Class:    191.11 KB used.
       Both:      1.86 MB used.

Virtual space:
  Non-class space:       64.00 MB reserved,       1.75 MB (  3%) committed,  1 nodes.
      Class space:        1.00 GB reserved,     320.00 KB ( <1%) committed,  1 nodes.
             Both:        1.06 GB reserved,       2.06 MB ( <1%) committed. 

Chunk freelists:
   Non-Class:  11.65 MB
       Class:  15.67 MB
        Both:  27.32 MB

MaxMetaspaceSize: unlimited
CompressedClassSpaceSize: 1.00 GB
Initial GC threshold: 21.00 MB
Current GC threshold: 21.00 MB
CDS: on
 - commit_granule_bytes: 65536.
 - commit_granule_words: 8192.
 - virtual_space_node_default_size: 8388608.
 - enlarge_chunks_in_place: 1.
 - use_allocation_guard: 0.


Internal statistics:

num_allocs_failed_limit: 0.
num_arena_births: 78.
num_arena_deaths: 0.
num_vsnodes_births: 2.
num_vsnodes_deaths: 0.
num_space_committed: 33.
num_space_uncommitted: 0.
num_chunks_returned_to_freelist: 0.
num_chunks_taken_from_freelist: 100.
num_chunk_merges: 0.
num_chunk_splits: 70.
num_chunks_enlarged: 45.
num_inconsistent_stats: 0.

CodeHeap 'non-profiled nmethods': size=120000Kb used=212Kb max_used=212Kb free=119787Kb
 bounds [0x00000258b8220000, 0x00000258b8490000, 0x00000258bf750000]
CodeHeap 'profiled nmethods': size=120000Kb used=863Kb max_used=863Kb free=119136Kb
 bounds [0x00000258b0750000, 0x00000258b09c0000, 0x00000258b7c80000]
CodeHeap 'non-nmethods': size=5760Kb used=1160Kb max_used=1174Kb free=4599Kb
 bounds [0x00000258b7c80000, 0x00000258b7ef0000, 0x00000258b8220000]
CodeCache: size=245760Kb, used=2235Kb, max_used=2249Kb, free=243522Kb
 total_blobs=1012, nmethods=602, adapters=317, full_count=0
Compilation: enabled, stopped_count=0, restarted_count=0

Compilation events (20 events):
Event: 0.973 Thread 0x000002590b03e8f0  594       4       java.util.ArrayList$Itr::hasNext (20 bytes)
Event: 0.973 Thread 0x000002590b0468c0 nmethod 593 0x00000258b0826a90 code [0x00000258b0826c40, 0x00000258b0826dc8]
Event: 0.974 Thread 0x000002590b03e8f0 nmethod 594 0x00000258b8253610 code [0x00000258b82537a0, 0x00000258b8253858]
Event: 0.976 Thread 0x000002590b03e8f0  595       4       java.util.ArrayList$Itr::next (66 bytes)
Event: 0.979 Thread 0x000002590b03e8f0 nmethod 595 0x00000258b8253d90 code [0x00000258b8253f20, 0x00000258b8254088]
Event: 0.979 Thread 0x000002590b03e8f0  596       4       java.lang.String::replace (42 bytes)
Event: 0.982 Thread 0x000002590b0468c0  599       3       jdk.internal.org.objectweb.asm.ByteVector::putByteArray (49 bytes)
Event: 0.983 Thread 0x000002590b0468c0 nmethod 599 0x00000258b0826e90 code [0x00000258b0827060, 0x00000258b0827328]
Event: 0.983 Thread 0x000002590b0468c0  600       3       jdk.internal.org.objectweb.asm.ByteVector::putInt (74 bytes)
Event: 0.983 Thread 0x000002590b0468c0 nmethod 600 0x00000258b0827410 code [0x00000258b08275c0, 0x00000258b0827810]
Event: 0.986 Thread 0x000002590b0468c0  601       1       sun.security.util.KnownOIDs::value (5 bytes)
Event: 0.987 Thread 0x000002590b0468c0 nmethod 601 0x00000258b8254510 code [0x00000258b82546a0, 0x00000258b8254768]
Event: 0.987 Thread 0x000002590b0468c0  603       1       java.security.Provider$Service::getType (5 bytes)
Event: 0.987 Thread 0x000002590b0468c0 nmethod 603 0x00000258b8254810 code [0x00000258b82549a0, 0x00000258b8254a68]
Event: 0.987 Thread 0x000002590b0468c0  606  s    3       java.util.Properties::put (10 bytes)
Event: 0.988 Thread 0x000002590b0468c0 nmethod 606 0x00000258b0827990 code [0x00000258b0827b40, 0x00000258b0827db8]
Event: 0.988 Thread 0x000002590b0468c0  604       1       java.security.Provider$Service::getAlgorithm (5 bytes)
Event: 0.988 Thread 0x000002590b0468c0 nmethod 604 0x00000258b8254b10 code [0x00000258b8254ca0, 0x00000258b8254d68]
Event: 0.988 Thread 0x000002590b0468c0  605       1       java.security.Provider$Service::getAliases (5 bytes)
Event: 0.988 Thread 0x000002590b0468c0 nmethod 605 0x00000258b8254e10 code [0x00000258b8254fa0, 0x00000258b8255068]

GC Heap History (0 events):
No events

Dll operation events (16 events):
Event: 0.029 Attempting to load shared library c:\Users\nicol\.vscode\extensions\redhat.java-1.56.0-win32-x64\jre\21.0.12.1-win32-x86_64\bin\java.dll
Event: 0.029 Loaded shared library c:\Users\nicol\.vscode\extensions\redhat.java-1.56.0-win32-x64\jre\21.0.12.1-win32-x86_64\bin\java.dll
Event: 0.233 Attempting to load shared library c:\Users\nicol\.vscode\extensions\redhat.java-1.56.0-win32-x64\jre\21.0.12.1-win32-x86_64\bin\zip.dll
Event: 0.235 Loaded shared library c:\Users\nicol\.vscode\extensions\redhat.java-1.56.0-win32-x64\jre\21.0.12.1-win32-x86_64\bin\zip.dll
Event: 0.296 Attempting to load shared library C:\Users\nicol\.vscode\extensions\redhat.java-1.56.0-win32-x64\jre\21.0.12.1-win32-x86_64\bin\instrument.dll
Event: 0.296 Loaded shared library C:\Users\nicol\.vscode\extensions\redhat.java-1.56.0-win32-x64\jre\21.0.12.1-win32-x86_64\bin\instrument.dll
Event: 0.306 Attempting to load shared library C:\Users\nicol\.vscode\extensions\redhat.java-1.56.0-win32-x64\jre\21.0.12.1-win32-x86_64\bin\net.dll
Event: 0.308 Loaded shared library C:\Users\nicol\.vscode\extensions\redhat.java-1.56.0-win32-x64\jre\21.0.12.1-win32-x86_64\bin\net.dll
Event: 0.313 Attempting to load shared library C:\Users\nicol\.vscode\extensions\redhat.java-1.56.0-win32-x64\jre\21.0.12.1-win32-x86_64\bin\nio.dll
Event: 0.315 Loaded shared library C:\Users\nicol\.vscode\extensions\redhat.java-1.56.0-win32-x64\jre\21.0.12.1-win32-x86_64\bin\nio.dll
Event: 0.331 Attempting to load shared library C:\Users\nicol\.vscode\extensions\redhat.java-1.56.0-win32-x64\jre\21.0.12.1-win32-x86_64\bin\zip.dll
Event: 0.331 Loaded shared library C:\Users\nicol\.vscode\extensions\redhat.java-1.56.0-win32-x64\jre\21.0.12.1-win32-x86_64\bin\zip.dll
Event: 0.387 Attempting to load shared library C:\Users\nicol\.vscode\extensions\redhat.java-1.56.0-win32-x64\jre\21.0.12.1-win32-x86_64\bin\jimage.dll
Event: 0.387 Loaded shared library C:\Users\nicol\.vscode\extensions\redhat.java-1.56.0-win32-x64\jre\21.0.12.1-win32-x86_64\bin\jimage.dll
Event: 0.612 Attempting to load shared library c:\Users\nicol\.vscode\extensions\redhat.java-1.56.0-win32-x64\jre\21.0.12.1-win32-x86_64\bin\verify.dll
Event: 0.615 Loaded shared library c:\Users\nicol\.vscode\extensions\redhat.java-1.56.0-win32-x64\jre\21.0.12.1-win32-x86_64\bin\verify.dll

Deoptimization events (20 events):
Event: 0.912 Thread 0x00000258ad5493a0 DEOPT PACKING pc=0x00000258b077f518 sp=0x000000e213dfb570
Event: 0.912 Thread 0x00000258ad5493a0 DEOPT UNPACKING pc=0x00000258b7cd4242 sp=0x000000e213dfaa30 mode 0
Event: 0.914 Thread 0x00000258ad5493a0 DEOPT PACKING pc=0x00000258b077f518 sp=0x000000e213dfacc0
Event: 0.914 Thread 0x00000258ad5493a0 DEOPT UNPACKING pc=0x00000258b7cd4242 sp=0x000000e213dfa180 mode 0
Event: 0.915 Thread 0x00000258ad5493a0 DEOPT PACKING pc=0x00000258b077f518 sp=0x000000e213dfa990
Event: 0.915 Thread 0x00000258ad5493a0 DEOPT UNPACKING pc=0x00000258b7cd4242 sp=0x000000e213df9e50 mode 0
Event: 0.916 Thread 0x00000258ad5493a0 DEOPT PACKING pc=0x00000258b077f518 sp=0x000000e213dfa990
Event: 0.916 Thread 0x00000258ad5493a0 DEOPT UNPACKING pc=0x00000258b7cd4242 sp=0x000000e213df9e50 mode 0
Event: 0.920 Thread 0x00000258ad5493a0 DEOPT PACKING pc=0x00000258b077f518 sp=0x000000e213dfb370
Event: 0.920 Thread 0x00000258ad5493a0 DEOPT UNPACKING pc=0x00000258b7cd4242 sp=0x000000e213dfa830 mode 0
Event: 0.926 Thread 0x00000258ad5493a0 DEOPT PACKING pc=0x00000258b077f518 sp=0x000000e213dfb320
Event: 0.926 Thread 0x00000258ad5493a0 DEOPT UNPACKING pc=0x00000258b7cd4242 sp=0x000000e213dfa7e0 mode 0
Event: 0.927 Thread 0x00000258ad5493a0 DEOPT PACKING pc=0x00000258b077f518 sp=0x000000e213dfbcf0
Event: 0.928 Thread 0x00000258ad5493a0 DEOPT UNPACKING pc=0x00000258b7cd4242 sp=0x000000e213dfb1b0 mode 0
Event: 0.930 Thread 0x00000258ad5493a0 DEOPT PACKING pc=0x00000258b077f518 sp=0x000000e213dfc4a0
Event: 0.930 Thread 0x00000258ad5493a0 DEOPT UNPACKING pc=0x00000258b7cd4242 sp=0x000000e213dfb960 mode 0
Event: 0.933 Thread 0x00000258ad5493a0 DEOPT PACKING pc=0x00000258b077f43f sp=0x000000e213dfb090
Event: 0.933 Thread 0x00000258ad5493a0 DEOPT UNPACKING pc=0x00000258b7cd4242 sp=0x000000e213dfa540 mode 0
Event: 0.937 Thread 0x00000258ad5493a0 DEOPT PACKING pc=0x00000258b077f518 sp=0x000000e213dfb0d0
Event: 0.937 Thread 0x00000258ad5493a0 DEOPT UNPACKING pc=0x00000258b7cd4242 sp=0x000000e213dfa590 mode 0

Classes loaded (20 events):
Event: 0.989 Loading class java/security/spec/RSAPrivateKeySpec done
Event: 0.989 Loading class java/security/spec/RSAPrivateCrtKeySpec
Event: 0.989 Loading class java/security/spec/RSAPrivateCrtKeySpec done
Event: 0.989 Loading class java/security/spec/PKCS8EncodedKeySpec
Event: 0.989 Loading class java/security/spec/PKCS8EncodedKeySpec done
Event: 0.989 Loading class sun/security/rsa/RSAUtil$KeyType
Event: 0.990 Loading class sun/security/rsa/RSAUtil$KeyType done
Event: 0.990 Loading class java/security/spec/PSSParameterSpec
Event: 0.990 Loading class java/security/spec/AlgorithmParameterSpec
Event: 0.990 Loading class java/security/spec/AlgorithmParameterSpec done
Event: 0.990 Loading class java/security/spec/PSSParameterSpec done
Event: 0.990 Loading class sun/security/rsa/RSAPublicKeyImpl
Event: 0.990 Loading class java/security/interfaces/RSAPublicKey
Event: 0.990 Loading class java/security/interfaces/RSAKey
Event: 0.991 Loading class java/security/interfaces/RSAKey done
Event: 0.991 Loading class java/security/interfaces/RSAPublicKey done
Event: 0.991 Loading class sun/security/rsa/RSAPublicKeyImpl done
Event: 0.991 Loading class sun/security/rsa/RSAUtil
Event: 0.992 Loading class sun/security/rsa/RSAUtil done
Event: 0.992 Loading class sun/security/x509/CertificateExtensions

Classes unloaded (0 events):
No events

Classes redefined (0 events):
No events

Internal exceptions (12 events):
Event: 0.223 Thread 0x00000258ad5493a0 Exception <a 'java/lang/NoSuchMethodError'{0x00000000d57a9070}: 'void java.lang.invoke.DirectMethodHandle$Holder.invokeStatic(java.lang.Object, java.lang.Object, java.lang.Object)'> (0x00000000d57a9070) 
thrown [s\src\hotspot\share\interpreter\linkResolver.cpp, line 773]
Event: 0.369 Thread 0x00000258ad5493a0 Exception <a 'java/lang/NoSuchMethodError'{0x00000000d5911fa8}: 'java.lang.Object java.lang.invoke.Invokers$Holder.invokeExact_MT(java.lang.Object, java.lang.Object, java.lang.Object, java.lang.Object, java.lang.Object)'> (0x00000000d5911fa8) 
thrown [s\src\hotspot\share\interpreter\linkResolver.cpp, line 773]
Event: 0.456 Thread 0x00000258ad5493a0 Exception <a 'java/lang/NoSuchMethodError'{0x00000000d59ca478}: 'int java.lang.invoke.DirectMethodHandle$Holder.invokeSpecial(java.lang.Object, java.lang.Object, java.lang.Object, int)'> (0x00000000d59ca478) 
thrown [s\src\hotspot\share\interpreter\linkResolver.cpp, line 773]
Event: 0.466 Thread 0x00000258ad5493a0 Exception <a 'java/lang/NoSuchMethodError'{0x00000000d59dce60}: 'java.lang.Object java.lang.invoke.DirectMethodHandle$Holder.invokeStatic(java.lang.Object, java.lang.Object, java.lang.Object, java.lang.Object, int)'> (0x00000000d59dce60) 
thrown [s\src\hotspot\share\interpreter\linkResolver.cpp, line 773]
Event: 0.471 Thread 0x00000258ad5493a0 Exception <a 'java/lang/NoSuchMethodError'{0x00000000d59e82a0}: 'void java.lang.invoke.DelegatingMethodHandle$Holder.reinvoke_L(java.lang.Object, java.lang.Object, java.lang.Object, int, java.lang.Object)'> (0x00000000d59e82a0) 
thrown [s\src\hotspot\share\interpreter\linkResolver.cpp, line 773]
Event: 0.480 Thread 0x00000258ad5493a0 Exception <a 'java/lang/NoSuchMethodError'{0x00000000d59f8bf0}: 'int java.lang.invoke.DirectMethodHandle$Holder.invokeSpecial(java.lang.Object, java.lang.Object, java.lang.Object)'> (0x00000000d59f8bf0) 
thrown [s\src\hotspot\share\interpreter\linkResolver.cpp, line 773]
Event: 0.485 Thread 0x00000258ad5493a0 Exception <a 'java/lang/NoSuchMethodError'{0x00000000d5a048b0}: 'java.lang.Object java.lang.invoke.DirectMethodHandle$Holder.invokeStatic(java.lang.Object, java.lang.Object, int)'> (0x00000000d5a048b0) 
thrown [s\src\hotspot\share\interpreter\linkResolver.cpp, line 773]
Event: 0.488 Thread 0x00000258ad5493a0 Exception <a 'java/lang/NoSuchMethodError'{0x00000000d5a09200}: 'void java.lang.invoke.DirectMethodHandle$Holder.invokeStatic(java.lang.Object, java.lang.Object, int, java.lang.Object)'> (0x00000000d5a09200) 
thrown [s\src\hotspot\share\interpreter\linkResolver.cpp, line 773]
Event: 0.491 Thread 0x00000258ad5493a0 Exception <a 'java/lang/NoSuchMethodError'{0x00000000d5a0cd90}: 'void java.lang.invoke.DirectMethodHandle$Holder.invokeSpecial(java.lang.Object, java.lang.Object, java.lang.Object, int, java.lang.Object)'> (0x00000000d5a0cd90) 
thrown [s\src\hotspot\share\interpreter\linkResolver.cpp, line 773]
Event: 0.493 Thread 0x00000258ad5493a0 Exception <a 'java/lang/NoSuchMethodError'{0x00000000d5a10200}: 'void java.lang.invoke.DelegatingMethodHandle$Holder.delegate(java.lang.Object, java.lang.Object, int, java.lang.Object)'> (0x00000000d5a10200) 
thrown [s\src\hotspot\share\interpreter\linkResolver.cpp, line 773]
Event: 0.703 Thread 0x00000258ad5493a0 Exception <a 'java/lang/NoSuchMethodError'{0x00000000d5bd0d60}: 'void java.lang.invoke.DelegatingMethodHandle$Holder.reinvoke_L(java.lang.Object, java.lang.Object, java.lang.Object, int)'> (0x00000000d5bd0d60) 
thrown [s\src\hotspot\share\interpreter\linkResolver.cpp, line 773]
Event: 0.981 Thread 0x00000258ad5493a0 Exception <a 'java/lang/NoSuchMethodError'{0x00000000d6066730}: 'void java.lang.invoke.DirectMethodHandle$Holder.invokeVirtual(java.lang.Object, java.lang.Object)'> (0x00000000d6066730) 
thrown [s\src\hotspot\share\interpreter\linkResolver.cpp, line 773]

ZGC Phase Switch (0 events):
No events

VM Operations (2 events):
Event: 0.231 Executing non-safepoint VM operation: HandshakeAllThreads (Deoptimize)
Event: 0.231 Executing non-safepoint VM operation: HandshakeAllThreads (Deoptimize) done

Memory protections (0 events):
No events

Nmethod flushes (0 events):
No events

Events (11 events):
Event: 0.083 Thread 0x00000258ad5493a0 Thread added: 0x00000258ad5493a0
Event: 0.127 Thread 0x00000258ad5493a0 Thread added: 0x00000258ad4fddb0
Event: 0.127 Thread 0x00000258ad5493a0 Thread added: 0x000002590b0023a0
Event: 0.128 Thread 0x00000258ad5493a0 Thread added: 0x000002590b005de0
Event: 0.129 Thread 0x00000258ad5493a0 Thread added: 0x000002590b006a40
Event: 0.129 Thread 0x00000258ad5493a0 Thread added: 0x000002590b0076a0
Event: 0.129 Thread 0x00000258ad5493a0 Thread added: 0x000002590b0109f0
Event: 0.129 Thread 0x00000258ad5493a0 Thread added: 0x000002590b03e8f0
Event: 0.130 Thread 0x00000258ad5493a0 Thread added: 0x000002590b0468c0
Event: 0.301 Thread 0x00000258ad5493a0 Thread added: 0x000002590b21f570
Event: 0.895 Thread 0x00000258ad5493a0 Thread added: 0x000002590bc03510


Dynamic libraries:
0x00007ff616330000 - 0x00007ff61633e000 	c:\Users\nicol\.vscode\extensions\redhat.java-1.56.0-win32-x64\jre\21.0.12.1-win32-x86_64\bin\java.exe
0x00007ffa75980000 - 0x00007ffa75be7000 	C:\WINDOWS\SYSTEM32\ntdll.dll
0x00007ffa74720000 - 0x00007ffa747eb000 	C:\WINDOWS\System32\KERNEL32.DLL
0x00007ffa73040000 - 0x00007ffa73442000 	C:\WINDOWS\System32\KERNELBASE.dll
0x00007ffa73480000 - 0x00007ffa735cc000 	C:\WINDOWS\System32\ucrtbase.dll
0x00007ffa622d0000 - 0x00007ffa622e8000 	c:\Users\nicol\.vscode\extensions\redhat.java-1.56.0-win32-x64\jre\21.0.12.1-win32-x86_64\bin\jli.dll
0x00007ffa422f0000 - 0x00007ffa4230e000 	c:\Users\nicol\.vscode\extensions\redhat.java-1.56.0-win32-x64\jre\21.0.12.1-win32-x86_64\bin\VCRUNTIME140.dll
0x00007ffa744f0000 - 0x00007ffa746bf000 	C:\WINDOWS\System32\USER32.dll
0x00007ffa73450000 - 0x00007ffa73477000 	C:\WINDOWS\System32\win32u.dll
0x00007ffa73920000 - 0x00007ffa7394b000 	C:\WINDOWS\System32\GDI32.dll
0x00007ffa72e60000 - 0x00007ffa72f89000 	C:\WINDOWS\System32\gdi32full.dll
0x00007ffa72f90000 - 0x00007ffa73033000 	C:\WINDOWS\System32\msvcp_win.dll
0x00007ffa4c910000 - 0x00007ffa4cba0000 	C:\WINDOWS\WinSxS\amd64_microsoft.windows.common-controls_6595b64144ccf1df_6.0.26100.9278_none_3e0d1ba8e3303201\COMCTL32.dll
0x00007ffa75890000 - 0x00007ffa75939000 	C:\WINDOWS\System32\msvcrt.dll
0x00007ffa73710000 - 0x00007ffa73741000 	C:\WINDOWS\System32\IMM32.DLL
0x00007ffa6b060000 - 0x00007ffa6b06c000 	c:\Users\nicol\.vscode\extensions\redhat.java-1.56.0-win32-x64\jre\21.0.12.1-win32-x86_64\bin\vcruntime140_1.dll
0x00007ff9fdf80000 - 0x00007ff9fe00d000 	c:\Users\nicol\.vscode\extensions\redhat.java-1.56.0-win32-x64\jre\21.0.12.1-win32-x86_64\bin\msvcp140.dll
0x00007ff9567d0000 - 0x00007ff957572000 	c:\Users\nicol\.vscode\extensions\redhat.java-1.56.0-win32-x64\jre\21.0.12.1-win32-x86_64\bin\server\jvm.dll
0x00007ffa73850000 - 0x00007ffa7390c000 	C:\WINDOWS\System32\ADVAPI32.dll
0x00007ffa74b30000 - 0x00007ffa74bd9000 	C:\WINDOWS\System32\sechost.dll
0x00007ffa753e0000 - 0x00007ffa754f8000 	C:\WINDOWS\System32\RPCRT4.dll
0x00007ffa75330000 - 0x00007ffa753b0000 	C:\WINDOWS\System32\WS2_32.dll
0x00007ffa69790000 - 0x00007ffa6979b000 	C:\WINDOWS\SYSTEM32\VERSION.dll
0x00007ffa69750000 - 0x00007ffa69786000 	C:\WINDOWS\SYSTEM32\WINMM.dll
0x00007ffa72820000 - 0x00007ffa7287e000 	C:\WINDOWS\SYSTEM32\POWRPROF.dll
0x00007ffa72800000 - 0x00007ffa72815000 	C:\WINDOWS\SYSTEM32\UMPDC.dll
0x00007ffa71810000 - 0x00007ffa7182b000 	C:\WINDOWS\SYSTEM32\kernel.appcore.dll
0x00007ffa62f80000 - 0x00007ffa62f8a000 	c:\Users\nicol\.vscode\extensions\redhat.java-1.56.0-win32-x64\jre\21.0.12.1-win32-x86_64\bin\jimage.dll
0x00007ffa70330000 - 0x00007ffa7057c000 	C:\WINDOWS\SYSTEM32\DBGHELP.DLL
0x00007ffa75500000 - 0x00007ffa75885000 	C:\WINDOWS\System32\combase.dll
0x00007ffa74a50000 - 0x00007ffa74b29000 	C:\WINDOWS\System32\OLEAUT32.dll
0x00007ffa5c230000 - 0x00007ffa5c26b000 	C:\WINDOWS\SYSTEM32\dbgcore.DLL
0x00007ffa72c10000 - 0x00007ffa72cbc000 	C:\WINDOWS\System32\bcryptPrimitives.dll
0x00007ffa62820000 - 0x00007ffa6282f000 	c:\Users\nicol\.vscode\extensions\redhat.java-1.56.0-win32-x64\jre\21.0.12.1-win32-x86_64\bin\instrument.dll
0x00007ffa41ef0000 - 0x00007ffa41f10000 	c:\Users\nicol\.vscode\extensions\redhat.java-1.56.0-win32-x64\jre\21.0.12.1-win32-x86_64\bin\java.dll
0x00007ffa73bf0000 - 0x00007ffa74388000 	C:\WINDOWS\System32\SHELL32.dll
0x00007ffa705c0000 - 0x00007ffa70e6e000 	C:\WINDOWS\SYSTEM32\windows.storage.dll
0x00007ffa73750000 - 0x00007ffa7384b000 	C:\WINDOWS\System32\SHCORE.dll
0x00007ffa736a0000 - 0x00007ffa73706000 	C:\WINDOWS\System32\shlwapi.dll
0x00007ffa72aa0000 - 0x00007ffa72ac9000 	C:\WINDOWS\SYSTEM32\profapi.dll
0x00007ffa2e270000 - 0x00007ffa2e288000 	c:\Users\nicol\.vscode\extensions\redhat.java-1.56.0-win32-x64\jre\21.0.12.1-win32-x86_64\bin\zip.dll
0x00007ffa62740000 - 0x00007ffa62750000 	C:\Users\nicol\.vscode\extensions\redhat.java-1.56.0-win32-x64\jre\21.0.12.1-win32-x86_64\bin\net.dll
0x00007ffa6a1d0000 - 0x00007ffa6a2fa000 	C:\WINDOWS\SYSTEM32\WINHTTP.dll
0x00007ffa71db0000 - 0x00007ffa71e1c000 	C:\WINDOWS\system32\mswsock.dll
0x00007ffa41ba0000 - 0x00007ffa41bb6000 	C:\Users\nicol\.vscode\extensions\redhat.java-1.56.0-win32-x64\jre\21.0.12.1-win32-x86_64\bin\nio.dll
0x00007ffa62110000 - 0x00007ffa62120000 	c:\Users\nicol\.vscode\extensions\redhat.java-1.56.0-win32-x64\jre\21.0.12.1-win32-x86_64\bin\verify.dll

JVMTI agents:
c:\Users\nicol\.vscode\extensions\redhat.java-1.56.0-win32-x64\lombok\lombok-1.18.39-4050.jar path:c:\Users\nicol\.vscode\extensions\redhat.java-1.56.0-win32-x64\jre\21.0.12.1-win32-x86_64\bin\instrument.dll, loaded, initialized, instrumentlib options:none

dbghelp: loaded successfully - version: 4.0.5 - missing functions: none
symbol engine: initialized successfully - sym options: 0x614 - pdb path: .;c:\Users\nicol\.vscode\extensions\redhat.java-1.56.0-win32-x64\jre\21.0.12.1-win32-x86_64\bin;C:\WINDOWS\SYSTEM32;C:\WINDOWS\WinSxS\amd64_microsoft.windows.common-controls_6595b64144ccf1df_6.0.26100.9278_none_3e0d1ba8e3303201;c:\Users\nicol\.vscode\extensions\redhat.java-1.56.0-win32-x64\jre\21.0.12.1-win32-x86_64\bin\server

VM Arguments:
jvm_args: --add-modules=ALL-SYSTEM --add-opens=java.base/java.util=ALL-UNNAMED --add-opens=java.base/java.lang=ALL-UNNAMED --add-opens=java.base/sun.nio.fs=ALL-UNNAMED -Declipse.application=org.eclipse.jdt.ls.core.id1 -Dosgi.bundles.defaultStartLevel=4 -Declipse.product=org.eclipse.jdt.ls.core.product -Djava.import.generatesMetadataFilesAtProjectRoot=false -Dm2e.project.cache.size=50 -DDetectVMInstallationsJob.disabled=true -Dfile.encoding=utf8 -XX:+UseParallelGC -XX:GCTimeRatio=4 -XX:AdaptiveSizePolicyWeight=90 -Dsun.zip.disableMemoryMapping=true -Xmx2G -Xms100m -Xlog:disable -javaagent:c:\Users\nicol\.vscode\extensions\redhat.java-1.56.0-win32-x64\lombok\lombok-1.18.39-4050.jar 
java_command: c:\Users\nicol\.vscode\extensions\redhat.java-1.56.0-win32-x64\server\plugins\org.eclipse.equinox.launcher_1.8.0.v20260804-1928.jar -configuration c:\Users\nicol\AppData\Roaming\Code\User\globalStorage\redhat.java\1.56.0\config_ss_win -data c:\Users\nicol\AppData\Roaming\Code\User\workspaceStorage\b51f45c7fabee92b3e77ba02943ecedf\redhat.java\ss_ws --pipe=\\.\pipe\lsp-bbbeeb084d74461f24463a36d5e4831b-sock
java_class_path (initial): c:\Users\nicol\.vscode\extensions\redhat.java-1.56.0-win32-x64\server\plugins\org.eclipse.equinox.launcher_1.8.0.v20260804-1928.jar
Launcher Type: SUN_STANDARD

[Global flags]
    uintx AdaptiveSizePolicyWeight                 = 90                                        {product} {command line}
     intx CICompilerCount                          = 4                                         {product} {ergonomic}
    uintx GCTimeRatio                              = 4                                         {product} {command line}
   size_t InitialHeapSize                          = 104857600                                 {product} {command line}
   size_t MaxHeapSize                              = 2147483648                                {product} {command line}
   size_t MaxNewSize                               = 715653120                                 {product} {ergonomic}
   size_t MinHeapDeltaBytes                        = 524288                                    {product} {ergonomic}
   size_t MinHeapSize                              = 104857600                                 {product} {command line}
   size_t NewSize                                  = 34603008                                  {product} {ergonomic}
    uintx NonNMethodCodeHeapSize                   = 5839372                                {pd product} {ergonomic}
    uintx NonProfiledCodeHeapSize                  = 122909434                              {pd product} {ergonomic}
   size_t OldSize                                  = 70254592                                  {product} {ergonomic}
    uintx ProfiledCodeHeapSize                     = 122909434                              {pd product} {ergonomic}
    uintx ReservedCodeCacheSize                    = 251658240                              {pd product} {ergonomic}
     bool SegmentedCodeCache                       = true                                      {product} {ergonomic}
   size_t SoftMaxHeapSize                          = 2147483648                             {manageable} {ergonomic}
     bool UseCompressedOops                        = true                           {product lp64_product} {ergonomic}
     bool UseLargePagesIndividualAllocation        = false                                  {pd product} {ergonomic}
     bool UseParallelGC                            = true                                      {product} {command line}

Logging:
Log output configuration:
 #0: stdout all=off uptime,level,tags foldmultilines=false
 #1: stderr all=off uptime,level,tags foldmultilines=false

Release file:
<release file has not been read>
Environment Variables:
JAVA_HOME=C:\Program Files\Java\jdk-21.0.12.1
PATH=C:\Program Files\Common Files\Oracle\Java\javapath;C:\app\nicol\product\21c\dbhomeXE\bin;C:\WINDOWS\system32;C:\WINDOWS;C:\WINDOWS\System32\Wbem;C:\WINDOWS\System32\WindowsPowerShell\v1.0\;C:\WINDOWS\System32\OpenSSH\;C:\maven\bin;C:\Program Files\Git\cmd;C:\Program Files\Java\jdk-21\bin;C:\mingw32\bin;C:\Program Files\PuTTY\;C:\Users\nicol\AppData\Local\Programs\Python\Launcher\;C:\Users\nicol\AppData\Local\Microsoft\WindowsApps;C:\Users\nicol\AppData\Local\Programs\Microsoft VS Code\bin;;C:\Users\nicol\AppData\Local\Programs\DockerDesktop\resources\bin
USERNAME=nicol
OS=Windows_NT
PROCESSOR_IDENTIFIER=AMD64 Family 23 Model 104 Stepping 1, AuthenticAMD
TMP=C:\Users\nicol\AppData\Local\Temp
TEMP=C:\Users\nicol\AppData\Local\Temp




Periodic native trim disabled

---------------  S Y S T E M  ---------------

OS:
 Windows 11 , 64 bit Build 26100 (10.0.26100.9444)
OS uptime: 0 days 17:34 hours
Hyper-V role detected

CPU: total 12 (initial active 12) (12 cores per cpu, 2 threads per core) family 23 model 104 stepping 1 microcode 0x8608103, cx8, cmov, fxsr, ht, mmx, 3dnowpref, sse, sse2, sse3, ssse3, sse4a, sse4.1, sse4.2, popcnt, lzcnt, tsc, tscinvbit, avx, avx2, aes, clmul, bmi1, bmi2, adx, sha, fma, vzeroupper, clflush, clflushopt, hv, rdtscp, rdpid, f16c
Processor Information for processor 0
  Max Mhz: 2100, Current Mhz: 2100, Mhz Limit: 2100
Processor Information for processor 1
  Max Mhz: 2100, Current Mhz: 2100, Mhz Limit: 2100
Processor Information for processor 2
  Max Mhz: 2100, Current Mhz: 2100, Mhz Limit: 2100
Processor Information for processor 3
  Max Mhz: 2100, Current Mhz: 1813, Mhz Limit: 2100
Processor Information for processor 4
  Max Mhz: 2100, Current Mhz: 2100, Mhz Limit: 2100
Processor Information for processor 5
  Max Mhz: 2100, Current Mhz: 2100, Mhz Limit: 2100
Processor Information for processor 6
  Max Mhz: 2100, Current Mhz: 2100, Mhz Limit: 2100
Processor Information for processor 7
  Max Mhz: 2100, Current Mhz: 2100, Mhz Limit: 2100
Processor Information for processor 8
  Max Mhz: 2100, Current Mhz: 2100, Mhz Limit: 2100
Processor Information for processor 9
  Max Mhz: 2100, Current Mhz: 2100, Mhz Limit: 2100
Processor Information for processor 10
  Max Mhz: 2100, Current Mhz: 2100, Mhz Limit: 2100
Processor Information for processor 11
  Max Mhz: 2100, Current Mhz: 2100, Mhz Limit: 2100

Memory: 4k page, system-wide physical 5966M (119M free)
TotalPageFile size 24398M (AvailPageFile size 0M)
current process WorkingSet (physical memory assigned to process): 52M, peak: 52M
current process commit charge ("private bytes"): 231M, peak: 232M

vm_info: OpenJDK 64-Bit Server VM (21.0.12.1+1-LTS) for windows-amd64 JRE (21.0.12.1+1-LTS), built on 2026-08-18T00:00:00Z by "admin" with MS VC++ 17.12 (VS2022)

END.
