#
# There is insufficient memory for the Java Runtime Environment to continue.
# Native memory allocation (malloc) failed to allocate 693296 bytes. Error detail: Chunk::new
# Possible reasons:
#   The system is out of physical RAM or swap space
#   This process is running with CompressedOops enabled, and the Java Heap may be blocking the growth of the native heap
# Possible solutions:
#   Reduce memory load on the system
#   Increase physical memory or swap space
#   Check if swap backing store is full
#   Decrease Java heap size (-Xmx/-Xms)
#   Decrease number of Java threads
#   Decrease Java thread stack sizes (-Xss)
#   Set larger code cache with -XX:ReservedCodeCacheSize=
#   JVM is running with Unscaled Compressed Oops mode in which the Java heap is
#     placed in the first 4GB address space. The Java Heap base address is the
#     maximum limit for the native heap growth. Please use -XX:HeapBaseMinAddress
#     to set the Java Heap base and to place the Java Heap above 4GB virtual address.
# This output file may be truncated or incomplete.
#
#  Out of Memory Error (arena.cpp:168), pid=11688, tid=26836
#
# JRE version: OpenJDK Runtime Environment Temurin-21.0.12.1+1 (21.0.12.1+1) (build 21.0.12.1+1-LTS)
# Java VM: OpenJDK 64-Bit Server VM Temurin-21.0.12.1+1 (21.0.12.1+1-LTS, mixed mode, sharing, tiered, compressed oops, compressed class ptrs, parallel gc, windows-amd64)
# No core dump will be written. Minidumps are not enabled by default on client versions of Windows
#

---------------  S U M M A R Y ------------

Command Line: --add-modules=ALL-SYSTEM --add-opens=java.base/java.util=ALL-UNNAMED --add-opens=java.base/java.lang=ALL-UNNAMED --add-opens=java.base/sun.nio.fs=ALL-UNNAMED -Declipse.application=org.eclipse.jdt.ls.core.id1 -Dosgi.bundles.defaultStartLevel=4 -Declipse.product=org.eclipse.jdt.ls.core.product -Djava.import.generatesMetadataFilesAtProjectRoot=false -Dm2e.project.cache.size=50 -DDetectVMInstallationsJob.disabled=true -Dfile.encoding=utf8 -XX:+UseParallelGC -XX:GCTimeRatio=4 -XX:AdaptiveSizePolicyWeight=90 -Dsun.zip.disableMemoryMapping=true -Xmx2G -Xms100m -Xlog:disable -javaagent:c:\Users\nicol\.vscode\extensions\redhat.java-1.56.0-win32-x64\lombok\lombok-1.18.39-4050.jar -XX:+HeapDumpOnOutOfMemoryError -XX:HeapDumpPath=c:\Users\nicol\AppData\Roaming\Code\User\workspaceStorage\b51f45c7fabee92b3e77ba02943ecedf\redhat.java -Daether.dependencyCollector.impl=bf c:\Users\nicol\.vscode\extensions\redhat.java-1.56.0-win32-x64\server\plugins\org.eclipse.equinox.launcher_1.8.0.v20260804-1928.jar -configuration c:\Users\nicol\AppData\Roaming\Code\User\globalStorage\redhat.java\1.56.0\config_win -data c:\Users\nicol\AppData\Roaming\Code\User\workspaceStorage\b51f45c7fabee92b3e77ba02943ecedf\redhat.java\jdt_ws --stdio

Host: AMD Ryzen 5 5500U with Radeon Graphics         , 12 cores, 5G,  Windows 11 , 64 bit Build 26100 (10.0.26100.9444)
Time: Tue Sep 15 10:25:38 2026 Hora est. Pacífico, Sudamérica elapsed time: 29.210096 seconds (0d 0h 0m 29s)

---------------  T H R E A D  ---------------

Current thread (0x00000164e38fb790):  JavaThread "C2 CompilerThread0" daemon [_thread_in_native, id=26836, stack(0x000000466ca00000,0x000000466cb00000) (1024K)]


Current CompileTask:
C2:29210 11651 % !   4       org.eclipse.jdt.internal.compiler.classfmt.ClassFileReader::<init> @ 81 (1968 bytes)

Stack: [0x000000466ca00000,0x000000466cb00000]
Native frames: (J=compiled Java code, j=interpreted, Vv=VM code, C=native code)
V  [jvm.dll+0x6d83e9]
V  [jvm.dll+0x8b5736]
V  [jvm.dll+0x8b7cee]
V  [jvm.dll+0x8b83d3]
V  [jvm.dll+0x284596]
V  [jvm.dll+0xc685d]
V  [jvm.dll+0xc6da1]
V  [jvm.dll+0x2fb5ae]
V  [jvm.dll+0x5fee94]
V  [jvm.dll+0x255d67]
V  [jvm.dll+0x24e2ca]
V  [jvm.dll+0x24bbe6]
V  [jvm.dll+0x1cb4ae]
V  [jvm.dll+0x25baad]
V  [jvm.dll+0x25a03a]
V  [jvm.dll+0x3f8aae]
V  [jvm.dll+0x8600cd]
V  [jvm.dll+0x6d6c1d]
C  [ucrtbase.dll+0x2cd30]
C  [KERNEL32.DLL+0x2cd87]
C  [ntdll.dll+0xacaec]


---------------  P R O C E S S  ---------------

Threads class SMR info:
_java_thread_list=0x00000164eb7605d0, length=79, elements={
0x00000164cb0211a0, 0x00000164cafcda80, 0x00000164cafce940, 0x00000164e38eb990,
0x00000164e38ee210, 0x00000164e38ef690, 0x00000164e38f4d30, 0x00000164e38fb790,
0x00000164e39010c0, 0x00000164e3b2a230, 0x00000164e3c65750, 0x00000164e85f26f0,
0x00000164e886c4d0, 0x00000164e87d08c0, 0x00000164e8869190, 0x00000164e8e297d0,
0x00000164e8b00600, 0x00000164e8c85500, 0x00000164e8478710, 0x00000164e847b500,
0x00000164e8478da0, 0x00000164e8479430, 0x00000164e8478080, 0x00000164e8479ac0,
0x00000164e847a150, 0x00000164e847a7e0, 0x00000164e847ae70, 0x00000164ea3a0520,
0x00000164ea39f800, 0x00000164ea3a1240, 0x00000164ea39fe90, 0x00000164ea3a18d0,
0x00000164ea3a25f0, 0x00000164ea3a1f60, 0x00000164ea39f170, 0x00000164ea3a4d50,
0x00000164ea3a6100, 0x00000164ea3a46c0, 0x00000164ea3a53e0, 0x00000164ea3a5a70,
0x00000164ea3a2c80, 0x00000164ea3a6790, 0x00000164ea3a3310, 0x00000164ea3a39a0,
0x00000164ea3a4030, 0x00000164e9c9c8d0, 0x00000164e9c9f030, 0x00000164e9c9cf60,
0x00000164e9c9fd50, 0x00000164e9ca03e0, 0x00000164e9c9e9a0, 0x00000164e9c9e310,
0x00000164e9c9f6c0, 0x00000164e9ca0a70, 0x00000164e9c9d5f0, 0x00000164e9ca3ef0,
0x00000164e9ca1790, 0x00000164e9ca3860, 0x00000164e9ca2b40, 0x00000164e9ca1e20,
0x00000164e9ca24b0, 0x00000164eb986cc0, 0x00000164eb989420, 0x00000164eb987350,
0x00000164eb9879e0, 0x00000164eb988070, 0x00000164eb988700, 0x00000164eb988d90,
0x00000164f4a9ed10, 0x00000164f4a9f3a0, 0x00000164f4a9e680, 0x00000164f4a9fa30,
0x00000164f4aa00c0, 0x00000164f4aa1470, 0x00000164f4aa0750, 0x00000164f4aa0de0,
0x00000164f4a9dff0, 0x00000164f4aa4f80, 0x00000164f4aa2190
}

Java Threads: ( => current thread )
  0x00000164cb0211a0 JavaThread "main"                              [_thread_blocked, id=26000, stack(0x000000466c000000,0x000000466c100000) (1024K)]
  0x00000164cafcda80 JavaThread "Reference Handler"          daemon [_thread_blocked, id=13228, stack(0x000000466c400000,0x000000466c500000) (1024K)]
  0x00000164cafce940 JavaThread "Finalizer"                  daemon [_thread_blocked, id=25240, stack(0x000000466c500000,0x000000466c600000) (1024K)]
  0x00000164e38eb990 JavaThread "Signal Dispatcher"          daemon [_thread_blocked, id=8156, stack(0x000000466c600000,0x000000466c700000) (1024K)]
  0x00000164e38ee210 JavaThread "Attach Listener"            daemon [_thread_blocked, id=27332, stack(0x000000466c700000,0x000000466c800000) (1024K)]
  0x00000164e38ef690 JavaThread "Service Thread"             daemon [_thread_blocked, id=16972, stack(0x000000466c800000,0x000000466c900000) (1024K)]
  0x00000164e38f4d30 JavaThread "Monitor Deflation Thread"   daemon [_thread_blocked, id=17148, stack(0x000000466c900000,0x000000466ca00000) (1024K)]
=>0x00000164e38fb790 JavaThread "C2 CompilerThread0"         daemon [_thread_in_native, id=26836, stack(0x000000466ca00000,0x000000466cb00000) (1024K)]
  0x00000164e39010c0 JavaThread "C1 CompilerThread0"         daemon [_thread_blocked, id=22784, stack(0x000000466cb00000,0x000000466cc00000) (1024K)]
  0x00000164e3b2a230 JavaThread "Common-Cleaner"             daemon [_thread_blocked, id=16992, stack(0x000000466cd00000,0x000000466ce00000) (1024K)]
  0x00000164e3c65750 JavaThread "Notification Thread"        daemon [_thread_blocked, id=19776, stack(0x000000466ce00000,0x000000466cf00000) (1024K)]
  0x00000164e85f26f0 JavaThread "Active Thread: Equinox Container: 2fa4b737-f8da-4ad7-8d73-3e183e855ef6"        [_thread_blocked, id=26692, stack(0x000000466d500000,0x000000466d600000) (1024K)]
  0x00000164e886c4d0 JavaThread "Refresh Thread: Equinox Container: 2fa4b737-f8da-4ad7-8d73-3e183e855ef6" daemon [_thread_blocked, id=23236, stack(0x000000466d700000,0x000000466d800000) (1024K)]
  0x00000164e87d08c0 JavaThread "Framework Event Dispatcher: Equinox Container: 2fa4b737-f8da-4ad7-8d73-3e183e855ef6" daemon [_thread_blocked, id=20336, stack(0x000000466d800000,0x000000466d900000) (1024K)]
  0x00000164e8869190 JavaThread "Start Level: Equinox Container: 2fa4b737-f8da-4ad7-8d73-3e183e855ef6" daemon [_thread_blocked, id=27988, stack(0x000000466d900000,0x000000466da00000) (1024K)]
  0x00000164e8e297d0 JavaThread "Bundle File Closer"         daemon [_thread_blocked, id=25672, stack(0x000000466dc00000,0x000000466dd00000) (1024K)]
  0x00000164e8b00600 JavaThread "SCR Component Actor"        daemon [_thread_blocked, id=16672, stack(0x000000466cc00000,0x000000466cd00000) (1024K)]
  0x00000164e8c85500 JavaThread "Worker-JM"                         [_thread_blocked, id=27460, stack(0x000000466de00000,0x000000466df00000) (1024K)]
  0x00000164e8478710 JavaThread "JNA Cleaner"                daemon [_thread_blocked, id=7328, stack(0x000000466dd00000,0x000000466de00000) (1024K)]
  0x00000164e847b500 JavaThread "Worker-0"                          [_thread_blocked, id=3348, stack(0x000000466df00000,0x000000466e000000) (1024K)]
  0x00000164e8478da0 JavaThread "Worker-1"                          [_thread_blocked, id=13496, stack(0x000000466e000000,0x000000466e100000) (1024K)]
  0x00000164e8479430 JavaThread "Java indexing"              daemon [_thread_blocked, id=13556, stack(0x000000466e100000,0x000000466e200000) (1024K)]
  0x00000164e8478080 JavaThread "Worker-2"                          [_thread_blocked, id=10464, stack(0x000000466e500000,0x000000466e600000) (1024K)]
  0x00000164e8479ac0 JavaThread "Worker-3"                          [_thread_blocked, id=13124, stack(0x000000466e600000,0x000000466e700000) (1024K)]
  0x00000164e847a150 JavaThread "Worker-4: Send Classpath Notifications"        [_thread_in_native, id=24396, stack(0x000000466e700000,0x000000466e800000) (1024K)]
  0x00000164e847a7e0 JavaThread "pool-2-thread-1"                   [_thread_blocked, id=4120, stack(0x000000466e800000,0x000000466e900000) (1024K)]
  0x00000164e847ae70 JavaThread "WorkspaceEventsHandler"            [_thread_blocked, id=16816, stack(0x000000466e900000,0x000000466ea00000) (1024K)]
  0x00000164ea3a0520 JavaThread "pool-1-thread-1"                   [_thread_in_native, id=5700, stack(0x000000466ea00000,0x000000466eb00000) (1024K)]
  0x00000164ea39f800 JavaThread "LocalFile Deleter"          daemon [_thread_blocked, id=19304, stack(0x000000466eb00000,0x000000466ec00000) (1024K)]
  0x00000164ea3a1240 JavaThread "LocalFile Deleter"          daemon [_thread_blocked, id=17488, stack(0x000000466ec00000,0x000000466ed00000) (1024K)]
  0x00000164ea39fe90 JavaThread "LocalFile Deleter"          daemon [_thread_blocked, id=15164, stack(0x000000466ed00000,0x000000466ee00000) (1024K)]
  0x00000164ea3a18d0 JavaThread "LocalFile Deleter"          daemon [_thread_blocked, id=24712, stack(0x000000466ee00000,0x000000466ef00000) (1024K)]
  0x00000164ea3a25f0 JavaThread "LocalFile Deleter"          daemon [_thread_blocked, id=26052, stack(0x000000466ef00000,0x000000466f000000) (1024K)]
  0x00000164ea3a1f60 JavaThread "LocalFile Deleter"          daemon [_thread_blocked, id=28132, stack(0x000000466f000000,0x000000466f100000) (1024K)]
  0x00000164ea39f170 JavaThread "LocalFile Deleter"          daemon [_thread_blocked, id=28448, stack(0x000000466f100000,0x000000466f200000) (1024K)]
  0x00000164ea3a4d50 JavaThread "LocalFile Deleter"          daemon [_thread_blocked, id=18896, stack(0x000000466f200000,0x000000466f300000) (1024K)]
  0x00000164ea3a6100 JavaThread "LocalFile Deleter"          daemon [_thread_blocked, id=10680, stack(0x000000466f300000,0x000000466f400000) (1024K)]
  0x00000164ea3a46c0 JavaThread "LocalFile Deleter"          daemon [_thread_blocked, id=20268, stack(0x000000466f400000,0x000000466f500000) (1024K)]
  0x00000164ea3a53e0 JavaThread "LocalFile Deleter"          daemon [_thread_blocked, id=24380, stack(0x000000466f500000,0x000000466f600000) (1024K)]
  0x00000164ea3a5a70 JavaThread "LocalFile Deleter"          daemon [_thread_blocked, id=8276, stack(0x000000466f600000,0x000000466f700000) (1024K)]
  0x00000164ea3a2c80 JavaThread "Compiler Source File Reader" daemon [_thread_blocked, id=4996, stack(0x000000466f700000,0x000000466f800000) (1024K)]
  0x00000164ea3a6790 JavaThread "Compiler Source File Reader" daemon [_thread_blocked, id=27808, stack(0x000000466f800000,0x000000466f900000) (1024K)]
  0x00000164ea3a3310 JavaThread "Compiler Source File Reader" daemon [_thread_blocked, id=26884, stack(0x000000466f900000,0x000000466fa00000) (1024K)]
  0x00000164ea3a39a0 JavaThread "Compiler Source File Reader" daemon [_thread_blocked, id=17664, stack(0x000000466fa00000,0x000000466fb00000) (1024K)]
  0x00000164ea3a4030 JavaThread "Compiler Source File Reader" daemon [_thread_blocked, id=24888, stack(0x000000466fb00000,0x000000466fc00000) (1024K)]
  0x00000164e9c9c8d0 JavaThread "Compiler Source File Reader" daemon [_thread_blocked, id=13900, stack(0x000000466fc00000,0x000000466fd00000) (1024K)]
  0x00000164e9c9f030 JavaThread "Compiler Source File Reader" daemon [_thread_blocked, id=25256, stack(0x000000466fd00000,0x000000466fe00000) (1024K)]
  0x00000164e9c9cf60 JavaThread "Compiler Source File Reader" daemon [_thread_blocked, id=19492, stack(0x000000466fe00000,0x000000466ff00000) (1024K)]
  0x00000164e9c9fd50 JavaThread "Compiler Source File Reader" daemon [_thread_blocked, id=24240, stack(0x000000466ff00000,0x0000004670000000) (1024K)]
  0x00000164e9ca03e0 JavaThread "Compiler Source File Reader" daemon [_thread_blocked, id=25948, stack(0x0000004670000000,0x0000004670100000) (1024K)]
  0x00000164e9c9e9a0 JavaThread "Compiler Processing Task"   daemon [_thread_blocked, id=11532, stack(0x0000004670100000,0x0000004670200000) (1024K)]
  0x00000164e9c9e310 JavaThread "Compiler Class File Writer" daemon [_thread_blocked, id=10484, stack(0x0000004670200000,0x0000004670300000) (1024K)]
  0x00000164e9c9f6c0 JavaThread "Compiler Class File Writer" daemon [_thread_blocked, id=26748, stack(0x0000004670300000,0x0000004670400000) (1024K)]
  0x00000164e9ca0a70 JavaThread "Compiler Class File Writer" daemon [_thread_blocked, id=22548, stack(0x0000004670400000,0x0000004670500000) (1024K)]
  0x00000164e9c9d5f0 JavaThread "Compiler Class File Writer" daemon [_thread_blocked, id=26540, stack(0x0000004670500000,0x0000004670600000) (1024K)]
  0x00000164e9ca3ef0 JavaThread "Compiler Class File Writer" daemon [_thread_blocked, id=23212, stack(0x0000004670600000,0x0000004670700000) (1024K)]
  0x00000164e9ca1790 JavaThread "Compiler Class File Writer" daemon [_thread_blocked, id=22868, stack(0x0000004670700000,0x0000004670800000) (1024K)]
  0x00000164e9ca3860 JavaThread "Compiler Class File Writer" daemon [_thread_blocked, id=12576, stack(0x0000004670800000,0x0000004670900000) (1024K)]
  0x00000164e9ca2b40 JavaThread "Compiler Class File Writer" daemon [_thread_blocked, id=16948, stack(0x0000004670900000,0x0000004670a00000) (1024K)]
  0x00000164e9ca1e20 JavaThread "Compiler Class File Writer" daemon [_thread_blocked, id=20508, stack(0x0000004670a00000,0x0000004670b00000) (1024K)]
  0x00000164e9ca24b0 JavaThread "Compiler Class File Writer" daemon [_thread_blocked, id=23048, stack(0x0000004670b00000,0x0000004670c00000) (1024K)]
  0x00000164eb986cc0 JavaThread "ForkJoinPool.commonPool-worker-1" daemon [_thread_blocked, id=10284, stack(0x0000004670c00000,0x0000004670d00000) (1024K)]
  0x00000164eb989420 JavaThread "ForkJoinPool.commonPool-worker-2" daemon [_thread_blocked, id=1428, stack(0x0000004670d00000,0x0000004670e00000) (1024K)]
  0x00000164eb987350 JavaThread "ForkJoinPool.commonPool-worker-3" daemon [_thread_blocked, id=11440, stack(0x0000004670e00000,0x0000004670f00000) (1024K)]
  0x00000164eb9879e0 JavaThread "ForkJoinPool.commonPool-worker-4" daemon [_thread_blocked, id=14696, stack(0x0000004670f00000,0x0000004671000000) (1024K)]
  0x00000164eb988070 JavaThread "ForkJoinPool.commonPool-worker-5" daemon [_thread_blocked, id=5924, stack(0x0000004671000000,0x0000004671100000) (1024K)]
  0x00000164eb988700 JavaThread "ForkJoinPool.commonPool-worker-6" daemon [_thread_blocked, id=21828, stack(0x0000004671100000,0x0000004671200000) (1024K)]
  0x00000164eb988d90 JavaThread "ForkJoinPool.commonPool-worker-7" daemon [_thread_blocked, id=1572, stack(0x0000004671200000,0x0000004671300000) (1024K)]
  0x00000164f4a9ed10 JavaThread "PatternSearchJob-worker-1"  daemon [_thread_blocked, id=10352, stack(0x0000004671300000,0x0000004671400000) (1024K)]
  0x00000164f4a9f3a0 JavaThread "PatternSearchJob-worker-2"  daemon [_thread_blocked, id=12772, stack(0x0000004671400000,0x0000004671500000) (1024K)]
  0x00000164f4a9e680 JavaThread "PatternSearchJob-worker-3"  daemon [_thread_blocked, id=21112, stack(0x0000004671500000,0x0000004671600000) (1024K)]
  0x00000164f4a9fa30 JavaThread "PatternSearchJob-worker-4"  daemon [_thread_blocked, id=26240, stack(0x0000004671600000,0x0000004671700000) (1024K)]
  0x00000164f4aa00c0 JavaThread "PatternSearchJob-worker-5"  daemon [_thread_blocked, id=24792, stack(0x0000004671700000,0x0000004671800000) (1024K)]
  0x00000164f4aa1470 JavaThread "PatternSearchJob-worker-6"  daemon [_thread_blocked, id=14004, stack(0x0000004671800000,0x0000004671900000) (1024K)]
  0x00000164f4aa0750 JavaThread "PatternSearchJob-worker-7"  daemon [_thread_blocked, id=28456, stack(0x0000004671900000,0x0000004671a00000) (1024K)]
  0x00000164f4aa0de0 JavaThread "PatternSearchJob-worker-8"  daemon [_thread_blocked, id=28380, stack(0x0000004671a00000,0x0000004671b00000) (1024K)]
  0x00000164f4a9dff0 JavaThread "PatternSearchJob-worker-9"  daemon [_thread_blocked, id=22232, stack(0x0000004671b00000,0x0000004671c00000) (1024K)]
  0x00000164f4aa4f80 JavaThread "PatternSearchJob-worker-10" daemon [_thread_blocked, id=7456, stack(0x0000004671c00000,0x0000004671d00000) (1024K)]
  0x00000164f4aa2190 JavaThread "PatternSearchJob-worker-11" daemon [_thread_blocked, id=14028, stack(0x0000004671d00000,0x0000004671e00000) (1024K)]
Total: 79

Other Threads:
  0x00000164cb0de020 VMThread "VM Thread"                           [id=10852, stack(0x000000466c300000,0x000000466c400000) (1024K)]
  0x00000164caeaca00 WatcherThread "VM Periodic Task Thread"        [id=28036, stack(0x000000466c200000,0x000000466c300000) (1024K)]
  0x00000164cb040180 WorkerThread "GC Thread#0"                     [id=15664, stack(0x000000466c100000,0x000000466c200000) (1024K)]
  0x00000164e85b9a10 WorkerThread "GC Thread#1"                     [id=16376, stack(0x000000466cf00000,0x000000466d000000) (1024K)]
  0x00000164e83ff980 WorkerThread "GC Thread#2"                     [id=15248, stack(0x000000466d000000,0x000000466d100000) (1024K)]
  0x00000164e83ffd30 WorkerThread "GC Thread#3"                     [id=27312, stack(0x000000466d100000,0x000000466d200000) (1024K)]
  0x00000164e84000e0 WorkerThread "GC Thread#4"                     [id=26992, stack(0x000000466d200000,0x000000466d300000) (1024K)]
  0x00000164e8400490 WorkerThread "GC Thread#5"                     [id=336, stack(0x000000466d300000,0x000000466d400000) (1024K)]
  0x00000164e8400840 WorkerThread "GC Thread#6"                     [id=12836, stack(0x000000466d400000,0x000000466d500000) (1024K)]
  0x00000164e87d8be0 WorkerThread "GC Thread#7"                     [id=23956, stack(0x000000466d600000,0x000000466d700000) (1024K)]
  0x00000164e8cbd820 WorkerThread "GC Thread#8"                     [id=9968, stack(0x000000466da00000,0x000000466db00000) (1024K)]
  0x00000164e8b00da0 WorkerThread "GC Thread#9"                     [id=17104, stack(0x000000466db00000,0x000000466dc00000) (1024K)]
Total: 12

Threads with active compile tasks:
C2 CompilerThread0  29291 11651 % !   4       org.eclipse.jdt.internal.compiler.classfmt.ClassFileReader::<init> @ 81 (1968 bytes)
Total: 1

VM state: not at safepoint (normal execution)

VM Mutex/Monitor currently owned by a thread: None

Heap address: 0x0000000080000000, size: 2048 MB, Compressed Oops mode: 32-bit

CDS archive(s) mapped at: [0x0000016480000000-0x0000016480ba0000-0x0000016480ba0000), size 12189696, SharedBaseAddress: 0x0000016480000000, ArchiveRelocationMode: 1.
Compressed class space mapped at: 0x0000016481000000-0x00000164c1000000, reserved size: 1073741824
Narrow klass base: 0x0000016480000000, Narrow klass shift: 0, Narrow klass range: 0x100000000

GC Precious Log:
 CardTable entry size: 512
 CPUs: 12 total, 12 available
 Memory: 5966M
 Large Page Support: Disabled
 NUMA Support: Disabled
 Compressed Oops: Enabled (32-bit)
 Alignments: Space 512K, Generation 512K, Heap 2M
 Heap Min Capacity: 100M
 Heap Initial Capacity: 100M
 Heap Max Capacity: 2G
 Pre-touch: Disabled
 Parallel Workers: 10

Heap:
 PSYoungGen      total 19968K, used 15803K [0x00000000d5580000, 0x00000000d6d80000, 0x0000000100000000)
  eden space 18944K, 79% used [0x00000000d5580000,0x00000000d642eca8,0x00000000d6800000)
  from space 1024K, 75% used [0x00000000d6c80000,0x00000000d6d40000,0x00000000d6d80000)
  to   space 1024K, 0% used [0x00000000d6b80000,0x00000000d6b80000,0x00000000d6c80000)
 ParOldGen       total 88064K, used 87730K [0x0000000080000000, 0x0000000085600000, 0x00000000d5580000)
  object space 88064K, 99% used [0x0000000080000000,0x00000000855acb70,0x0000000085600000)
 Metaspace       used 67109K, committed 68736K, reserved 1114112K
  class space    used 7141K, committed 7808K, reserved 1048576K

Card table byte_map: [0x00000164ca9c0000,0x00000164cadd0000] _byte_map_base: 0x00000164ca5c0000

Marking Bits: (ParMarkBitMap*) 0x00007ff9574944a0
 Begin Bits: [0x00000164dd4d0000, 0x00000164df4d0000)
 End Bits:   [0x00000164df4d0000, 0x00000164e14d0000)

Polling page: 0x00000164c8e90000

Metaspace:

Usage:
  Non-class:     58.56 MB used.
      Class:      6.97 MB used.
       Both:     65.54 MB used.

Virtual space:
  Non-class space:       64.00 MB reserved,      59.50 MB ( 93%) committed,  1 nodes.
      Class space:        1.00 GB reserved,       7.62 MB ( <1%) committed,  1 nodes.
             Both:        1.06 GB reserved,      67.12 MB (  6%) committed. 

Chunk freelists:
   Non-Class:  3.97 MB
       Class:  8.20 MB
        Both:  12.17 MB

MaxMetaspaceSize: unlimited
CompressedClassSpaceSize: 1.00 GB
Initial GC threshold: 21.00 MB
Current GC threshold: 97.31 MB
CDS: on
 - commit_granule_bytes: 65536.
 - commit_granule_words: 8192.
 - virtual_space_node_default_size: 8388608.
 - enlarge_chunks_in_place: 1.
 - use_allocation_guard: 0.


Internal statistics:

num_allocs_failed_limit: 9.
num_arena_births: 1214.
num_arena_deaths: 18.
num_vsnodes_births: 2.
num_vsnodes_deaths: 0.
num_space_committed: 1074.
num_space_uncommitted: 0.
num_chunks_returned_to_freelist: 29.
num_chunks_taken_from_freelist: 4465.
num_chunk_merges: 16.
num_chunk_splits: 2708.
num_chunks_enlarged: 1494.
num_inconsistent_stats: 0.

CodeHeap 'non-profiled nmethods': size=120000Kb used=4811Kb max_used=4811Kb free=115188Kb
 bounds [0x00000164d5cf0000, 0x00000164d61b0000, 0x00000164dd220000]
CodeHeap 'profiled nmethods': size=120000Kb used=23292Kb max_used=23292Kb free=96707Kb
 bounds [0x00000164ce220000, 0x00000164cf8e0000, 0x00000164d5750000]
CodeHeap 'non-nmethods': size=5760Kb used=1438Kb max_used=1514Kb free=4322Kb
 bounds [0x00000164d5750000, 0x00000164d59c0000, 0x00000164d5cf0000]
CodeCache: size=245760Kb, used=29541Kb, max_used=29617Kb, free=216217Kb
 total_blobs=11811, nmethods=11054, adapters=663, full_count=0
Compilation: enabled, stopped_count=0, restarted_count=0

Compilation events (20 events):
Event: 28.957 Thread 0x00000164e38fb790 nmethod 11672 0x00000164d619cd10 code [0x00000164d619cec0, 0x00000164d619d368]
Event: 28.958 Thread 0x00000164e38fb790 11670 %     4       org.eclipse.jdt.core.compiler.CharOperation::splitOn @ 65 (150 bytes)
Event: 28.977 Thread 0x00000164e38fb790 nmethod 11670% 0x00000164d619d610 code [0x00000164d619d800, 0x00000164d619e4a8]
Event: 28.977 Thread 0x00000164e38fb790 11656 %     4       org.eclipse.core.runtime.Path::canonicalize @ 12 (62 bytes)
Event: 28.982 Thread 0x00000164e38fb790 nmethod 11656% 0x00000164d619e810 code [0x00000164d619e9e0, 0x00000164d619eeb0]
Event: 28.983 Thread 0x00000164e38fb790 11689       4       org.eclipse.jdt.internal.compiler.lookup.LookupEnvironment::getCachedType (122 bytes)
Event: 28.989 Thread 0x00000164e38fb790 nmethod 11689 0x00000164d619f110 code [0x00000164d619f300, 0x00000164d619f600]
Event: 28.989 Thread 0x00000164e38fb790 11686       4       org.eclipse.jdt.internal.compiler.lookup.SplitPackageBinding::getIncarnation (44 bytes)
Event: 29.007 Thread 0x00000164e38fb790 nmethod 11686 0x00000164d619f910 code [0x00000164d619fb20, 0x00000164d61a02f0]
Event: 29.007 Thread 0x00000164e38fb790 11722       4       org.eclipse.core.runtime.Path::computeHashCode (47 bytes)
Event: 29.013 Thread 0x00000164e38fb790 nmethod 11722 0x00000164d61a0890 code [0x00000164d61a0aa0, 0x00000164d61a1150]
Event: 29.013 Thread 0x00000164e38fb790 11649 %     4       org.eclipse.core.runtime.Path::toOSString @ 118 (224 bytes)
Event: 29.042 Thread 0x00000164e38fb790 nmethod 11649% 0x00000164d61a1410 code [0x00000164d61a1640, 0x00000164d61a2560]
Event: 29.042 Thread 0x00000164e38fb790 11651 % !   4       org.eclipse.jdt.internal.compiler.classfmt.ClassFileReader::<init> @ 81 (1968 bytes)
Event: 29.186 Thread 0x00000164e39010c0 11754       2       java.lang.invoke.MethodHandles::filterArgumentsWithCombiner (9 bytes)
Event: 29.187 Thread 0x00000164e39010c0 nmethod 11754 0x00000164cf8dc310 code [0x00000164cf8dc4c0, 0x00000164cf8dc5e0]
Event: 29.189 Thread 0x00000164e39010c0 11755       2       sun.util.calendar.BaseCalendar$Date::hit (14 bytes)
Event: 29.189 Thread 0x00000164e39010c0 nmethod 11755 0x00000164cf8dc690 code [0x00000164cf8dc820, 0x00000164cf8dc938]
Event: 29.199 Thread 0x00000164e39010c0 11756       2       java.lang.invoke.MethodHandles$Lookup::getDirectMethod (18 bytes)
Event: 29.199 Thread 0x00000164e39010c0 nmethod 11756 0x00000164cf8dca10 code [0x00000164cf8dcbc0, 0x00000164cf8dccf0]

GC Heap History (20 events):
Event: 21.142 GC heap before
{Heap before GC invocations=82 (full 3):
 PSYoungGen      total 19456K, used 19456K [0x00000000d5580000, 0x00000000d6a80000, 0x0000000100000000)
  eden space 18944K, 100% used [0x00000000d5580000,0x00000000d6800000,0x00000000d6800000)
  from space 512K, 100% used [0x00000000d6a00000,0x00000000d6a80000,0x00000000d6a80000)
  to   space 1024K, 0% used [0x00000000d6880000,0x00000000d6880000,0x00000000d6980000)
 ParOldGen       total 81408K, used 81357K [0x0000000080000000, 0x0000000084f80000, 0x00000000d5580000)
  object space 81408K, 99% used [0x0000000080000000,0x0000000084f73460,0x0000000084f80000)
 Metaspace       used 64390K, committed 65984K, reserved 1114112K
  class space    used 6886K, committed 7552K, reserved 1048576K
}
Event: 21.144 GC heap after
{Heap after GC invocations=82 (full 3):
 PSYoungGen      total 19968K, used 448K [0x00000000d5580000, 0x00000000d6a80000, 0x0000000100000000)
  eden space 18944K, 0% used [0x00000000d5580000,0x00000000d5580000,0x00000000d6800000)
  from space 1024K, 43% used [0x00000000d6880000,0x00000000d68f0000,0x00000000d6980000)
  to   space 1024K, 0% used [0x00000000d6980000,0x00000000d6980000,0x00000000d6a80000)
 ParOldGen       total 81920K, used 81663K [0x0000000080000000, 0x0000000085000000, 0x00000000d5580000)
  object space 81920K, 99% used [0x0000000080000000,0x0000000084fbfd60,0x0000000085000000)
 Metaspace       used 64390K, committed 65984K, reserved 1114112K
  class space    used 6886K, committed 7552K, reserved 1048576K
}
Event: 21.167 GC heap before
{Heap before GC invocations=83 (full 3):
 PSYoungGen      total 19968K, used 19392K [0x00000000d5580000, 0x00000000d6a80000, 0x0000000100000000)
  eden space 18944K, 100% used [0x00000000d5580000,0x00000000d6800000,0x00000000d6800000)
  from space 1024K, 43% used [0x00000000d6880000,0x00000000d68f0000,0x00000000d6980000)
  to   space 1024K, 0% used [0x00000000d6980000,0x00000000d6980000,0x00000000d6a80000)
 ParOldGen       total 81920K, used 81663K [0x0000000080000000, 0x0000000085000000, 0x00000000d5580000)
  object space 81920K, 99% used [0x0000000080000000,0x0000000084fbfd60,0x0000000085000000)
 Metaspace       used 64393K, committed 65984K, reserved 1114112K
  class space    used 6886K, committed 7552K, reserved 1048576K
}
Event: 21.169 GC heap after
{Heap after GC invocations=83 (full 3):
 PSYoungGen      total 19456K, used 352K [0x00000000d5580000, 0x00000000d6a00000, 0x0000000100000000)
  eden space 18944K, 0% used [0x00000000d5580000,0x00000000d5580000,0x00000000d6800000)
  from space 512K, 68% used [0x00000000d6980000,0x00000000d69d8000,0x00000000d6a00000)
  to   space 512K, 0% used [0x00000000d6900000,0x00000000d6900000,0x00000000d6980000)
 ParOldGen       total 82432K, used 81935K [0x0000000080000000, 0x0000000085080000, 0x00000000d5580000)
  object space 82432K, 99% used [0x0000000080000000,0x0000000085003d60,0x0000000085080000)
 Metaspace       used 64393K, committed 65984K, reserved 1114112K
  class space    used 6886K, committed 7552K, reserved 1048576K
}
Event: 21.195 GC heap before
{Heap before GC invocations=84 (full 3):
 PSYoungGen      total 19456K, used 19296K [0x00000000d5580000, 0x00000000d6a00000, 0x0000000100000000)
  eden space 18944K, 100% used [0x00000000d5580000,0x00000000d6800000,0x00000000d6800000)
  from space 512K, 68% used [0x00000000d6980000,0x00000000d69d8000,0x00000000d6a00000)
  to   space 512K, 0% used [0x00000000d6900000,0x00000000d6900000,0x00000000d6980000)
 ParOldGen       total 82432K, used 81935K [0x0000000080000000, 0x0000000085080000, 0x00000000d5580000)
  object space 82432K, 99% used [0x0000000080000000,0x0000000085003d60,0x0000000085080000)
 Metaspace       used 64399K, committed 65984K, reserved 1114112K
  class space    used 6886K, committed 7552K, reserved 1048576K
}
Event: 21.197 GC heap after
{Heap after GC invocations=84 (full 3):
 PSYoungGen      total 19456K, used 384K [0x00000000d5580000, 0x00000000d6a00000, 0x0000000100000000)
  eden space 18944K, 0% used [0x00000000d5580000,0x00000000d5580000,0x00000000d6800000)
  from space 512K, 75% used [0x00000000d6900000,0x00000000d6960000,0x00000000d6980000)
  to   space 512K, 0% used [0x00000000d6980000,0x00000000d6980000,0x00000000d6a00000)
 ParOldGen       total 82432K, used 82103K [0x0000000080000000, 0x0000000085080000, 0x00000000d5580000)
  object space 82432K, 99% used [0x0000000080000000,0x000000008502dd60,0x0000000085080000)
 Metaspace       used 64399K, committed 65984K, reserved 1114112K
  class space    used 6886K, committed 7552K, reserved 1048576K
}
Event: 21.220 GC heap before
{Heap before GC invocations=85 (full 3):
 PSYoungGen      total 19456K, used 19328K [0x00000000d5580000, 0x00000000d6a00000, 0x0000000100000000)
  eden space 18944K, 100% used [0x00000000d5580000,0x00000000d6800000,0x00000000d6800000)
  from space 512K, 75% used [0x00000000d6900000,0x00000000d6960000,0x00000000d6980000)
  to   space 512K, 0% used [0x00000000d6980000,0x00000000d6980000,0x00000000d6a00000)
 ParOldGen       total 82432K, used 82103K [0x0000000080000000, 0x0000000085080000, 0x00000000d5580000)
  object space 82432K, 99% used [0x0000000080000000,0x000000008502dd60,0x0000000085080000)
 Metaspace       used 64417K, committed 66048K, reserved 1114112K
  class space    used 6886K, committed 7552K, reserved 1048576K
}
Event: 21.222 GC heap after
{Heap after GC invocations=85 (full 3):
 PSYoungGen      total 19456K, used 448K [0x00000000d5580000, 0x00000000d6a00000, 0x0000000100000000)
  eden space 18944K, 0% used [0x00000000d5580000,0x00000000d5580000,0x00000000d6800000)
  from space 512K, 87% used [0x00000000d6980000,0x00000000d69f0000,0x00000000d6a00000)
  to   space 512K, 0% used [0x00000000d6900000,0x00000000d6900000,0x00000000d6980000)
 ParOldGen       total 82432K, used 82255K [0x0000000080000000, 0x0000000085080000, 0x00000000d5580000)
  object space 82432K, 99% used [0x0000000080000000,0x0000000085053d60,0x0000000085080000)
 Metaspace       used 64417K, committed 66048K, reserved 1114112K
  class space    used 6886K, committed 7552K, reserved 1048576K
}
Event: 21.249 GC heap before
{Heap before GC invocations=86 (full 3):
 PSYoungGen      total 19456K, used 19392K [0x00000000d5580000, 0x00000000d6a00000, 0x0000000100000000)
  eden space 18944K, 100% used [0x00000000d5580000,0x00000000d6800000,0x00000000d6800000)
  from space 512K, 87% used [0x00000000d6980000,0x00000000d69f0000,0x00000000d6a00000)
  to   space 512K, 0% used [0x00000000d6900000,0x00000000d6900000,0x00000000d6980000)
 ParOldGen       total 82432K, used 82255K [0x0000000080000000, 0x0000000085080000, 0x00000000d5580000)
  object space 82432K, 99% used [0x0000000080000000,0x0000000085053d60,0x0000000085080000)
 Metaspace       used 64431K, committed 66048K, reserved 1114112K
  class space    used 6887K, committed 7552K, reserved 1048576K
}
Event: 21.251 GC heap after
{Heap after GC invocations=86 (full 3):
 PSYoungGen      total 19456K, used 352K [0x00000000d5580000, 0x00000000d6a00000, 0x0000000100000000)
  eden space 18944K, 0% used [0x00000000d5580000,0x00000000d5580000,0x00000000d6800000)
  from space 512K, 68% used [0x00000000d6900000,0x00000000d6958000,0x00000000d6980000)
  to   space 512K, 0% used [0x00000000d6980000,0x00000000d6980000,0x00000000d6a00000)
 ParOldGen       total 82944K, used 82457K [0x0000000080000000, 0x0000000085100000, 0x00000000d5580000)
  object space 82944K, 99% used [0x0000000080000000,0x0000000085086660,0x0000000085100000)
 Metaspace       used 64431K, committed 66048K, reserved 1114112K
  class space    used 6887K, committed 7552K, reserved 1048576K
}
Event: 21.280 GC heap before
{Heap before GC invocations=87 (full 3):
 PSYoungGen      total 19456K, used 19296K [0x00000000d5580000, 0x00000000d6a00000, 0x0000000100000000)
  eden space 18944K, 100% used [0x00000000d5580000,0x00000000d6800000,0x00000000d6800000)
  from space 512K, 68% used [0x00000000d6900000,0x00000000d6958000,0x00000000d6980000)
  to   space 512K, 0% used [0x00000000d6980000,0x00000000d6980000,0x00000000d6a00000)
 ParOldGen       total 82944K, used 82457K [0x0000000080000000, 0x0000000085100000, 0x00000000d5580000)
  object space 82944K, 99% used [0x0000000080000000,0x0000000085086660,0x0000000085100000)
 Metaspace       used 64474K, committed 66048K, reserved 1114112K
  class space    used 6893K, committed 7552K, reserved 1048576K
}
Event: 21.282 GC heap after
{Heap after GC invocations=87 (full 3):
 PSYoungGen      total 19456K, used 320K [0x00000000d5580000, 0x00000000d6a00000, 0x0000000100000000)
  eden space 18944K, 0% used [0x00000000d5580000,0x00000000d5580000,0x00000000d6800000)
  from space 512K, 62% used [0x00000000d6980000,0x00000000d69d0000,0x00000000d6a00000)
  to   space 512K, 0% used [0x00000000d6900000,0x00000000d6900000,0x00000000d6980000)
 ParOldGen       total 82944K, used 82641K [0x0000000080000000, 0x0000000085100000, 0x00000000d5580000)
  object space 82944K, 99% used [0x0000000080000000,0x00000000850b4660,0x0000000085100000)
 Metaspace       used 64474K, committed 66048K, reserved 1114112K
  class space    used 6893K, committed 7552K, reserved 1048576K
}
Event: 21.430 GC heap before
{Heap before GC invocations=88 (full 3):
 PSYoungGen      total 19456K, used 19264K [0x00000000d5580000, 0x00000000d6a00000, 0x0000000100000000)
  eden space 18944K, 100% used [0x00000000d5580000,0x00000000d6800000,0x00000000d6800000)
  from space 512K, 62% used [0x00000000d6980000,0x00000000d69d0000,0x00000000d6a00000)
  to   space 512K, 0% used [0x00000000d6900000,0x00000000d6900000,0x00000000d6980000)
 ParOldGen       total 82944K, used 82641K [0x0000000080000000, 0x0000000085100000, 0x00000000d5580000)
  object space 82944K, 99% used [0x0000000080000000,0x00000000850b4660,0x0000000085100000)
 Metaspace       used 64726K, committed 66368K, reserved 1114112K
  class space    used 6927K, committed 7616K, reserved 1048576K
}
Event: 21.436 GC heap after
{Heap after GC invocations=88 (full 3):
 PSYoungGen      total 19456K, used 502K [0x00000000d5580000, 0x00000000d7300000, 0x0000000100000000)
  eden space 18944K, 0% used [0x00000000d5580000,0x00000000d5580000,0x00000000d6800000)
  from space 512K, 98% used [0x00000000d6900000,0x00000000d697db38,0x00000000d6980000)
  to   space 5632K, 0% used [0x00000000d6d80000,0x00000000d6d80000,0x00000000d7300000)
 ParOldGen       total 87040K, used 86690K [0x0000000080000000, 0x0000000085500000, 0x00000000d5580000)
  object space 87040K, 99% used [0x0000000080000000,0x00000000854a8be8,0x0000000085500000)
 Metaspace       used 64726K, committed 66368K, reserved 1114112K
  class space    used 6927K, committed 7616K, reserved 1048576K
}
Event: 21.553 GC heap before
{Heap before GC invocations=89 (full 3):
 PSYoungGen      total 19456K, used 19446K [0x00000000d5580000, 0x00000000d7300000, 0x0000000100000000)
  eden space 18944K, 100% used [0x00000000d5580000,0x00000000d6800000,0x00000000d6800000)
  from space 512K, 98% used [0x00000000d6900000,0x00000000d697db38,0x00000000d6980000)
  to   space 5632K, 0% used [0x00000000d6d80000,0x00000000d6d80000,0x00000000d7300000)
 ParOldGen       total 87040K, used 86690K [0x0000000080000000, 0x0000000085500000, 0x00000000d5580000)
  object space 87040K, 99% used [0x0000000080000000,0x00000000854a8be8,0x0000000085500000)
 Metaspace       used 64847K, committed 66496K, reserved 1114112K
  class space    used 6933K, committed 7616K, reserved 1048576K
}
Event: 21.560 GC heap after
{Heap after GC invocations=89 (full 3):
 PSYoungGen      total 21504K, used 2081K [0x00000000d5580000, 0x00000000d7000000, 0x0000000100000000)
  eden space 18944K, 0% used [0x00000000d5580000,0x00000000d5580000,0x00000000d6800000)
  from space 2560K, 81% used [0x00000000d6d80000,0x00000000d6f886d8,0x00000000d7000000)
  to   space 3072K, 0% used [0x00000000d6a00000,0x00000000d6a00000,0x00000000d6d00000)
 ParOldGen       total 87552K, used 87234K [0x0000000080000000, 0x0000000085580000, 0x00000000d5580000)
  object space 87552K, 99% used [0x0000000080000000,0x0000000085530b70,0x0000000085580000)
 Metaspace       used 64847K, committed 66496K, reserved 1114112K
  class space    used 6933K, committed 7616K, reserved 1048576K
}
Event: 21.654 GC heap before
{Heap before GC invocations=90 (full 3):
 PSYoungGen      total 21504K, used 21025K [0x00000000d5580000, 0x00000000d7000000, 0x0000000100000000)
  eden space 18944K, 100% used [0x00000000d5580000,0x00000000d6800000,0x00000000d6800000)
  from space 2560K, 81% used [0x00000000d6d80000,0x00000000d6f886d8,0x00000000d7000000)
  to   space 3072K, 0% used [0x00000000d6a00000,0x00000000d6a00000,0x00000000d6d00000)
 ParOldGen       total 87552K, used 87234K [0x0000000080000000, 0x0000000085580000, 0x00000000d5580000)
  object space 87552K, 99% used [0x0000000080000000,0x0000000085530b70,0x0000000085580000)
 Metaspace       used 65048K, committed 66688K, reserved 1114112K
  class space    used 6939K, committed 7616K, reserved 1048576K
}
Event: 21.660 GC heap after
{Heap after GC invocations=90 (full 3):
 PSYoungGen      total 19456K, used 512K [0x00000000d5580000, 0x00000000d6e00000, 0x0000000100000000)
  eden space 18944K, 0% used [0x00000000d5580000,0x00000000d5580000,0x00000000d6800000)
  from space 512K, 100% used [0x00000000d6a00000,0x00000000d6a80000,0x00000000d6a80000)
  to   space 1536K, 0% used [0x00000000d6c80000,0x00000000d6c80000,0x00000000d6e00000)
 ParOldGen       total 88064K, used 87666K [0x0000000080000000, 0x0000000085600000, 0x00000000d5580000)
  object space 88064K, 99% used [0x0000000080000000,0x000000008559cb70,0x0000000085600000)
 Metaspace       used 65048K, committed 66688K, reserved 1114112K
  class space    used 6939K, committed 7616K, reserved 1048576K
}
Event: 21.895 GC heap before
{Heap before GC invocations=91 (full 3):
 PSYoungGen      total 19456K, used 19456K [0x00000000d5580000, 0x00000000d6e00000, 0x0000000100000000)
  eden space 18944K, 100% used [0x00000000d5580000,0x00000000d6800000,0x00000000d6800000)
  from space 512K, 100% used [0x00000000d6a00000,0x00000000d6a80000,0x00000000d6a80000)
  to   space 1536K, 0% used [0x00000000d6c80000,0x00000000d6c80000,0x00000000d6e00000)
 ParOldGen       total 88064K, used 87666K [0x0000000080000000, 0x0000000085600000, 0x00000000d5580000)
  object space 88064K, 99% used [0x0000000080000000,0x000000008559cb70,0x0000000085600000)
 Metaspace       used 66500K, committed 68096K, reserved 1114112K
  class space    used 7079K, committed 7744K, reserved 1048576K
}
Event: 21.897 GC heap after
{Heap after GC invocations=91 (full 3):
 PSYoungGen      total 19968K, used 768K [0x00000000d5580000, 0x00000000d6d80000, 0x0000000100000000)
  eden space 18944K, 0% used [0x00000000d5580000,0x00000000d5580000,0x00000000d6800000)
  from space 1024K, 75% used [0x00000000d6c80000,0x00000000d6d40000,0x00000000d6d80000)
  to   space 1024K, 0% used [0x00000000d6b80000,0x00000000d6b80000,0x00000000d6c80000)
 ParOldGen       total 88064K, used 87730K [0x0000000080000000, 0x0000000085600000, 0x00000000d5580000)
  object space 88064K, 99% used [0x0000000080000000,0x00000000855acb70,0x0000000085600000)
 Metaspace       used 66500K, committed 68096K, reserved 1114112K
  class space    used 7079K, committed 7744K, reserved 1048576K
}

Dll operation events (20 events):
Event: 0.021 Attempting to load shared library c:\Users\nicol\.vscode\extensions\redhat.java-1.56.0-win32-x64\jre\21.0.12.1-win32-x86_64\bin\java.dll
Event: 0.022 Loaded shared library c:\Users\nicol\.vscode\extensions\redhat.java-1.56.0-win32-x64\jre\21.0.12.1-win32-x86_64\bin\java.dll
Event: 0.151 Attempting to load shared library c:\Users\nicol\.vscode\extensions\redhat.java-1.56.0-win32-x64\jre\21.0.12.1-win32-x86_64\bin\zip.dll
Event: 0.151 Loaded shared library c:\Users\nicol\.vscode\extensions\redhat.java-1.56.0-win32-x64\jre\21.0.12.1-win32-x86_64\bin\zip.dll
Event: 0.184 Attempting to load shared library C:\Users\nicol\.vscode\extensions\redhat.java-1.56.0-win32-x64\jre\21.0.12.1-win32-x86_64\bin\instrument.dll
Event: 0.184 Loaded shared library C:\Users\nicol\.vscode\extensions\redhat.java-1.56.0-win32-x64\jre\21.0.12.1-win32-x86_64\bin\instrument.dll
Event: 0.190 Attempting to load shared library C:\Users\nicol\.vscode\extensions\redhat.java-1.56.0-win32-x64\jre\21.0.12.1-win32-x86_64\bin\net.dll
Event: 0.192 Loaded shared library C:\Users\nicol\.vscode\extensions\redhat.java-1.56.0-win32-x64\jre\21.0.12.1-win32-x86_64\bin\net.dll
Event: 0.197 Attempting to load shared library C:\Users\nicol\.vscode\extensions\redhat.java-1.56.0-win32-x64\jre\21.0.12.1-win32-x86_64\bin\nio.dll
Event: 0.198 Loaded shared library C:\Users\nicol\.vscode\extensions\redhat.java-1.56.0-win32-x64\jre\21.0.12.1-win32-x86_64\bin\nio.dll
Event: 0.203 Attempting to load shared library C:\Users\nicol\.vscode\extensions\redhat.java-1.56.0-win32-x64\jre\21.0.12.1-win32-x86_64\bin\zip.dll
Event: 0.203 Loaded shared library C:\Users\nicol\.vscode\extensions\redhat.java-1.56.0-win32-x64\jre\21.0.12.1-win32-x86_64\bin\zip.dll
Event: 0.234 Attempting to load shared library C:\Users\nicol\.vscode\extensions\redhat.java-1.56.0-win32-x64\jre\21.0.12.1-win32-x86_64\bin\jimage.dll
Event: 0.234 Loaded shared library C:\Users\nicol\.vscode\extensions\redhat.java-1.56.0-win32-x64\jre\21.0.12.1-win32-x86_64\bin\jimage.dll
Event: 0.377 Attempting to load shared library c:\Users\nicol\.vscode\extensions\redhat.java-1.56.0-win32-x64\jre\21.0.12.1-win32-x86_64\bin\verify.dll
Event: 0.378 Loaded shared library c:\Users\nicol\.vscode\extensions\redhat.java-1.56.0-win32-x64\jre\21.0.12.1-win32-x86_64\bin\verify.dll
Event: 2.257 Attempting to load shared library C:\Users\nicol\AppData\Roaming\Code\User\globalStorage\redhat.java\1.56.0\config_win\org.eclipse.equinox.launcher\org.eclipse.equinox.launcher.win32.win32.x86_64_1.3.100.v20260804-1928\eclipse_11924.dll
Event: 2.261 Loaded shared library C:\Users\nicol\AppData\Roaming\Code\User\globalStorage\redhat.java\1.56.0\config_win\org.eclipse.equinox.launcher\org.eclipse.equinox.launcher.win32.win32.x86_64_1.3.100.v20260804-1928\eclipse_11924.dll
Event: 5.830 Attempting to load shared library C:\Users\nicol\AppData\Local\Temp\jna-104814053\jna9981987932024210681.dll
Event: 5.895 Loaded shared library C:\Users\nicol\AppData\Local\Temp\jna-104814053\jna9981987932024210681.dll

Deoptimization events (20 events):
Event: 21.975 Thread 0x00000164e847b500 DEOPT PACKING pc=0x00000164cef71eda sp=0x000000466dffdf90
Event: 21.975 Thread 0x00000164e847b500 DEOPT UNPACKING pc=0x00000164d57a4242 sp=0x000000466dffd408 mode 0
Event: 21.977 Thread 0x00000164e847b500 DEOPT PACKING pc=0x00000164cef71eda sp=0x000000466dffdf50
Event: 21.977 Thread 0x00000164e847b500 DEOPT UNPACKING pc=0x00000164d57a4242 sp=0x000000466dffd3c8 mode 0
Event: 21.978 Thread 0x00000164e847b500 DEOPT PACKING pc=0x00000164cef71eda sp=0x000000466dffdf50
Event: 21.978 Thread 0x00000164e847b500 DEOPT UNPACKING pc=0x00000164d57a4242 sp=0x000000466dffd3c8 mode 0
Event: 28.643 Thread 0x00000164eb987350 Uncommon trap: trap_request=0xffffffcc fr.pc=0x00000164d6172efc relative=0x000000000000013c
Event: 28.643 Thread 0x00000164eb987350 Uncommon trap: reason=intrinsic_or_type_checked_inlining action=make_not_entrant pc=0x00000164d6172efc method=java.util.ArrayList.toArray([Ljava/lang/Object;)[Ljava/lang/Object; @ 36 c2
Event: 28.643 Thread 0x00000164eb987350 DEOPT PACKING pc=0x00000164d6172efc sp=0x0000004670efe670
Event: 28.643 Thread 0x00000164eb987350 DEOPT UNPACKING pc=0x00000164d57a3aa2 sp=0x0000004670efe620 mode 2
Event: 28.745 Thread 0x00000164eb987350 Uncommon trap: trap_request=0xffffffdc fr.pc=0x00000164d6192468 relative=0x00000000000002a8
Event: 28.745 Thread 0x00000164eb987350 Uncommon trap: reason=class_check action=make_not_entrant pc=0x00000164d6192468 method=java.util.ArrayList.toArray([Ljava/lang/Object;)[Ljava/lang/Object; @ 21 c2
Event: 28.745 Thread 0x00000164eb987350 DEOPT PACKING pc=0x00000164d6192468 sp=0x0000004670efdfa0
Event: 28.745 Thread 0x00000164eb987350 DEOPT UNPACKING pc=0x00000164d57a3aa2 sp=0x0000004670efdf60 mode 2
Event: 28.812 Thread 0x00000164eb987350 Uncommon trap: trap_request=0xffffff76 fr.pc=0x00000164d6160a48 relative=0x000000000000c2a8
Event: 28.812 Thread 0x00000164eb987350 Uncommon trap: reason=predicate action=maybe_recompile pc=0x00000164d6160a48 method=org.eclipse.jdt.internal.compiler.lookup.BinaryTypeBinding.createMethod(Lorg/eclipse/jdt/internal/compiler/env/IBinaryMethod;Lorg/eclipse/jdt/internal/compiler/env/IBinary
Event: 28.812 Thread 0x00000164eb987350 DEOPT PACKING pc=0x00000164d6160a48 sp=0x0000004670efd740
Event: 28.812 Thread 0x00000164eb987350 DEOPT UNPACKING pc=0x00000164d57a3aa2 sp=0x0000004670efd720 mode 2
Event: 28.886 Thread 0x00000164eb987350 DEOPT PACKING pc=0x00000164cf7a8811 sp=0x0000004670efd910
Event: 28.886 Thread 0x00000164eb987350 DEOPT UNPACKING pc=0x00000164d57a4242 sp=0x0000004670efce28 mode 0

Classes loaded (20 events):
Event: 18.458 Loading class javax/xml/transform/TransformerConfigurationException
Event: 18.458 Loading class javax/xml/transform/TransformerConfigurationException done
Event: 18.649 Loading class jdk/internal/module/IllegalAccessLogger
Event: 18.649 Loading class jdk/internal/module/IllegalAccessLogger done
Event: 18.753 Loading class java/util/Hashtable$KeySet
Event: 18.753 Loading class java/util/Hashtable$KeySet done
Event: 18.882 Loading class java/lang/UnsupportedClassVersionError
Event: 18.882 Loading class java/lang/UnsupportedClassVersionError done
Event: 19.348 Loading class java/lang/invoke/MethodHandleImpl$CountingWrapper$1
Event: 19.349 Loading class java/lang/invoke/MethodHandleImpl$CountingWrapper$1 done
Event: 21.262 Loading class java/util/stream/ReduceOps$5
Event: 21.262 Loading class java/util/stream/ReduceOps$5 done
Event: 21.262 Loading class java/util/stream/ReduceOps$CountingSink$OfRef
Event: 21.265 Loading class java/util/stream/ReduceOps$CountingSink
Event: 21.266 Loading class java/util/stream/ReduceOps$CountingSink done
Event: 21.266 Loading class java/util/stream/ReduceOps$CountingSink$OfRef done
Event: 21.428 Loading class java/util/stream/ReduceOps$1
Event: 21.429 Loading class java/util/stream/ReduceOps$1 done
Event: 21.429 Loading class java/util/stream/ReduceOps$1ReducingSink
Event: 21.430 Loading class java/util/stream/ReduceOps$1ReducingSink done

Classes unloaded (9 events):
Event: 6.641 Thread 0x00000164cb0de020 Unloading class 0x00000164811aac00 'java/lang/invoke/LambdaForm$MH+0x00000164811aac00'
Event: 6.641 Thread 0x00000164cb0de020 Unloading class 0x00000164811aa800 'java/lang/invoke/LambdaForm$MH+0x00000164811aa800'
Event: 6.641 Thread 0x00000164cb0de020 Unloading class 0x00000164811aa400 'java/lang/invoke/LambdaForm$MH+0x00000164811aa400'
Event: 6.641 Thread 0x00000164cb0de020 Unloading class 0x00000164811aa000 'java/lang/invoke/LambdaForm$MH+0x00000164811aa000'
Event: 6.641 Thread 0x00000164cb0de020 Unloading class 0x00000164811a9c00 'java/lang/invoke/LambdaForm$BMH+0x00000164811a9c00'
Event: 6.641 Thread 0x00000164cb0de020 Unloading class 0x00000164811a9800 'java/lang/invoke/LambdaForm$DMH+0x00000164811a9800'
Event: 6.641 Thread 0x00000164cb0de020 Unloading class 0x00000164811a8400 'java/lang/invoke/LambdaForm$DMH+0x00000164811a8400'
Event: 16.084 Thread 0x00000164cb0de020 Unloading class 0x00000164816d1400 'java/lang/invoke/LambdaForm$DMH+0x00000164816d1400'
Event: 16.084 Thread 0x00000164cb0de020 Unloading class 0x00000164816d1800 'java/lang/invoke/LambdaForm$DMH+0x00000164816d1800'

Classes redefined (0 events):
No events

Internal exceptions (20 events):
Event: 20.097 Thread 0x00000164e8479ac0 Exception <a 'sun/nio/fs/WindowsException'{0x00000000d5879030}> (0x00000000d5879030) 
thrown [s\src\hotspot\share\prims\jni.cpp, line 520]
Event: 20.098 Thread 0x00000164e8479ac0 Exception <a 'sun/nio/fs/WindowsException'{0x00000000d5879690}> (0x00000000d5879690) 
thrown [s\src\hotspot\share\prims\jni.cpp, line 520]
Event: 20.726 Thread 0x00000164eb989420 Exception <a 'java/lang/IncompatibleClassChangeError'{0x00000000d6602528}: Found class java.lang.Object, but interface was expected> (0x00000000d6602528) 
thrown [s\src\hotspot\share\interpreter\linkResolver.cpp, line 840]
Event: 21.068 Thread 0x00000164e8479ac0 Implicit null exception at 0x00000164d5f1bb26 to 0x00000164d5f1c0c0
Event: 21.267 Thread 0x00000164e8479ac0 Exception <a 'sun/nio/fs/WindowsException'{0x00000000d5fd2b58}> (0x00000000d5fd2b58) 
thrown [s\src\hotspot\share\prims\jni.cpp, line 520]
Event: 21.268 Thread 0x00000164e8479ac0 Exception <a 'sun/nio/fs/WindowsException'{0x00000000d5fd31b8}> (0x00000000d5fd31b8) 
thrown [s\src\hotspot\share\prims\jni.cpp, line 520]
Event: 21.290 Thread 0x00000164e847b500 Exception <a 'java/lang/NullPointerException'{0x00000000d567f8a0}> (0x00000000d567f8a0) 
thrown [s\src\hotspot\share\interpreter\linkResolver.cpp, line 1372]
Event: 21.343 Thread 0x00000164e847b500 Exception <a 'java/lang/NullPointerException'{0x00000000d5afaae0}> (0x00000000d5afaae0) 
thrown [s\src\hotspot\share\interpreter\linkResolver.cpp, line 1372]
Event: 21.343 Thread 0x00000164e847b500 Exception <a 'java/lang/NullPointerException'{0x00000000d5afb048}> (0x00000000d5afb048) 
thrown [s\src\hotspot\share\interpreter\linkResolver.cpp, line 1372]
Event: 21.343 Thread 0x00000164e847b500 Exception <a 'java/lang/NullPointerException'{0x00000000d5afb4e0}> (0x00000000d5afb4e0) 
thrown [s\src\hotspot\share\interpreter\linkResolver.cpp, line 1372]
Event: 21.343 Thread 0x00000164e847b500 Exception <a 'java/lang/NullPointerException'{0x00000000d5afbd38}> (0x00000000d5afbd38) 
thrown [s\src\hotspot\share\interpreter\linkResolver.cpp, line 1372]
Event: 21.502 Thread 0x00000164e847b500 Exception <a 'java/lang/NullPointerException'{0x00000000d60fea08}> (0x00000000d60fea08) 
thrown [s\src\hotspot\share\interpreter\linkResolver.cpp, line 1372]
Event: 21.529 Thread 0x00000164e847b500 Exception <a 'java/lang/NullPointerException'{0x00000000d643f558}> (0x00000000d643f558) 
thrown [s\src\hotspot\share\interpreter\linkResolver.cpp, line 1372]
Event: 21.529 Thread 0x00000164e847b500 Exception <a 'java/lang/NullPointerException'{0x00000000d643faa8}> (0x00000000d643faa8) 
thrown [s\src\hotspot\share\interpreter\linkResolver.cpp, line 1372]
Event: 21.529 Thread 0x00000164e847b500 Exception <a 'java/lang/NullPointerException'{0x00000000d643fef8}> (0x00000000d643fef8) 
thrown [s\src\hotspot\share\interpreter\linkResolver.cpp, line 1372]
Event: 21.530 Thread 0x00000164e847b500 Exception <a 'java/lang/NullPointerException'{0x00000000d6440710}> (0x00000000d6440710) 
thrown [s\src\hotspot\share\interpreter\linkResolver.cpp, line 1372]
Event: 21.830 Thread 0x00000164eb989420 Exception <a 'java/lang/LinkageError'{0x00000000d623e0b8}: loader lombok.launch.ShadowClassLoader @1ba6816f attempted duplicate class definition for lombok.eclipse.EcjAugments. (lombok.eclipse.EcjAugments is in unnamed module of loader lombok.launch.ShadowClassLoader @1ba6816f, parent loader org.eclipse.osgi.internal.loader.EquinoxClassLoader @5d86e0d9)> (0x00000000d623e0b8) 
thrown [s\src\hotspot\share\classfile\systemDictionary.cpp, line 1673]
Event: 21.837 Thread 0x00000164eb987350 Exception <a 'java/lang/LinkageError'{0x00000000d62123d8}: loader lombok.launch.ShadowClassLoader @1ba6816f attempted duplicate class definition for lombok.eclipse.EcjAugments. (lombok.eclipse.EcjAugments is in unnamed module of loader lombok.launch.ShadowClassLoader @1ba6816f, parent loader org.eclipse.osgi.internal.loader.EquinoxClassLoader @5d86e0d9)> (0x00000000d62123d8) 
thrown [s\src\hotspot\share\classfile\systemDictionary.cpp, line 1673]
Event: 21.845 Thread 0x00000164eb988070 Exception <a 'java/lang/LinkageError'{0x00000000d61f3468}: loader lombok.launch.ShadowClassLoader @1ba6816f attempted duplicate class definition for lombok.eclipse.agent.PatchDiagnostics. (lombok.eclipse.agent.PatchDiagnostics is in unnamed module of loader lombok.launch.ShadowClassLoader @1ba6816f, parent loader org.eclipse.osgi.internal.loader.EquinoxClassLoader @5d86e0d9)> (0x00000000d61f3468) 
thrown [s\src\hotspot\share\classfile\systemDictionary.cpp, line 1673]
Event: 21.845 Thread 0x00000164eb989420 Exception <a 'java/lang/LinkageError'{0x00000000d6246f58}: loader lombok.launch.ShadowClassLoader @1ba6816f attempted duplicate class definition for lombok.eclipse.agent.PatchDiagnostics. (lombok.eclipse.agent.PatchDiagnostics is in unnamed module of loader lombok.launch.ShadowClassLoader @1ba6816f, parent loader org.eclipse.osgi.internal.loader.EquinoxClassLoader @5d86e0d9)> (0x00000000d6246f58) 
thrown [s\src\hotspot\share\classfile\systemDictionary.cpp, line 1673]

ZGC Phase Switch (0 events):
No events

VM Operations (20 events):
Event: 21.249 Executing safepoint VM operation: ParallelGCFailedAllocation (Allocation Failure)
Event: 21.251 Executing safepoint VM operation: ParallelGCFailedAllocation (Allocation Failure) done
Event: 21.280 Executing safepoint VM operation: ParallelGCFailedAllocation (Allocation Failure)
Event: 21.283 Executing safepoint VM operation: ParallelGCFailedAllocation (Allocation Failure) done
Event: 21.330 Executing non-safepoint VM operation: HandshakeAllThreads (Deoptimize)
Event: 21.330 Executing non-safepoint VM operation: HandshakeAllThreads (Deoptimize) done
Event: 21.430 Executing safepoint VM operation: ParallelGCFailedAllocation (Allocation Failure)
Event: 21.436 Executing safepoint VM operation: ParallelGCFailedAllocation (Allocation Failure) done
Event: 21.553 Executing safepoint VM operation: ParallelGCFailedAllocation (Allocation Failure)
Event: 21.560 Executing safepoint VM operation: ParallelGCFailedAllocation (Allocation Failure) done
Event: 21.651 Executing safepoint VM operation: ParallelGCFailedAllocation (Allocation Failure)
Event: 21.660 Executing safepoint VM operation: ParallelGCFailedAllocation (Allocation Failure) done
Event: 21.894 Executing safepoint VM operation: ParallelGCFailedAllocation (Allocation Failure)
Event: 21.897 Executing safepoint VM operation: ParallelGCFailedAllocation (Allocation Failure) done
Event: 22.897 Executing safepoint VM operation: Cleanup
Event: 22.897 Executing safepoint VM operation: Cleanup done
Event: 24.898 Executing safepoint VM operation: Cleanup
Event: 24.898 Executing safepoint VM operation: Cleanup done
Event: 28.902 Executing safepoint VM operation: Cleanup
Event: 28.902 Executing safepoint VM operation: Cleanup done

Memory protections (0 events):
No events

Nmethod flushes (20 events):
Event: 16.105 Thread 0x00000164cb0de020 flushing osr nmethod 0x00000164cea89090
Event: 16.105 Thread 0x00000164cb0de020 flushing  nmethod 0x00000164ceaf0310
Event: 16.105 Thread 0x00000164cb0de020 flushing  nmethod 0x00000164ceaf6f10
Event: 16.105 Thread 0x00000164cb0de020 flushing  nmethod 0x00000164ceb07d90
Event: 16.105 Thread 0x00000164cb0de020 flushing  nmethod 0x00000164ceb08290
Event: 16.105 Thread 0x00000164cb0de020 flushing  nmethod 0x00000164ceb13b10
Event: 16.105 Thread 0x00000164cb0de020 flushing  nmethod 0x00000164ceb1b610
Event: 16.105 Thread 0x00000164cb0de020 flushing  nmethod 0x00000164ceb1bf10
Event: 16.105 Thread 0x00000164cb0de020 flushing  nmethod 0x00000164ceb1c290
Event: 16.105 Thread 0x00000164cb0de020 flushing  nmethod 0x00000164ceb29a90
Event: 16.105 Thread 0x00000164cb0de020 flushing  nmethod 0x00000164ceb64f90
Event: 16.105 Thread 0x00000164cb0de020 flushing  nmethod 0x00000164ceb66190
Event: 16.105 Thread 0x00000164cb0de020 flushing  nmethod 0x00000164ceb67110
Event: 16.105 Thread 0x00000164cb0de020 flushing  nmethod 0x00000164ceb6f010
Event: 16.105 Thread 0x00000164cb0de020 flushing  nmethod 0x00000164ceb6fe90
Event: 16.105 Thread 0x00000164cb0de020 flushing  nmethod 0x00000164ceb70d90
Event: 16.105 Thread 0x00000164cb0de020 flushing  nmethod 0x00000164ceb71290
Event: 16.105 Thread 0x00000164cb0de020 flushing  nmethod 0x00000164ceb71890
Event: 16.105 Thread 0x00000164cb0de020 flushing  nmethod 0x00000164ceb71e10
Event: 16.105 Thread 0x00000164cb0de020 flushing  nmethod 0x00000164ceb77b10

Events (20 events):
Event: 17.493 Thread 0x00000164e8478da0 Thread added: 0x00000164e8a4e1d0
Event: 17.607 Thread 0x00000164e8a4e1d0 Thread exited: 0x00000164e8a4e1d0
Event: 17.661 Thread 0x00000164ea3a0520 Thread added: 0x00000164eb986cc0
Event: 18.021 Thread 0x00000164ea3a0520 Thread added: 0x00000164eb989420
Event: 18.387 Thread 0x00000164ea3a0520 Thread added: 0x00000164eb987350
Event: 18.390 Thread 0x00000164ea3a0520 Thread added: 0x00000164eb9879e0
Event: 18.393 Thread 0x00000164eb9879e0 Thread added: 0x00000164eb988070
Event: 18.398 Thread 0x00000164eb988070 Thread added: 0x00000164eb988700
Event: 18.446 Thread 0x00000164eb988700 Thread added: 0x00000164eb988d90
Event: 20.032 Thread 0x00000164e847a150 Thread added: 0x00000164f4a9ed10
Event: 20.033 Thread 0x00000164e847a150 Thread added: 0x00000164f4a9f3a0
Event: 20.036 Thread 0x00000164f4a9ed10 Thread added: 0x00000164f4a9e680
Event: 20.041 Thread 0x00000164f4a9f3a0 Thread added: 0x00000164f4a9fa30
Event: 20.052 Thread 0x00000164f4a9e680 Thread added: 0x00000164f4aa00c0
Event: 20.061 Thread 0x00000164f4aa00c0 Thread added: 0x00000164f4aa1470
Event: 20.064 Thread 0x00000164f4aa1470 Thread added: 0x00000164f4aa0750
Event: 20.073 Thread 0x00000164f4aa0750 Thread added: 0x00000164f4aa0de0
Event: 20.078 Thread 0x00000164f4aa0de0 Thread added: 0x00000164f4a9dff0
Event: 20.079 Thread 0x00000164f4a9fa30 Thread added: 0x00000164f4aa4f80
Event: 20.105 Thread 0x00000164f4aa4f80 Thread added: 0x00000164f4aa2190


Dynamic libraries:
0x00007ff788f40000 - 0x00007ff788f4e000 	c:\Users\nicol\.vscode\extensions\redhat.java-1.56.0-win32-x64\jre\21.0.12.1-win32-x86_64\bin\java.exe
0x00007ffa75980000 - 0x00007ffa75be7000 	C:\WINDOWS\SYSTEM32\ntdll.dll
0x00007ffa74720000 - 0x00007ffa747eb000 	C:\WINDOWS\System32\KERNEL32.DLL
0x00007ffa73040000 - 0x00007ffa73442000 	C:\WINDOWS\System32\KERNELBASE.dll
0x00007ffa73480000 - 0x00007ffa735cc000 	C:\WINDOWS\System32\ucrtbase.dll
0x00007ffa62880000 - 0x00007ffa6289e000 	c:\Users\nicol\.vscode\extensions\redhat.java-1.56.0-win32-x64\jre\21.0.12.1-win32-x86_64\bin\VCRUNTIME140.dll
0x00007ffa62fb0000 - 0x00007ffa62fc8000 	c:\Users\nicol\.vscode\extensions\redhat.java-1.56.0-win32-x64\jre\21.0.12.1-win32-x86_64\bin\jli.dll
0x00007ffa744f0000 - 0x00007ffa746bf000 	C:\WINDOWS\System32\USER32.dll
0x00007ffa73450000 - 0x00007ffa73477000 	C:\WINDOWS\System32\win32u.dll
0x00007ffa73920000 - 0x00007ffa7394b000 	C:\WINDOWS\System32\GDI32.dll
0x00007ffa4c910000 - 0x00007ffa4cba0000 	C:\WINDOWS\WinSxS\amd64_microsoft.windows.common-controls_6595b64144ccf1df_6.0.26100.9278_none_3e0d1ba8e3303201\COMCTL32.dll
0x00007ffa72e60000 - 0x00007ffa72f89000 	C:\WINDOWS\System32\gdi32full.dll
0x00007ffa72f90000 - 0x00007ffa73033000 	C:\WINDOWS\System32\msvcp_win.dll
0x00007ffa75890000 - 0x00007ffa75939000 	C:\WINDOWS\System32\msvcrt.dll
0x00007ffa73710000 - 0x00007ffa73741000 	C:\WINDOWS\System32\IMM32.DLL
0x00007ffa6b060000 - 0x00007ffa6b06c000 	c:\Users\nicol\.vscode\extensions\redhat.java-1.56.0-win32-x64\jre\21.0.12.1-win32-x86_64\bin\vcruntime140_1.dll
0x00007ffa42a40000 - 0x00007ffa42acd000 	c:\Users\nicol\.vscode\extensions\redhat.java-1.56.0-win32-x64\jre\21.0.12.1-win32-x86_64\bin\msvcp140.dll
0x00007ff9567d0000 - 0x00007ff957572000 	c:\Users\nicol\.vscode\extensions\redhat.java-1.56.0-win32-x64\jre\21.0.12.1-win32-x86_64\bin\server\jvm.dll
0x00007ffa73850000 - 0x00007ffa7390c000 	C:\WINDOWS\System32\ADVAPI32.dll
0x00007ffa74b30000 - 0x00007ffa74bd9000 	C:\WINDOWS\System32\sechost.dll
0x00007ffa753e0000 - 0x00007ffa754f8000 	C:\WINDOWS\System32\RPCRT4.dll
0x00007ffa75330000 - 0x00007ffa753b0000 	C:\WINDOWS\System32\WS2_32.dll
0x00007ffa69750000 - 0x00007ffa69786000 	C:\WINDOWS\SYSTEM32\WINMM.dll
0x00007ffa72820000 - 0x00007ffa7287e000 	C:\WINDOWS\SYSTEM32\POWRPROF.dll
0x00007ffa69790000 - 0x00007ffa6979b000 	C:\WINDOWS\SYSTEM32\VERSION.dll
0x00007ffa72800000 - 0x00007ffa72815000 	C:\WINDOWS\SYSTEM32\UMPDC.dll
0x00007ffa71810000 - 0x00007ffa7182b000 	C:\WINDOWS\SYSTEM32\kernel.appcore.dll
0x00007ffa62f80000 - 0x00007ffa62f8a000 	c:\Users\nicol\.vscode\extensions\redhat.java-1.56.0-win32-x64\jre\21.0.12.1-win32-x86_64\bin\jimage.dll
0x00007ffa70330000 - 0x00007ffa7057c000 	C:\WINDOWS\SYSTEM32\DBGHELP.DLL
0x00007ffa75500000 - 0x00007ffa75885000 	C:\WINDOWS\System32\combase.dll
0x00007ffa74a50000 - 0x00007ffa74b29000 	C:\WINDOWS\System32\OLEAUT32.dll
0x00007ffa5c230000 - 0x00007ffa5c26b000 	C:\WINDOWS\SYSTEM32\dbgcore.DLL
0x00007ffa72c10000 - 0x00007ffa72cbc000 	C:\WINDOWS\System32\bcryptPrimitives.dll
0x00007ffa62820000 - 0x00007ffa6282f000 	c:\Users\nicol\.vscode\extensions\redhat.java-1.56.0-win32-x64\jre\21.0.12.1-win32-x86_64\bin\instrument.dll
0x00007ffa62780000 - 0x00007ffa627a0000 	c:\Users\nicol\.vscode\extensions\redhat.java-1.56.0-win32-x64\jre\21.0.12.1-win32-x86_64\bin\java.dll
0x00007ffa73bf0000 - 0x00007ffa74388000 	C:\WINDOWS\System32\SHELL32.dll
0x00007ffa705c0000 - 0x00007ffa70e6e000 	C:\WINDOWS\SYSTEM32\windows.storage.dll
0x00007ffa73750000 - 0x00007ffa7384b000 	C:\WINDOWS\System32\SHCORE.dll
0x00007ffa736a0000 - 0x00007ffa73706000 	C:\WINDOWS\System32\shlwapi.dll
0x00007ffa72aa0000 - 0x00007ffa72ac9000 	C:\WINDOWS\SYSTEM32\profapi.dll
0x00007ffa62560000 - 0x00007ffa62578000 	c:\Users\nicol\.vscode\extensions\redhat.java-1.56.0-win32-x64\jre\21.0.12.1-win32-x86_64\bin\zip.dll
0x00007ffa62740000 - 0x00007ffa62750000 	C:\Users\nicol\.vscode\extensions\redhat.java-1.56.0-win32-x64\jre\21.0.12.1-win32-x86_64\bin\net.dll
0x00007ffa6a1d0000 - 0x00007ffa6a2fa000 	C:\WINDOWS\SYSTEM32\WINHTTP.dll
0x00007ffa71db0000 - 0x00007ffa71e1c000 	C:\WINDOWS\system32\mswsock.dll
0x00007ffa622d0000 - 0x00007ffa622e6000 	C:\Users\nicol\.vscode\extensions\redhat.java-1.56.0-win32-x64\jre\21.0.12.1-win32-x86_64\bin\nio.dll
0x00007ffa62110000 - 0x00007ffa62120000 	c:\Users\nicol\.vscode\extensions\redhat.java-1.56.0-win32-x64\jre\21.0.12.1-win32-x86_64\bin\verify.dll
0x00007ffa429f0000 - 0x00007ffa42a35000 	C:\Users\nicol\AppData\Roaming\Code\User\globalStorage\redhat.java\1.56.0\config_win\org.eclipse.equinox.launcher\org.eclipse.equinox.launcher.win32.win32.x86_64_1.3.100.v20260804-1928\eclipse_11924.dll
0x00007ffa747f0000 - 0x00007ffa7498a000 	C:\WINDOWS\System32\ole32.dll
0x00007ffa721d0000 - 0x00007ffa721eb000 	C:\WINDOWS\SYSTEM32\CRYPTSP.dll
0x00007ffa71770000 - 0x00007ffa717a9000 	C:\WINDOWS\system32\rsaenh.dll
0x00007ffa71e60000 - 0x00007ffa71e94000 	C:\WINDOWS\SYSTEM32\USERENV.dll
0x00007ffa72a70000 - 0x00007ffa72a9a000 	C:\WINDOWS\SYSTEM32\bcrypt.dll
0x00007ffa72010000 - 0x00007ffa7201c000 	C:\WINDOWS\SYSTEM32\CRYPTBASE.dll
0x00007ffa71210000 - 0x00007ffa71243000 	C:\WINDOWS\SYSTEM32\IPHLPAPI.DLL
0x00007ffa74be0000 - 0x00007ffa74bea000 	C:\WINDOWS\System32\NSI.dll
0x00007ffa429a0000 - 0x00007ffa429e9000 	C:\Users\nicol\AppData\Local\Temp\jna-104814053\jna9981987932024210681.dll
0x00007ffa74a20000 - 0x00007ffa74a28000 	C:\WINDOWS\System32\PSAPI.DLL
0x00007ffa6a7e0000 - 0x00007ffa6a7fd000 	C:\WINDOWS\SYSTEM32\dhcpcsvc6.DLL
0x00007ffa6a7b0000 - 0x00007ffa6a7d5000 	C:\WINDOWS\SYSTEM32\dhcpcsvc.DLL

JVMTI agents:
c:\Users\nicol\.vscode\extensions\redhat.java-1.56.0-win32-x64\lombok\lombok-1.18.39-4050.jar path:c:\Users\nicol\.vscode\extensions\redhat.java-1.56.0-win32-x64\jre\21.0.12.1-win32-x86_64\bin\instrument.dll, loaded, initialized, instrumentlib options:none

dbghelp: loaded successfully - version: 4.0.5 - missing functions: none
symbol engine: initialized successfully - sym options: 0x614 - pdb path: .;c:\Users\nicol\.vscode\extensions\redhat.java-1.56.0-win32-x64\jre\21.0.12.1-win32-x86_64\bin;C:\WINDOWS\SYSTEM32;C:\WINDOWS\WinSxS\amd64_microsoft.windows.common-controls_6595b64144ccf1df_6.0.26100.9278_none_3e0d1ba8e3303201;c:\Users\nicol\.vscode\extensions\redhat.java-1.56.0-win32-x64\jre\21.0.12.1-win32-x86_64\bin\server;C:\Users\nicol\AppData\Roaming\Code\User\globalStorage\redhat.java\1.56.0\config_win\org.eclipse.equinox.launcher\org.eclipse.equinox.launcher.win32.win32.x86_64_1.3.100.v20260804-1928;C:\Users\nicol\AppData\Local\Temp\jna-104814053

VM Arguments:
jvm_args: --add-modules=ALL-SYSTEM --add-opens=java.base/java.util=ALL-UNNAMED --add-opens=java.base/java.lang=ALL-UNNAMED --add-opens=java.base/sun.nio.fs=ALL-UNNAMED -Declipse.application=org.eclipse.jdt.ls.core.id1 -Dosgi.bundles.defaultStartLevel=4 -Declipse.product=org.eclipse.jdt.ls.core.product -Djava.import.generatesMetadataFilesAtProjectRoot=false -Dm2e.project.cache.size=50 -DDetectVMInstallationsJob.disabled=true -Dfile.encoding=utf8 -XX:+UseParallelGC -XX:GCTimeRatio=4 -XX:AdaptiveSizePolicyWeight=90 -Dsun.zip.disableMemoryMapping=true -Xmx2G -Xms100m -Xlog:disable -javaagent:c:\Users\nicol\.vscode\extensions\redhat.java-1.56.0-win32-x64\lombok\lombok-1.18.39-4050.jar -XX:+HeapDumpOnOutOfMemoryError -XX:HeapDumpPath=c:\Users\nicol\AppData\Roaming\Code\User\workspaceStorage\b51f45c7fabee92b3e77ba02943ecedf\redhat.java -Daether.dependencyCollector.impl=bf 
java_command: c:\Users\nicol\.vscode\extensions\redhat.java-1.56.0-win32-x64\server\plugins\org.eclipse.equinox.launcher_1.8.0.v20260804-1928.jar -configuration c:\Users\nicol\AppData\Roaming\Code\User\globalStorage\redhat.java\1.56.0\config_win -data c:\Users\nicol\AppData\Roaming\Code\User\workspaceStorage\b51f45c7fabee92b3e77ba02943ecedf\redhat.java\jdt_ws --stdio
java_class_path (initial): c:\Users\nicol\.vscode\extensions\redhat.java-1.56.0-win32-x64\server\plugins\org.eclipse.equinox.launcher_1.8.0.v20260804-1928.jar
Launcher Type: SUN_STANDARD

[Global flags]
    uintx AdaptiveSizePolicyWeight                 = 90                                        {product} {command line}
     intx CICompilerCount                          = 4                                         {product} {ergonomic}
    uintx GCTimeRatio                              = 4                                         {product} {command line}
     bool HeapDumpOnOutOfMemoryError               = true                                   {manageable} {command line}
    ccstr HeapDumpPath                             = c:\Users\nicol\AppData\Roaming\Code\User\workspaceStorage\b51f45c7fabee92b3e77ba02943ecedf\redhat.java         {manageable} {command line}
   size_t InitialHeapSize                          = 104857600                                 {product} {command line}
   size_t MaxHeapSize                              = 2147483648                                {product} {command line}
   size_t MaxNewSize                               = 715653120                                 {product} {ergonomic}
   size_t MinHeapDeltaBytes                        = 524288                                    {product} {ergonomic}
   size_t MinHeapSize                              = 104857600                                 {product} {command line}
   size_t NewSize                                  = 34603008                                  {product} {ergonomic}
    uintx NonNMethodCodeHeapSize                   = 5839372                                {pd product} {ergonomic}
    uintx NonProfiledCodeHeapSize                  = 122909434                              {pd product} {ergonomic}
   size_t OldSize                                  = 70254592                                  {product} {ergonomic}
    uintx ProfiledCodeHeapSize                     = 122909434                              {pd product} {ergonomic}
    uintx ReservedCodeCacheSize                    = 251658240                              {pd product} {ergonomic}
     bool SegmentedCodeCache                       = true                                      {product} {ergonomic}
   size_t SoftMaxHeapSize                          = 2147483648                             {manageable} {ergonomic}
     bool UseCompressedOops                        = true                           {product lp64_product} {ergonomic}
     bool UseLargePagesIndividualAllocation        = false                                  {pd product} {ergonomic}
     bool UseParallelGC                            = true                                      {product} {command line}

Logging:
Log output configuration:
 #0: stdout all=off uptime,level,tags foldmultilines=false
 #1: stderr all=off uptime,level,tags foldmultilines=false

Release file:
JAVA_VERSION="21.0.12.1" 
MODULES="java.base java.compiler java.datatransfer java.xml java.prefs java.desktop java.instrument java.logging java.management java.security.sasl java.naming java.rmi java.management.rmi java.net.http java.scripting java.security.jgss java.transaction.xa java.sql java.sql.rowset java.xml.crypto java.se java.smartcardio jdk.accessibility jdk.internal.jvmstat jdk.attach jdk.charsets jdk.internal.opt jdk.zipfs jdk.compiler jdk.crypto.ec jdk.crypto.cryptoki jdk.crypto.mscapi jdk.dynalink jdk.internal.ed jdk.editpad jdk.hotspot.agent jdk.httpserver jdk.internal.le jdk.internal.vm.ci jdk.internal.vm.compiler jdk.internal.vm.compiler.management jdk.jartool jdk.javadoc jdk.jcmd jdk.management jdk.management.agent jdk.jconsole jdk.jdeps jdk.jdwp.agent jdk.jdi jdk.jfr jdk.jshell jdk.jsobject jdk.jstatd jdk.localedata jdk.management.jfr jdk.naming.dns jdk.naming.rmi jdk.net jdk.nio.mapmode jdk.random jdk.sctp jdk.security.auth jdk.security.jgss jdk.unsupported jdk.unsupported.desktop jdk.xml.dom" 

Environment Variables:
JAVA_HOME=C:\Program Files\Java\jdk-21.0.12.1
PATH=C:\Program Files\Common Files\Oracle\Java\javapath;C:\app\nicol\product\21c\dbhomeXE\bin;C:\WINDOWS\system32;C:\WINDOWS;C:\WINDOWS\System32\Wbem;C:\WINDOWS\System32\WindowsPowerShell\v1.0\;C:\WINDOWS\System32\OpenSSH\;C:\maven\bin;C:\Program Files\Git\cmd;C:\Program Files\Java\jdk-21\bin;C:\mingw32\bin;C:\Program Files\PuTTY\;C:\Users\nicol\AppData\Local\Programs\Python\Launcher\;C:\Users\nicol\AppData\Local\Microsoft\WindowsApps;C:\Users\nicol\AppData\Local\Programs\Microsoft VS Code\bin;;C:\Users\nicol\AppData\Local\Programs\DockerDesktop\resources\bin
USERNAME=nicol
OS=Windows_NT
PROCESSOR_IDENTIFIER=AMD64 Family 23 Model 104 Stepping 1, AuthenticAMD
TMP=C:\Users\nicol\AppData\Local\Temp
TEMP=C:\Users\nicol\AppData\Local\Temp




Periodic native trim disabled

---------------  S Y S T E M  ---------------

OS:
 Windows 11 , 64 bit Build 26100 (10.0.26100.9444)
OS uptime: 0 days 17:37 hours
Hyper-V role detected

CPU: total 12 (initial active 12) (12 cores per cpu, 2 threads per core) family 23 model 104 stepping 1 microcode 0x8608103, cx8, cmov, fxsr, ht, mmx, 3dnowpref, sse, sse2, sse3, ssse3, sse4a, sse4.1, sse4.2, popcnt, lzcnt, tsc, tscinvbit, avx, avx2, aes, clmul, bmi1, bmi2, adx, sha, fma, vzeroupper, clflush, clflushopt, hv, rdtscp, rdpid, f16c
Processor Information for the first 12 processors :
  Max Mhz: 2100, Current Mhz: 2100, Mhz Limit: 2100

Memory: 4k page, system-wide physical 5966M (300M free)
TotalPageFile size 24398M (AvailPageFile size 0M)
current process WorkingSet (physical memory assigned to process): 297M, peak: 342M
current process commit charge ("private bytes"): 387M, peak: 422M

vm_info: OpenJDK 64-Bit Server VM (21.0.12.1+1-LTS) for windows-amd64 JRE (21.0.12.1+1-LTS), built on 2026-08-18T00:00:00Z by "admin" with MS VC++ 17.12 (VS2022)

END.
