#
# There is insufficient memory for the Java Runtime Environment to continue.
# Native memory allocation (malloc) failed to allocate 1615856 bytes. Error detail: Chunk::new
# Possible reasons:
#   The system is out of physical RAM or swap space
#   This process is running with CompressedOops enabled, and the Java Heap may be blocking the growth of the native heap
# Possible solutions:
#   Reduce memory load on the system
#   Increase physical memory or swap space
#   Check if swap backing store is full
#   Decrease Java heap size (-Xmx/-Xms)
#   Decrease number of Java threads
#   Decrease Java thread stack sizes (-Xss)
#   Set larger code cache with -XX:ReservedCodeCacheSize=
#   JVM is running with Unscaled Compressed Oops mode in which the Java heap is
#     placed in the first 4GB address space. The Java Heap base address is the
#     maximum limit for the native heap growth. Please use -XX:HeapBaseMinAddress
#     to set the Java Heap base and to place the Java Heap above 4GB virtual address.
# This output file may be truncated or incomplete.
#
#  Out of Memory Error (arena.cpp:168), pid=27368, tid=19748
#
# JRE version: OpenJDK Runtime Environment Temurin-21.0.12.1+1 (21.0.12.1+1) (build 21.0.12.1+1-LTS)
# Java VM: OpenJDK 64-Bit Server VM Temurin-21.0.12.1+1 (21.0.12.1+1-LTS, mixed mode, sharing, tiered, compressed oops, compressed class ptrs, parallel gc, windows-amd64)
# No core dump will be written. Minidumps are not enabled by default on client versions of Windows
#

---------------  S U M M A R Y ------------

Command Line: --add-modules=ALL-SYSTEM --add-opens=java.base/java.util=ALL-UNNAMED --add-opens=java.base/java.lang=ALL-UNNAMED --add-opens=java.base/sun.nio.fs=ALL-UNNAMED -Declipse.application=org.eclipse.jdt.ls.core.id1 -Dosgi.bundles.defaultStartLevel=4 -Declipse.product=org.eclipse.jdt.ls.core.product -Djava.import.generatesMetadataFilesAtProjectRoot=false -Dm2e.project.cache.size=50 -DDetectVMInstallationsJob.disabled=true -Dfile.encoding=utf8 -XX:+UseParallelGC -XX:GCTimeRatio=4 -XX:AdaptiveSizePolicyWeight=90 -Dsun.zip.disableMemoryMapping=true -Xmx2G -Xms100m -Xlog:disable -javaagent:c:\Users\nicol\.vscode\extensions\redhat.java-1.56.0-win32-x64\lombok\lombok-1.18.39-4050.jar -XX:+HeapDumpOnOutOfMemoryError -XX:HeapDumpPath=c:\Users\nicol\AppData\Roaming\Code\User\workspaceStorage\b51f45c7fabee92b3e77ba02943ecedf\redhat.java -Daether.dependencyCollector.impl=bf c:\Users\nicol\.vscode\extensions\redhat.java-1.56.0-win32-x64\server\plugins\org.eclipse.equinox.launcher_1.8.0.v20260804-1928.jar -configuration c:\Users\nicol\AppData\Roaming\Code\User\globalStorage\redhat.java\1.56.0\config_win -data c:\Users\nicol\AppData\Roaming\Code\User\workspaceStorage\b51f45c7fabee92b3e77ba02943ecedf\redhat.java\jdt_ws --stdio

Host: AMD Ryzen 5 5500U with Radeon Graphics         , 12 cores, 5G,  Windows 11 , 64 bit Build 26100 (10.0.26100.9444)
Time: Tue Sep 15 10:24:49 2026 Hora est. Pacífico, Sudamérica elapsed time: 19.359655 seconds (0d 0h 0m 19s)

---------------  T H R E A D  ---------------

Current thread (0x000002117047a1a0):  JavaThread "C2 CompilerThread0" daemon [_thread_in_native, id=19748, stack(0x0000006e55b00000,0x0000006e55c00000) (1024K)]


Current CompileTask:
C2:19359 10970   !   4       org.codehaus.plexus.interpolation.StringSearchInterpolator::interpolate (692 bytes)

Stack: [0x0000006e55b00000,0x0000006e55c00000]
Native frames: (J=compiled Java code, j=interpreted, Vv=VM code, C=native code)
V  [jvm.dll+0x6d83e9]
V  [jvm.dll+0x8b5736]
V  [jvm.dll+0x8b7cee]
V  [jvm.dll+0x8b83d3]
V  [jvm.dll+0x284596]
V  [jvm.dll+0xc685d]
V  [jvm.dll+0xc6da1]
V  [jvm.dll+0x3bf151]
V  [jvm.dll+0x38b6d2]
V  [jvm.dll+0x38ab1a]
V  [jvm.dll+0x24c700]
V  [jvm.dll+0x24bce0]
V  [jvm.dll+0x1cb4ae]
V  [jvm.dll+0x25baad]
V  [jvm.dll+0x25a03a]
V  [jvm.dll+0x3f8aae]
V  [jvm.dll+0x8600cd]
V  [jvm.dll+0x6d6c1d]
C  [ucrtbase.dll+0x2cd30]
C  [KERNEL32.DLL+0x2cd87]
C  [ntdll.dll+0xacaec]


---------------  P R O C E S S  ---------------

Threads class SMR info:
_java_thread_list=0x00000211786cf130, length=52, elements={
0x0000021116b0b980, 0x0000021170460080, 0x0000021170461ad0, 0x0000021170467050,
0x0000021170468060, 0x000002117046d090, 0x0000021170472010, 0x000002117047a1a0,
0x0000021170480880, 0x0000021170673a10, 0x00000211707ea6c0, 0x0000021175727420,
0x0000021175540720, 0x0000021175378650, 0x0000021175379490, 0x0000021175fe2250,
0x000002117609ad20, 0x0000021175fe10c0, 0x0000021175c4ab10, 0x0000021175c4d900,
0x0000021175c4b830, 0x0000021175c4cbe0, 0x0000021175c4c550, 0x0000021175c4df90,
0x0000021175c4bec0, 0x0000021175c4b1a0, 0x0000021177709c60, 0x0000021177707b90,
0x00000211777095d0, 0x00000211777088b0, 0x0000021177708220, 0x0000021177707500,
0x000002117770c3c0, 0x000002117770b010, 0x000002117770b6a0, 0x0000021177708f40,
0x000002117770bd30, 0x000002117770ca50, 0x000002117770d0e0, 0x000002117770de00,
0x000002117770d770, 0x000002117770e490, 0x0000021178222640, 0x0000021178222cd0,
0x000002117821f850, 0x000002117821fee0, 0x0000021178223360, 0x00000211782239f0,
0x0000021178221fb0, 0x0000021178220570, 0x0000021178224080, 0x0000021178220c00
}

Java Threads: ( => current thread )
  0x0000021116b0b980 JavaThread "main"                              [_thread_blocked, id=6856, stack(0x0000006e55100000,0x0000006e55200000) (1024K)]
  0x0000021170460080 JavaThread "Reference Handler"          daemon [_thread_blocked, id=16408, stack(0x0000006e55500000,0x0000006e55600000) (1024K)]
  0x0000021170461ad0 JavaThread "Finalizer"                  daemon [_thread_blocked, id=23588, stack(0x0000006e55600000,0x0000006e55700000) (1024K)]
  0x0000021170467050 JavaThread "Signal Dispatcher"          daemon [_thread_blocked, id=24636, stack(0x0000006e55700000,0x0000006e55800000) (1024K)]
  0x0000021170468060 JavaThread "Attach Listener"            daemon [_thread_blocked, id=19888, stack(0x0000006e55800000,0x0000006e55900000) (1024K)]
  0x000002117046d090 JavaThread "Service Thread"             daemon [_thread_blocked, id=12464, stack(0x0000006e55900000,0x0000006e55a00000) (1024K)]
  0x0000021170472010 JavaThread "Monitor Deflation Thread"   daemon [_thread_blocked, id=26856, stack(0x0000006e55a00000,0x0000006e55b00000) (1024K)]
=>0x000002117047a1a0 JavaThread "C2 CompilerThread0"         daemon [_thread_in_native, id=19748, stack(0x0000006e55b00000,0x0000006e55c00000) (1024K)]
  0x0000021170480880 JavaThread "C1 CompilerThread0"         daemon [_thread_blocked, id=20028, stack(0x0000006e55c00000,0x0000006e55d00000) (1024K)]
  0x0000021170673a10 JavaThread "Common-Cleaner"             daemon [_thread_blocked, id=21084, stack(0x0000006e55d00000,0x0000006e55e00000) (1024K)]
  0x00000211707ea6c0 JavaThread "Notification Thread"        daemon [_thread_blocked, id=14156, stack(0x0000006e55e00000,0x0000006e55f00000) (1024K)]
  0x0000021175727420 JavaThread "Active Thread: Equinox Container: a08c4616-7edc-4f36-bf42-082b000af766"        [_thread_blocked, id=28340, stack(0x0000006e56500000,0x0000006e56600000) (1024K)]
  0x0000021175540720 JavaThread "Refresh Thread: Equinox Container: a08c4616-7edc-4f36-bf42-082b000af766" daemon [_thread_blocked, id=21804, stack(0x0000006e56700000,0x0000006e56800000) (1024K)]
  0x0000021175378650 JavaThread "Framework Event Dispatcher: Equinox Container: a08c4616-7edc-4f36-bf42-082b000af766" daemon [_thread_blocked, id=5020, stack(0x0000006e56800000,0x0000006e56900000) (1024K)]
  0x0000021175379490 JavaThread "Start Level: Equinox Container: a08c4616-7edc-4f36-bf42-082b000af766" daemon [_thread_blocked, id=14968, stack(0x0000006e56900000,0x0000006e56a00000) (1024K)]
  0x0000021175fe2250 JavaThread "Bundle File Closer"         daemon [_thread_blocked, id=19152, stack(0x0000006e56c00000,0x0000006e56d00000) (1024K)]
  0x000002117609ad20 JavaThread "SCR Component Actor"        daemon [_thread_blocked, id=14544, stack(0x0000006e56d00000,0x0000006e56e00000) (1024K)]
  0x0000021175fe10c0 JavaThread "Worker-JM"                         [_thread_blocked, id=1640, stack(0x0000006e56e00000,0x0000006e56f00000) (1024K)]
  0x0000021175c4ab10 JavaThread "JNA Cleaner"                daemon [_thread_blocked, id=12336, stack(0x0000006e56f00000,0x0000006e57000000) (1024K)]
  0x0000021175c4d900 JavaThread "Worker-0"                          [_thread_blocked, id=19244, stack(0x0000006e57000000,0x0000006e57100000) (1024K)]
  0x0000021175c4b830 JavaThread "Worker-1"                          [_thread_blocked, id=5540, stack(0x0000006e57100000,0x0000006e57200000) (1024K)]
  0x0000021175c4cbe0 JavaThread "Java indexing"              daemon [_thread_blocked, id=15912, stack(0x0000006e57200000,0x0000006e57300000) (1024K)]
  0x0000021175c4c550 JavaThread "Worker-2"                          [_thread_blocked, id=25624, stack(0x0000006e57600000,0x0000006e57700000) (1024K)]
  0x0000021175c4df90 JavaThread "Worker-3: Initialize workspace"        [_thread_in_native, id=27632, stack(0x0000006e57700000,0x0000006e57800000) (1024K)]
  0x0000021175c4bec0 JavaThread "Worker-4"                          [_thread_blocked, id=4048, stack(0x0000006e57800000,0x0000006e57900000) (1024K)]
  0x0000021175c4b1a0 JavaThread "pool-2-thread-1"                   [_thread_blocked, id=13364, stack(0x0000006e57900000,0x0000006e57a00000) (1024K)]
  0x0000021177709c60 JavaThread "WorkspaceEventsHandler"            [_thread_blocked, id=26460, stack(0x0000006e57a00000,0x0000006e57b00000) (1024K)]
  0x0000021177707b90 JavaThread "pool-1-thread-1"                   [_thread_in_native, id=22056, stack(0x0000006e57b00000,0x0000006e57c00000) (1024K)]
  0x00000211777095d0 JavaThread "ForkJoinPool.commonPool-worker-1" daemon [_thread_blocked, id=19584, stack(0x0000006e57c00000,0x0000006e57d00000) (1024K)]
  0x00000211777088b0 JavaThread "ForkJoinPool.commonPool-worker-2" daemon [_thread_blocked, id=13624, stack(0x0000006e57d00000,0x0000006e57e00000) (1024K)]
  0x0000021177708220 JavaThread "ForkJoinPool.commonPool-worker-3" daemon [_thread_blocked, id=26420, stack(0x0000006e57e00000,0x0000006e57f00000) (1024K)]
  0x0000021177707500 JavaThread "Worker-5"                          [_thread_blocked, id=10540, stack(0x0000006e57f00000,0x0000006e58000000) (1024K)]
  0x000002117770c3c0 JavaThread "Worker-6"                          [_thread_blocked, id=15500, stack(0x0000006e58000000,0x0000006e58100000) (1024K)]
  0x000002117770b010 JavaThread "Worker-7"                          [_thread_blocked, id=1360, stack(0x0000006e58100000,0x0000006e58200000) (1024K)]
  0x000002117770b6a0 JavaThread "ForkJoinPool.commonPool-worker-4" daemon [_thread_blocked, id=3480, stack(0x0000006e58200000,0x0000006e58300000) (1024K)]
  0x0000021177708f40 JavaThread "ForkJoinPool.commonPool-worker-5" daemon [_thread_blocked, id=22932, stack(0x0000006e58300000,0x0000006e58400000) (1024K)]
  0x000002117770bd30 JavaThread "ForkJoinPool.commonPool-worker-6" daemon [_thread_blocked, id=27092, stack(0x0000006e58400000,0x0000006e58500000) (1024K)]
  0x000002117770ca50 JavaThread "ForkJoinPool.commonPool-worker-7" daemon [_thread_blocked, id=26640, stack(0x0000006e58500000,0x0000006e58600000) (1024K)]
  0x000002117770d0e0 JavaThread "ForkJoinPool.commonPool-worker-8" daemon [_thread_blocked, id=28464, stack(0x0000006e58600000,0x0000006e58700000) (1024K)]
  0x000002117770de00 JavaThread "ForkJoinPool.commonPool-worker-9" daemon [_thread_blocked, id=11816, stack(0x0000006e58700000,0x0000006e58800000) (1024K)]
  0x000002117770d770 JavaThread "PatternSearchJob-worker-1"  daemon [_thread_blocked, id=15364, stack(0x0000006e58800000,0x0000006e58900000) (1024K)]
  0x000002117770e490 JavaThread "PatternSearchJob-worker-2"  daemon [_thread_blocked, id=18648, stack(0x0000006e58900000,0x0000006e58a00000) (1024K)]
  0x0000021178222640 JavaThread "PatternSearchJob-worker-4"  daemon [_thread_blocked, id=4984, stack(0x0000006e58a00000,0x0000006e58b00000) (1024K)]
  0x0000021178222cd0 JavaThread "PatternSearchJob-worker-3"  daemon [_thread_blocked, id=18788, stack(0x0000006e58b00000,0x0000006e58c00000) (1024K)]
  0x000002117821f850 JavaThread "PatternSearchJob-worker-5"  daemon [_thread_blocked, id=19064, stack(0x0000006e58c00000,0x0000006e58d00000) (1024K)]
  0x000002117821fee0 JavaThread "PatternSearchJob-worker-6"  daemon [_thread_blocked, id=8236, stack(0x0000006e58d00000,0x0000006e58e00000) (1024K)]
  0x0000021178223360 JavaThread "PatternSearchJob-worker-7"  daemon [_thread_blocked, id=18476, stack(0x0000006e58e00000,0x0000006e58f00000) (1024K)]
  0x00000211782239f0 JavaThread "PatternSearchJob-worker-8"  daemon [_thread_blocked, id=20720, stack(0x0000006e58f00000,0x0000006e59000000) (1024K)]
  0x0000021178221fb0 JavaThread "PatternSearchJob-worker-9"  daemon [_thread_blocked, id=10276, stack(0x0000006e59000000,0x0000006e59100000) (1024K)]
  0x0000021178220570 JavaThread "PatternSearchJob-worker-10" daemon [_thread_blocked, id=27252, stack(0x0000006e59100000,0x0000006e59200000) (1024K)]
  0x0000021178224080 JavaThread "PatternSearchJob-worker-11" daemon [_thread_blocked, id=11716, stack(0x0000006e59200000,0x0000006e59300000) (1024K)]
  0x0000021178220c00 JavaThread "Worker-8"                          [_thread_blocked, id=12620, stack(0x0000006e59300000,0x0000006e59400000) (1024K)]
Total: 52

Other Threads:
  0x0000021116bce380 VMThread "VM Thread"                           [id=6680, stack(0x0000006e55400000,0x0000006e55500000) (1024K)]
  0x000002111699ca00 WatcherThread "VM Periodic Task Thread"        [id=22484, stack(0x0000006e55300000,0x0000006e55400000) (1024K)]
  0x0000021116b2ab60 WorkerThread "GC Thread#0"                     [id=5248, stack(0x0000006e55200000,0x0000006e55300000) (1024K)]
  0x00000211750fc5b0 WorkerThread "GC Thread#1"                     [id=15628, stack(0x0000006e55f00000,0x0000006e56000000) (1024K)]
  0x00000211750fc960 WorkerThread "GC Thread#2"                     [id=17952, stack(0x0000006e56000000,0x0000006e56100000) (1024K)]
  0x00000211750fcd10 WorkerThread "GC Thread#3"                     [id=17208, stack(0x0000006e56100000,0x0000006e56200000) (1024K)]
  0x0000021175425ce0 WorkerThread "GC Thread#4"                     [id=6428, stack(0x0000006e56200000,0x0000006e56300000) (1024K)]
  0x0000021175426090 WorkerThread "GC Thread#5"                     [id=3216, stack(0x0000006e56300000,0x0000006e56400000) (1024K)]
  0x0000021175426440 WorkerThread "GC Thread#6"                     [id=27900, stack(0x0000006e56400000,0x0000006e56500000) (1024K)]
  0x000002117539a190 WorkerThread "GC Thread#7"                     [id=16844, stack(0x0000006e56600000,0x0000006e56700000) (1024K)]
  0x0000021175f80540 WorkerThread "GC Thread#8"                     [id=16644, stack(0x0000006e56a00000,0x0000006e56b00000) (1024K)]
  0x0000021175d38f00 WorkerThread "GC Thread#9"                     [id=14540, stack(0x0000006e56b00000,0x0000006e56c00000) (1024K)]
Total: 12

Threads with active compile tasks:
C2 CompilerThread0  19394 10970   !   4       org.codehaus.plexus.interpolation.StringSearchInterpolator::interpolate (692 bytes)
Total: 1

VM state: not at safepoint (normal execution)

VM Mutex/Monitor currently owned by a thread: None

Heap address: 0x0000000080000000, size: 2048 MB, Compressed Oops mode: 32-bit

CDS archive(s) mapped at: [0x000002112e000000-0x000002112eba0000-0x000002112eba0000), size 12189696, SharedBaseAddress: 0x000002112e000000, ArchiveRelocationMode: 1.
Compressed class space mapped at: 0x000002112f000000-0x000002116f000000, reserved size: 1073741824
Narrow klass base: 0x000002112e000000, Narrow klass shift: 0, Narrow klass range: 0x100000000

GC Precious Log:
 CardTable entry size: 512
 CPUs: 12 total, 12 available
 Memory: 5966M
 Large Page Support: Disabled
 NUMA Support: Disabled
 Compressed Oops: Enabled (32-bit)
 Alignments: Space 512K, Generation 512K, Heap 2M
 Heap Min Capacity: 100M
 Heap Initial Capacity: 100M
 Heap Max Capacity: 2G
 Pre-touch: Disabled
 Parallel Workers: 10

Heap:
 PSYoungGen      total 8704K, used 4005K [0x00000000d5580000, 0x00000000d5f00000, 0x0000000100000000)
  eden space 7680K, 42% used [0x00000000d5580000,0x00000000d58a97a8,0x00000000d5d00000)
  from space 1024K, 75% used [0x00000000d5e00000,0x00000000d5ec0000,0x00000000d5f00000)
  to   space 1024K, 0% used [0x00000000d5d00000,0x00000000d5d00000,0x00000000d5e00000)
 ParOldGen       total 97280K, used 97128K [0x0000000080000000, 0x0000000085f00000, 0x00000000d5580000)
  object space 97280K, 99% used [0x0000000080000000,0x0000000085eda358,0x0000000085f00000)
 Metaspace       used 64432K, committed 65984K, reserved 1114112K
  class space    used 6856K, committed 7552K, reserved 1048576K

Card table byte_map: [0x00000211164b0000,0x00000211168c0000] _byte_map_base: 0x00000211160b0000

Marking Bits: (ParMarkBitMap*) 0x00007ff9574944a0
 Begin Bits: [0x0000021128fc0000, 0x000002112afc0000)
 End Bits:   [0x000002112afc0000, 0x000002112cfc0000)

Polling page: 0x00000211148e0000

Metaspace:

Usage:
  Non-class:     56.23 MB used.
      Class:      6.70 MB used.
       Both:     62.92 MB used.

Virtual space:
  Non-class space:       64.00 MB reserved,      57.06 MB ( 89%) committed,  1 nodes.
      Class space:        1.00 GB reserved,       7.38 MB ( <1%) committed,  1 nodes.
             Both:        1.06 GB reserved,      64.44 MB (  6%) committed. 

Chunk freelists:
   Non-Class:  6.22 MB
       Class:  8.67 MB
        Both:  14.89 MB

MaxMetaspaceSize: unlimited
CompressedClassSpaceSize: 1.00 GB
Initial GC threshold: 21.00 MB
Current GC threshold: 97.31 MB
CDS: on
 - commit_granule_bytes: 65536.
 - commit_granule_words: 8192.
 - virtual_space_node_default_size: 8388608.
 - enlarge_chunks_in_place: 1.
 - use_allocation_guard: 0.


Internal statistics:

num_allocs_failed_limit: 9.
num_arena_births: 1254.
num_arena_deaths: 34.
num_vsnodes_births: 2.
num_vsnodes_deaths: 0.
num_space_committed: 1031.
num_space_uncommitted: 0.
num_chunks_returned_to_freelist: 51.
num_chunks_taken_from_freelist: 4430.
num_chunk_merges: 19.
num_chunk_splits: 2636.
num_chunks_enlarged: 1371.
num_inconsistent_stats: 0.

CodeHeap 'non-profiled nmethods': size=120000Kb used=4141Kb max_used=4141Kb free=115858Kb
 bounds [0x00000211217e0000, 0x0000021121bf0000, 0x0000021128d10000]
CodeHeap 'profiled nmethods': size=120000Kb used=21558Kb max_used=21558Kb free=98442Kb
 bounds [0x0000021119d10000, 0x000002111b220000, 0x0000021121240000]
CodeHeap 'non-nmethods': size=5760Kb used=1435Kb max_used=1484Kb free=4324Kb
 bounds [0x0000021121240000, 0x00000211214b0000, 0x00000211217e0000]
CodeCache: size=245760Kb, used=27134Kb, max_used=27183Kb, free=218624Kb
 total_blobs=11113, nmethods=10363, adapters=655, full_count=0
Compilation: enabled, stopped_count=0, restarted_count=0

Compilation events (20 events):
Event: 19.321 Thread 0x0000021170480880 11072       3       org.eclipse.aether.util.graph.transformer.ConflictResolver$State::deriveOptional (101 bytes)
Event: 19.322 Thread 0x0000021170480880 nmethod 11072 0x000002111b21a590 code [0x000002111b21a7c0, 0x000002111b21b150]
Event: 19.322 Thread 0x0000021170480880 11070       3       org.eclipse.aether.util.graph.transformer.ConflictResolver$State::pop (76 bytes)
Event: 19.322 Thread 0x0000021170480880 nmethod 11070 0x000002111b21b410 code [0x000002111b21b640, 0x000002111b21bdb0]
Event: 19.322 Thread 0x0000021170480880 11073       3       org.eclipse.aether.util.graph.transformer.ConflictResolver$State::depth (10 bytes)
Event: 19.322 Thread 0x0000021170480880 nmethod 11073 0x000002111b21c010 code [0x000002111b21c1c0, 0x000002111b21c398]
Event: 19.322 Thread 0x0000021170480880 11081       1       org.eclipse.aether.util.graph.transformer.ConflictResolver$ConflictItem::getNode (5 bytes)
Event: 19.323 Thread 0x0000021170480880 nmethod 11081 0x0000021121bea710 code [0x0000021121bea8a0, 0x0000021121bea968]
Event: 19.323 Thread 0x0000021170480880 11082       1       org.eclipse.aether.graph.DefaultDependencyNode::getVersionConstraint (5 bytes)
Event: 19.323 Thread 0x0000021170480880 nmethod 11082 0x0000021121beaa10 code [0x0000021121beaba0, 0x0000021121beac68]
Event: 19.323 Thread 0x0000021170480880 11083       1       org.eclipse.aether.graph.DefaultDependencyNode::getVersion (5 bytes)
Event: 19.323 Thread 0x0000021170480880 nmethod 11083 0x0000021121bead10 code [0x0000021121beaea0, 0x0000021121beaf68]
Event: 19.323 Thread 0x0000021170480880 11084       1       org.eclipse.aether.util.graph.transformer.ConflictResolver$ConflictItem::getOptionalities (5 bytes)
Event: 19.323 Thread 0x0000021170480880 nmethod 11084 0x0000021121beb010 code [0x0000021121beb1a0, 0x0000021121beb268]
Event: 19.323 Thread 0x0000021170480880 11085       1       org.eclipse.aether.graph.DefaultDependencyNode::getRequestContext (5 bytes)
Event: 19.323 Thread 0x0000021170480880 nmethod 11085 0x0000021121beb310 code [0x0000021121beb4a0, 0x0000021121beb568]
Event: 19.324 Thread 0x0000021170480880 11086   !   3       ch.qos.logback.classic.LoggerContext::getLogger (164 bytes)
Event: 19.325 Thread 0x0000021170480880 nmethod 11086 0x000002111b21c490 code [0x000002111b21c700, 0x000002111b21d0c0]
Event: 19.325 Thread 0x0000021170480880 11087       3       java.util.ArrayDeque::push (6 bytes)
Event: 19.326 Thread 0x0000021170480880 nmethod 11087 0x000002111b21d490 code [0x000002111b21d640, 0x000002111b21d780]

GC Heap History (20 events):
Event: 15.933 GC heap before
{Heap before GC invocations=114 (full 3):
 PSYoungGen      total 9216K, used 9212K [0x00000000d5580000, 0x00000000d6180000, 0x0000000100000000)
  eden space 8192K, 100% used [0x00000000d5580000,0x00000000d5d80000,0x00000000d5d80000)
  from space 1024K, 99% used [0x00000000d5f80000,0x00000000d607f1f0,0x00000000d6080000)
  to   space 2048K, 0% used [0x00000000d5d80000,0x00000000d5d80000,0x00000000d5f80000)
 ParOldGen       total 91136K, used 90838K [0x0000000080000000, 0x0000000085900000, 0x00000000d5580000)
  object space 91136K, 99% used [0x0000000080000000,0x00000000858b5a70,0x0000000085900000)
 Metaspace       used 63491K, committed 65024K, reserved 1114112K
  class space    used 6806K, committed 7488K, reserved 1048576K
}
Event: 15.936 GC heap after
{Heap after GC invocations=114 (full 3):
 PSYoungGen      total 9216K, used 640K [0x00000000d5580000, 0x00000000d6080000, 0x0000000100000000)
  eden space 8192K, 0% used [0x00000000d5580000,0x00000000d5580000,0x00000000d5d80000)
  from space 1024K, 62% used [0x00000000d5d80000,0x00000000d5e20000,0x00000000d5e80000)
  to   space 1536K, 0% used [0x00000000d5f00000,0x00000000d5f00000,0x00000000d6080000)
 ParOldGen       total 92160K, used 91869K [0x0000000080000000, 0x0000000085a00000, 0x00000000d5580000)
  object space 92160K, 99% used [0x0000000080000000,0x00000000859b74e0,0x0000000085a00000)
 Metaspace       used 63491K, committed 65024K, reserved 1114112K
  class space    used 6806K, committed 7488K, reserved 1048576K
}
Event: 16.218 GC heap before
{Heap before GC invocations=115 (full 3):
 PSYoungGen      total 9216K, used 8832K [0x00000000d5580000, 0x00000000d6080000, 0x0000000100000000)
  eden space 8192K, 100% used [0x00000000d5580000,0x00000000d5d80000,0x00000000d5d80000)
  from space 1024K, 62% used [0x00000000d5d80000,0x00000000d5e20000,0x00000000d5e80000)
  to   space 1536K, 0% used [0x00000000d5f00000,0x00000000d5f00000,0x00000000d6080000)
 ParOldGen       total 92160K, used 91869K [0x0000000080000000, 0x0000000085a00000, 0x00000000d5580000)
  object space 92160K, 99% used [0x0000000080000000,0x00000000859b74e0,0x0000000085a00000)
 Metaspace       used 63559K, committed 65088K, reserved 1114112K
  class space    used 6807K, committed 7488K, reserved 1048576K
}
Event: 16.221 GC heap after
{Heap after GC invocations=115 (full 3):
 PSYoungGen      total 9728K, used 1200K [0x00000000d5580000, 0x00000000d6080000, 0x0000000100000000)
  eden space 8192K, 0% used [0x00000000d5580000,0x00000000d5580000,0x00000000d5d80000)
  from space 1536K, 78% used [0x00000000d5f00000,0x00000000d602c010,0x00000000d6080000)
  to   space 1536K, 0% used [0x00000000d5d80000,0x00000000d5d80000,0x00000000d5f00000)
 ParOldGen       total 92672K, used 92286K [0x0000000080000000, 0x0000000085a80000, 0x00000000d5580000)
  object space 92672K, 99% used [0x0000000080000000,0x0000000085a1fbc8,0x0000000085a80000)
 Metaspace       used 63559K, committed 65088K, reserved 1114112K
  class space    used 6807K, committed 7488K, reserved 1048576K
}
Event: 16.466 GC heap before
{Heap before GC invocations=116 (full 3):
 PSYoungGen      total 9728K, used 9392K [0x00000000d5580000, 0x00000000d6080000, 0x0000000100000000)
  eden space 8192K, 100% used [0x00000000d5580000,0x00000000d5d80000,0x00000000d5d80000)
  from space 1536K, 78% used [0x00000000d5f00000,0x00000000d602c010,0x00000000d6080000)
  to   space 1536K, 0% used [0x00000000d5d80000,0x00000000d5d80000,0x00000000d5f00000)
 ParOldGen       total 92672K, used 92286K [0x0000000080000000, 0x0000000085a80000, 0x00000000d5580000)
  object space 92672K, 99% used [0x0000000080000000,0x0000000085a1fbc8,0x0000000085a80000)
 Metaspace       used 63619K, committed 65152K, reserved 1114112K
  class space    used 6808K, committed 7488K, reserved 1048576K
}
Event: 16.469 GC heap after
{Heap after GC invocations=116 (full 3):
 PSYoungGen      total 8704K, used 448K [0x00000000d5580000, 0x00000000d5f80000, 0x0000000100000000)
  eden space 8192K, 0% used [0x00000000d5580000,0x00000000d5580000,0x00000000d5d80000)
  from space 512K, 87% used [0x00000000d5d80000,0x00000000d5df0000,0x00000000d5e00000)
  to   space 1024K, 0% used [0x00000000d5e80000,0x00000000d5e80000,0x00000000d5f80000)
 ParOldGen       total 93696K, used 93314K [0x0000000080000000, 0x0000000085b80000, 0x00000000d5580000)
  object space 93696K, 99% used [0x0000000080000000,0x0000000085b20be8,0x0000000085b80000)
 Metaspace       used 63619K, committed 65152K, reserved 1114112K
  class space    used 6808K, committed 7488K, reserved 1048576K
}
Event: 16.734 GC heap before
{Heap before GC invocations=117 (full 3):
 PSYoungGen      total 8704K, used 8640K [0x00000000d5580000, 0x00000000d5f80000, 0x0000000100000000)
  eden space 8192K, 100% used [0x00000000d5580000,0x00000000d5d80000,0x00000000d5d80000)
  from space 512K, 87% used [0x00000000d5d80000,0x00000000d5df0000,0x00000000d5e00000)
  to   space 1024K, 0% used [0x00000000d5e80000,0x00000000d5e80000,0x00000000d5f80000)
 ParOldGen       total 93696K, used 93314K [0x0000000080000000, 0x0000000085b80000, 0x00000000d5580000)
  object space 93696K, 99% used [0x0000000080000000,0x0000000085b20be8,0x0000000085b80000)
 Metaspace       used 63731K, committed 65280K, reserved 1114112K
  class space    used 6808K, committed 7488K, reserved 1048576K
}
Event: 16.737 GC heap after
{Heap after GC invocations=117 (full 3):
 PSYoungGen      total 8704K, used 960K [0x00000000d5580000, 0x00000000d6080000, 0x0000000100000000)
  eden space 7680K, 0% used [0x00000000d5580000,0x00000000d5580000,0x00000000d5d00000)
  from space 1024K, 93% used [0x00000000d5e80000,0x00000000d5f70000,0x00000000d5f80000)
  to   space 1536K, 0% used [0x00000000d5d00000,0x00000000d5d00000,0x00000000d5e80000)
 ParOldGen       total 93696K, used 93626K [0x0000000080000000, 0x0000000085b80000, 0x00000000d5580000)
  object space 93696K, 99% used [0x0000000080000000,0x0000000085b6ebe8,0x0000000085b80000)
 Metaspace       used 63731K, committed 65280K, reserved 1114112K
  class space    used 6808K, committed 7488K, reserved 1048576K
}
Event: 17.124 GC heap before
{Heap before GC invocations=118 (full 3):
 PSYoungGen      total 8704K, used 8640K [0x00000000d5580000, 0x00000000d6080000, 0x0000000100000000)
  eden space 7680K, 100% used [0x00000000d5580000,0x00000000d5d00000,0x00000000d5d00000)
  from space 1024K, 93% used [0x00000000d5e80000,0x00000000d5f70000,0x00000000d5f80000)
  to   space 1536K, 0% used [0x00000000d5d00000,0x00000000d5d00000,0x00000000d5e80000)
 ParOldGen       total 93696K, used 93626K [0x0000000080000000, 0x0000000085b80000, 0x00000000d5580000)
  object space 93696K, 99% used [0x0000000080000000,0x0000000085b6ebe8,0x0000000085b80000)
 Metaspace       used 63839K, committed 65408K, reserved 1114112K
  class space    used 6809K, committed 7488K, reserved 1048576K
}
Event: 17.127 GC heap after
{Heap after GC invocations=118 (full 3):
 PSYoungGen      total 8704K, used 608K [0x00000000d5580000, 0x00000000d5f00000, 0x0000000100000000)
  eden space 7680K, 0% used [0x00000000d5580000,0x00000000d5580000,0x00000000d5d00000)
  from space 1024K, 59% used [0x00000000d5d00000,0x00000000d5d98000,0x00000000d5e00000)
  to   space 1024K, 0% used [0x00000000d5e00000,0x00000000d5e00000,0x00000000d5f00000)
 ParOldGen       total 94720K, used 94454K [0x0000000080000000, 0x0000000085c80000, 0x00000000d5580000)
  object space 94720K, 99% used [0x0000000080000000,0x0000000085c3d9e8,0x0000000085c80000)
 Metaspace       used 63839K, committed 65408K, reserved 1114112K
  class space    used 6809K, committed 7488K, reserved 1048576K
}
Event: 17.396 GC heap before
{Heap before GC invocations=119 (full 3):
 PSYoungGen      total 8704K, used 8288K [0x00000000d5580000, 0x00000000d5f00000, 0x0000000100000000)
  eden space 7680K, 100% used [0x00000000d5580000,0x00000000d5d00000,0x00000000d5d00000)
  from space 1024K, 59% used [0x00000000d5d00000,0x00000000d5d98000,0x00000000d5e00000)
  to   space 1024K, 0% used [0x00000000d5e00000,0x00000000d5e00000,0x00000000d5f00000)
 ParOldGen       total 94720K, used 94454K [0x0000000080000000, 0x0000000085c80000, 0x00000000d5580000)
  object space 94720K, 99% used [0x0000000080000000,0x0000000085c3d9e8,0x0000000085c80000)
 Metaspace       used 63966K, committed 65472K, reserved 1114112K
  class space    used 6824K, committed 7488K, reserved 1048576K
}
Event: 17.399 GC heap after
{Heap after GC invocations=119 (full 3):
 PSYoungGen      total 8704K, used 800K [0x00000000d5580000, 0x00000000d5f00000, 0x0000000100000000)
  eden space 7680K, 0% used [0x00000000d5580000,0x00000000d5580000,0x00000000d5d00000)
  from space 1024K, 78% used [0x00000000d5e00000,0x00000000d5ec8000,0x00000000d5f00000)
  to   space 1024K, 0% used [0x00000000d5d00000,0x00000000d5d00000,0x00000000d5e00000)
 ParOldGen       total 95232K, used 94894K [0x0000000080000000, 0x0000000085d00000, 0x00000000d5580000)
  object space 95232K, 99% used [0x0000000080000000,0x0000000085cab9e8,0x0000000085d00000)
 Metaspace       used 63966K, committed 65472K, reserved 1114112K
  class space    used 6824K, committed 7488K, reserved 1048576K
}
Event: 17.810 GC heap before
{Heap before GC invocations=120 (full 3):
 PSYoungGen      total 8704K, used 8479K [0x00000000d5580000, 0x00000000d5f00000, 0x0000000100000000)
  eden space 7680K, 99% used [0x00000000d5580000,0x00000000d5cffff8,0x00000000d5d00000)
  from space 1024K, 78% used [0x00000000d5e00000,0x00000000d5ec8000,0x00000000d5f00000)
  to   space 1024K, 0% used [0x00000000d5d00000,0x00000000d5d00000,0x00000000d5e00000)
 ParOldGen       total 95232K, used 94894K [0x0000000080000000, 0x0000000085d00000, 0x00000000d5580000)
  object space 95232K, 99% used [0x0000000080000000,0x0000000085cab9e8,0x0000000085d00000)
 Metaspace       used 64135K, committed 65600K, reserved 1114112K
  class space    used 6850K, committed 7488K, reserved 1048576K
}
Event: 17.813 GC heap after
{Heap after GC invocations=120 (full 3):
 PSYoungGen      total 8704K, used 1024K [0x00000000d5580000, 0x00000000d6000000, 0x0000000100000000)
  eden space 7680K, 0% used [0x00000000d5580000,0x00000000d5580000,0x00000000d5d00000)
  from space 1024K, 100% used [0x00000000d5d00000,0x00000000d5e00000,0x00000000d5e00000)
  to   space 1536K, 0% used [0x00000000d5e80000,0x00000000d5e80000,0x00000000d6000000)
 ParOldGen       total 95744K, used 95261K [0x0000000080000000, 0x0000000085d80000, 0x00000000d5580000)
  object space 95744K, 99% used [0x0000000080000000,0x0000000085d077d8,0x0000000085d80000)
 Metaspace       used 64135K, committed 65600K, reserved 1114112K
  class space    used 6850K, committed 7488K, reserved 1048576K
}
Event: 18.449 GC heap before
{Heap before GC invocations=121 (full 3):
 PSYoungGen      total 8704K, used 8704K [0x00000000d5580000, 0x00000000d6000000, 0x0000000100000000)
  eden space 7680K, 100% used [0x00000000d5580000,0x00000000d5d00000,0x00000000d5d00000)
  from space 1024K, 100% used [0x00000000d5d00000,0x00000000d5e00000,0x00000000d5e00000)
  to   space 1536K, 0% used [0x00000000d5e80000,0x00000000d5e80000,0x00000000d6000000)
 ParOldGen       total 95744K, used 95261K [0x0000000080000000, 0x0000000085d80000, 0x00000000d5580000)
  object space 95744K, 99% used [0x0000000080000000,0x0000000085d077d8,0x0000000085d80000)
 Metaspace       used 64207K, committed 65728K, reserved 1114112K
  class space    used 6851K, committed 7488K, reserved 1048576K
}
Event: 18.452 GC heap after
{Heap after GC invocations=121 (full 3):
 PSYoungGen      total 8704K, used 640K [0x00000000d5580000, 0x00000000d5f80000, 0x0000000100000000)
  eden space 7680K, 0% used [0x00000000d5580000,0x00000000d5580000,0x00000000d5d00000)
  from space 1024K, 62% used [0x00000000d5e80000,0x00000000d5f20000,0x00000000d5f80000)
  to   space 1024K, 0% used [0x00000000d5d00000,0x00000000d5d00000,0x00000000d5e00000)
 ParOldGen       total 96256K, used 96232K [0x0000000080000000, 0x0000000085e00000, 0x00000000d5580000)
  object space 96256K, 99% used [0x0000000080000000,0x0000000085dfa358,0x0000000085e00000)
 Metaspace       used 64207K, committed 65728K, reserved 1114112K
  class space    used 6851K, committed 7488K, reserved 1048576K
}
Event: 18.796 GC heap before
{Heap before GC invocations=122 (full 3):
 PSYoungGen      total 8704K, used 8320K [0x00000000d5580000, 0x00000000d5f80000, 0x0000000100000000)
  eden space 7680K, 100% used [0x00000000d5580000,0x00000000d5d00000,0x00000000d5d00000)
  from space 1024K, 62% used [0x00000000d5e80000,0x00000000d5f20000,0x00000000d5f80000)
  to   space 1024K, 0% used [0x00000000d5d00000,0x00000000d5d00000,0x00000000d5e00000)
 ParOldGen       total 96256K, used 96232K [0x0000000080000000, 0x0000000085e00000, 0x00000000d5580000)
  object space 96256K, 99% used [0x0000000080000000,0x0000000085dfa358,0x0000000085e00000)
 Metaspace       used 64310K, committed 65856K, reserved 1114112K
  class space    used 6853K, committed 7552K, reserved 1048576K
}
Event: 18.799 GC heap after
{Heap after GC invocations=122 (full 3):
 PSYoungGen      total 8704K, used 832K [0x00000000d5580000, 0x00000000d5f00000, 0x0000000100000000)
  eden space 7680K, 0% used [0x00000000d5580000,0x00000000d5580000,0x00000000d5d00000)
  from space 1024K, 81% used [0x00000000d5d00000,0x00000000d5dd0000,0x00000000d5e00000)
  to   space 1024K, 0% used [0x00000000d5e00000,0x00000000d5e00000,0x00000000d5f00000)
 ParOldGen       total 96768K, used 96624K [0x0000000080000000, 0x0000000085e80000, 0x00000000d5580000)
  object space 96768K, 99% used [0x0000000080000000,0x0000000085e5c358,0x0000000085e80000)
 Metaspace       used 64310K, committed 65856K, reserved 1114112K
  class space    used 6853K, committed 7552K, reserved 1048576K
}
Event: 19.178 GC heap before
{Heap before GC invocations=123 (full 3):
 PSYoungGen      total 8704K, used 8512K [0x00000000d5580000, 0x00000000d5f00000, 0x0000000100000000)
  eden space 7680K, 100% used [0x00000000d5580000,0x00000000d5d00000,0x00000000d5d00000)
  from space 1024K, 81% used [0x00000000d5d00000,0x00000000d5dd0000,0x00000000d5e00000)
  to   space 1024K, 0% used [0x00000000d5e00000,0x00000000d5e00000,0x00000000d5f00000)
 ParOldGen       total 96768K, used 96624K [0x0000000080000000, 0x0000000085e80000, 0x00000000d5580000)
  object space 96768K, 99% used [0x0000000080000000,0x0000000085e5c358,0x0000000085e80000)
 Metaspace       used 64386K, committed 65920K, reserved 1114112K
  class space    used 6854K, committed 7552K, reserved 1048576K
}
Event: 19.181 GC heap after
{Heap after GC invocations=123 (full 3):
 PSYoungGen      total 8704K, used 768K [0x00000000d5580000, 0x00000000d5f00000, 0x0000000100000000)
  eden space 7680K, 0% used [0x00000000d5580000,0x00000000d5580000,0x00000000d5d00000)
  from space 1024K, 75% used [0x00000000d5e00000,0x00000000d5ec0000,0x00000000d5f00000)
  to   space 1024K, 0% used [0x00000000d5d00000,0x00000000d5d00000,0x00000000d5e00000)
 ParOldGen       total 97280K, used 97128K [0x0000000080000000, 0x0000000085f00000, 0x00000000d5580000)
  object space 97280K, 99% used [0x0000000080000000,0x0000000085eda358,0x0000000085f00000)
 Metaspace       used 64386K, committed 65920K, reserved 1114112K
  class space    used 6854K, committed 7552K, reserved 1048576K
}

Dll operation events (20 events):
Event: 0.023 Attempting to load shared library c:\Users\nicol\.vscode\extensions\redhat.java-1.56.0-win32-x64\jre\21.0.12.1-win32-x86_64\bin\java.dll
Event: 0.023 Loaded shared library c:\Users\nicol\.vscode\extensions\redhat.java-1.56.0-win32-x64\jre\21.0.12.1-win32-x86_64\bin\java.dll
Event: 0.172 Attempting to load shared library c:\Users\nicol\.vscode\extensions\redhat.java-1.56.0-win32-x64\jre\21.0.12.1-win32-x86_64\bin\zip.dll
Event: 0.173 Loaded shared library c:\Users\nicol\.vscode\extensions\redhat.java-1.56.0-win32-x64\jre\21.0.12.1-win32-x86_64\bin\zip.dll
Event: 0.211 Attempting to load shared library C:\Users\nicol\.vscode\extensions\redhat.java-1.56.0-win32-x64\jre\21.0.12.1-win32-x86_64\bin\instrument.dll
Event: 0.211 Loaded shared library C:\Users\nicol\.vscode\extensions\redhat.java-1.56.0-win32-x64\jre\21.0.12.1-win32-x86_64\bin\instrument.dll
Event: 0.220 Attempting to load shared library C:\Users\nicol\.vscode\extensions\redhat.java-1.56.0-win32-x64\jre\21.0.12.1-win32-x86_64\bin\net.dll
Event: 0.225 Loaded shared library C:\Users\nicol\.vscode\extensions\redhat.java-1.56.0-win32-x64\jre\21.0.12.1-win32-x86_64\bin\net.dll
Event: 0.229 Attempting to load shared library C:\Users\nicol\.vscode\extensions\redhat.java-1.56.0-win32-x64\jre\21.0.12.1-win32-x86_64\bin\nio.dll
Event: 0.230 Loaded shared library C:\Users\nicol\.vscode\extensions\redhat.java-1.56.0-win32-x64\jre\21.0.12.1-win32-x86_64\bin\nio.dll
Event: 0.235 Attempting to load shared library C:\Users\nicol\.vscode\extensions\redhat.java-1.56.0-win32-x64\jre\21.0.12.1-win32-x86_64\bin\zip.dll
Event: 0.235 Loaded shared library C:\Users\nicol\.vscode\extensions\redhat.java-1.56.0-win32-x64\jre\21.0.12.1-win32-x86_64\bin\zip.dll
Event: 0.272 Attempting to load shared library C:\Users\nicol\.vscode\extensions\redhat.java-1.56.0-win32-x64\jre\21.0.12.1-win32-x86_64\bin\jimage.dll
Event: 0.272 Loaded shared library C:\Users\nicol\.vscode\extensions\redhat.java-1.56.0-win32-x64\jre\21.0.12.1-win32-x86_64\bin\jimage.dll
Event: 0.424 Attempting to load shared library c:\Users\nicol\.vscode\extensions\redhat.java-1.56.0-win32-x64\jre\21.0.12.1-win32-x86_64\bin\verify.dll
Event: 0.425 Loaded shared library c:\Users\nicol\.vscode\extensions\redhat.java-1.56.0-win32-x64\jre\21.0.12.1-win32-x86_64\bin\verify.dll
Event: 1.980 Attempting to load shared library C:\Users\nicol\AppData\Roaming\Code\User\globalStorage\redhat.java\1.56.0\config_win\org.eclipse.equinox.launcher\org.eclipse.equinox.launcher.win32.win32.x86_64_1.3.100.v20260804-1928\eclipse_11924.dll
Event: 1.983 Loaded shared library C:\Users\nicol\AppData\Roaming\Code\User\globalStorage\redhat.java\1.56.0\config_win\org.eclipse.equinox.launcher\org.eclipse.equinox.launcher.win32.win32.x86_64_1.3.100.v20260804-1928\eclipse_11924.dll
Event: 5.531 Attempting to load shared library C:\Users\nicol\AppData\Local\Temp\jna-104814053\jna8302197321684659726.dll
Event: 5.628 Loaded shared library C:\Users\nicol\AppData\Local\Temp\jna-104814053\jna8302197321684659726.dll

Deoptimization events (20 events):
Event: 18.949 Thread 0x0000021178221920 Uncommon trap: trap_request=0xffffffbe fr.pc=0x0000021121be4660 relative=0x00000000000002a0
Event: 18.949 Thread 0x0000021178221920 Uncommon trap: reason=profile_predicate action=maybe_recompile pc=0x0000021121be4660 method=java.util.regex.Pattern$Slice.match(Ljava/util/regex/Matcher;ILjava/lang/CharSequence;)Z @ 18 c2
Event: 18.949 Thread 0x0000021178221920 DEOPT PACKING pc=0x0000021121be4660 sp=0x0000006e594fe4c0
Event: 18.949 Thread 0x0000021178221920 DEOPT UNPACKING pc=0x0000021121293aa2 sp=0x0000006e594fe450 mode 2
Event: 18.949 Thread 0x0000021178221920 Uncommon trap: trap_request=0xffffffbe fr.pc=0x0000021121be4660 relative=0x00000000000002a0
Event: 18.949 Thread 0x0000021178221920 Uncommon trap: reason=profile_predicate action=maybe_recompile pc=0x0000021121be4660 method=java.util.regex.Pattern$Slice.match(Ljava/util/regex/Matcher;ILjava/lang/CharSequence;)Z @ 18 c2
Event: 18.949 Thread 0x0000021178221920 DEOPT PACKING pc=0x0000021121be4660 sp=0x0000006e594fe4c0
Event: 18.949 Thread 0x0000021178221920 DEOPT UNPACKING pc=0x0000021121293aa2 sp=0x0000006e594fe450 mode 2
Event: 19.308 Thread 0x0000021175c4df90 Uncommon trap: trap_request=0xffffff45 fr.pc=0x0000021121b76e48 relative=0x0000000000000288
Event: 19.308 Thread 0x0000021175c4df90 Uncommon trap: reason=unstable_if action=reinterpret pc=0x0000021121b76e48 method=java.util.HashMap.getNode(Ljava/lang/Object;)Ljava/util/HashMap$Node; @ 57 c2
Event: 19.308 Thread 0x0000021175c4df90 DEOPT PACKING pc=0x0000021121b76e48 sp=0x0000006e577fdc50
Event: 19.309 Thread 0x0000021175c4df90 DEOPT UNPACKING pc=0x0000021121293aa2 sp=0x0000006e577fdb60 mode 2
Event: 19.309 Thread 0x0000021175c4df90 Uncommon trap: trap_request=0xffffff45 fr.pc=0x0000021121be6298 relative=0x0000000000000258
Event: 19.309 Thread 0x0000021175c4df90 Uncommon trap: reason=unstable_if action=reinterpret pc=0x0000021121be6298 method=java.util.HashMap.getNode(Ljava/lang/Object;)Ljava/util/HashMap$Node; @ 57 c2
Event: 19.309 Thread 0x0000021175c4df90 DEOPT PACKING pc=0x0000021121be6298 sp=0x0000006e577fdbe0
Event: 19.309 Thread 0x0000021175c4df90 DEOPT UNPACKING pc=0x0000021121293aa2 sp=0x0000006e577fdb60 mode 2
Event: 19.323 Thread 0x0000021175c4df90 Uncommon trap: trap_request=0xffffff45 fr.pc=0x0000021121ae2640 relative=0x0000000000000120
Event: 19.323 Thread 0x0000021175c4df90 Uncommon trap: reason=unstable_if action=reinterpret pc=0x0000021121ae2640 method=java.util.ArrayDeque.addFirst(Ljava/lang/Object;)V @ 42 c2
Event: 19.323 Thread 0x0000021175c4df90 DEOPT PACKING pc=0x0000021121ae2640 sp=0x0000006e577fdd40
Event: 19.323 Thread 0x0000021175c4df90 DEOPT UNPACKING pc=0x0000021121293aa2 sp=0x0000006e577fdc68 mode 2

Classes loaded (20 events):
Event: 11.696 Loading class java/util/WeakHashMap$KeyIterator
Event: 11.697 Loading class java/util/WeakHashMap$KeyIterator done
Event: 11.765 Loading class java/nio/charset/CharacterCodingException
Event: 11.766 Loading class java/nio/charset/CharacterCodingException done
Event: 11.766 Loading class java/io/SequenceInputStream
Event: 11.766 Loading class java/io/SequenceInputStream done
Event: 12.010 Loading class javax/xml/transform/TransformerConfigurationException
Event: 12.010 Loading class javax/xml/transform/TransformerConfigurationException done
Event: 12.024 Loading class java/util/concurrent/ForkJoinTask$AdaptedCallable
Event: 12.024 Loading class java/util/concurrent/ForkJoinTask$AdaptedCallable done
Event: 12.056 Loading class java/util/Hashtable$KeySet
Event: 12.056 Loading class java/util/Hashtable$KeySet done
Event: 12.100 Loading class java/util/ArrayDeque$DeqSpliterator
Event: 12.101 Loading class java/util/ArrayDeque$DeqSpliterator done
Event: 12.640 Loading class java/lang/UnsupportedClassVersionError
Event: 12.641 Loading class java/lang/UnsupportedClassVersionError done
Event: 14.915 Loading class java/util/stream/ReduceOps$4
Event: 14.915 Loading class java/util/stream/ReduceOps$4 done
Event: 14.915 Loading class java/util/stream/ReduceOps$4ReducingSink
Event: 14.916 Loading class java/util/stream/ReduceOps$4ReducingSink done

Classes unloaded (17 events):
Event: 6.273 Thread 0x0000021116bce380 Unloading class 0x000002112f1ab400 'java/lang/invoke/LambdaForm$MH+0x000002112f1ab400'
Event: 6.273 Thread 0x0000021116bce380 Unloading class 0x000002112f1ab000 'java/lang/invoke/LambdaForm$MH+0x000002112f1ab000'
Event: 6.273 Thread 0x0000021116bce380 Unloading class 0x000002112f1aac00 'java/lang/invoke/LambdaForm$MH+0x000002112f1aac00'
Event: 6.273 Thread 0x0000021116bce380 Unloading class 0x000002112f1aa800 'java/lang/invoke/LambdaForm$MH+0x000002112f1aa800'
Event: 6.273 Thread 0x0000021116bce380 Unloading class 0x000002112f1aa400 'java/lang/invoke/LambdaForm$BMH+0x000002112f1aa400'
Event: 6.273 Thread 0x0000021116bce380 Unloading class 0x000002112f1aa000 'java/lang/invoke/LambdaForm$DMH+0x000002112f1aa000'
Event: 6.273 Thread 0x0000021116bce380 Unloading class 0x000002112f1a8c00 'java/lang/invoke/LambdaForm$DMH+0x000002112f1a8c00'
Event: 12.490 Thread 0x0000021116bce380 Unloading class 0x000002112f658000 'java/lang/invoke/LambdaForm$MH+0x000002112f658000'
Event: 12.490 Thread 0x0000021116bce380 Unloading class 0x000002112f658400 'java/lang/invoke/LambdaForm$MH+0x000002112f658400'
Event: 12.490 Thread 0x0000021116bce380 Unloading class 0x000002112f62e800 'java/lang/invoke/LambdaForm$MH+0x000002112f62e800'
Event: 12.490 Thread 0x0000021116bce380 Unloading class 0x000002112f62e400 'java/lang/invoke/LambdaForm$MH+0x000002112f62e400'
Event: 12.490 Thread 0x0000021116bce380 Unloading class 0x000002112f62e000 'java/lang/invoke/LambdaForm$MH+0x000002112f62e000'
Event: 12.490 Thread 0x0000021116bce380 Unloading class 0x000002112f62d800 'java/lang/invoke/LambdaForm$MH+0x000002112f62d800'
Event: 12.490 Thread 0x0000021116bce380 Unloading class 0x000002112f62cc00 'java/lang/invoke/LambdaForm$MH+0x000002112f62cc00'
Event: 12.490 Thread 0x0000021116bce380 Unloading class 0x000002112f62d000 'java/lang/invoke/LambdaForm$MH+0x000002112f62d000'
Event: 12.490 Thread 0x0000021116bce380 Unloading class 0x000002112f62c000 'java/lang/invoke/LambdaForm$MH+0x000002112f62c000'
Event: 12.490 Thread 0x0000021116bce380 Unloading class 0x000002112f62c400 'java/lang/invoke/LambdaForm$MH+0x000002112f62c400'

Classes redefined (0 events):
No events

Internal exceptions (20 events):
Event: 12.198 Thread 0x0000021175c4df90 Exception <a 'sun/nio/fs/WindowsException'{0x00000000d5bf7260}> (0x00000000d5bf7260) 
thrown [s\src\hotspot\share\prims\jni.cpp, line 520]
Event: 12.199 Thread 0x0000021175c4df90 Exception <a 'sun/nio/fs/WindowsException'{0x00000000d5bf78c0}> (0x00000000d5bf78c0) 
thrown [s\src\hotspot\share\prims\jni.cpp, line 520]
Event: 12.381 Thread 0x000002117770b010 Exception <a 'java/lang/NoSuchMethodError'{0x00000000d5b7cb80}: 'java.lang.Object java.lang.invoke.DirectMethodHandle$Holder.invokeSpecial(java.lang.Object, java.lang.Object, int, long)'> (0x00000000d5b7cb80) 
thrown [s\src\hotspot\share\interpreter\linkResolver.cpp, line 773]
Event: 12.663 Thread 0x000002117770de00 Exception <a 'java/lang/NoSuchMethodError'{0x00000000d59844a0}: 'int java.lang.invoke.Invokers$Holder.invokeExact_MT(java.lang.Object, java.lang.Object)'> (0x00000000d59844a0) 
thrown [s\src\hotspot\share\interpreter\linkResolver.cpp, line 773]
Event: 13.039 Thread 0x0000021175c4df90 Exception <a 'java/lang/NoSuchMethodError'{0x00000000d592f558}: 'void java.lang.invoke.DirectMethodHandle$Holder.invokeStatic(java.lang.Object, java.lang.Object, java.lang.Object, int)'> (0x00000000d592f558) 
thrown [s\src\hotspot\share\interpreter\linkResolver.cpp, line 773]
Event: 13.060 Thread 0x0000021175c4cbe0 Exception <a 'sun/nio/fs/WindowsException'{0x00000000d5829058}> (0x00000000d5829058) 
thrown [s\src\hotspot\share\prims\jni.cpp, line 520]
Event: 13.064 Thread 0x0000021175c4df90 Exception <a 'java/lang/NoSuchMethodError'{0x00000000d5b248e0}: 'void java.lang.invoke.DirectMethodHandle$Holder.invokeVirtual(java.lang.Object, java.lang.Object, int)'> (0x00000000d5b248e0) 
thrown [s\src\hotspot\share\interpreter\linkResolver.cpp, line 773]
Event: 14.820 Thread 0x000002117770bd30 Exception <a 'java/lang/IncompatibleClassChangeError'{0x00000000d5aba538}: Found class java.lang.Object, but interface was expected> (0x00000000d5aba538) 
thrown [s\src\hotspot\share\interpreter\linkResolver.cpp, line 840]
Event: 14.925 Thread 0x000002117770bd30 Exception <a 'java/lang/NoSuchMethodError'{0x00000000d597f928}: 'int java.lang.invoke.DirectMethodHandle$Holder.invokeSpecialIFC(java.lang.Object, java.lang.Object, java.lang.Object)'> (0x00000000d597f928) 
thrown [s\src\hotspot\share\interpreter\linkResolver.cpp, line 773]
Event: 14.925 Thread 0x000002117770de00 Exception <a 'java/lang/NoSuchMethodError'{0x00000000d59926a0}: 'int java.lang.invoke.DirectMethodHandle$Holder.invokeSpecialIFC(java.lang.Object, java.lang.Object, java.lang.Object)'> (0x00000000d59926a0) 
thrown [s\src\hotspot\share\interpreter\linkResolver.cpp, line 773]
Event: 14.950 Thread 0x000002117770de00 Exception <a 'java/lang/LinkageError'{0x00000000d5b51650}: loader lombok.launch.ShadowClassLoader @3f26b6ba attempted duplicate class definition for lombok.launch.PatchFixesHider$Delegate. (lombok.launch.PatchFixesHider$Delegate is in unnamed module of loader lombok.launch.ShadowClassLoader @3f26b6ba, parent loader org.eclipse.osgi.internal.loader.EquinoxClassLoader @ac0d601)> (0x00000000d5b51650) 
thrown [s\src\hotspot\share\classfile\systemDictionary.cpp, line 1673]
Event: 14.950 Thread 0x000002117770b010 Exception <a 'java/lang/LinkageError'{0x00000000d5afee58}: loader lombok.launch.ShadowClassLoader @3f26b6ba attempted duplicate class definition for lombok.launch.PatchFixesHider$Delegate. (lombok.launch.PatchFixesHider$Delegate is in unnamed module of loader lombok.launch.ShadowClassLoader @3f26b6ba, parent loader org.eclipse.osgi.internal.loader.EquinoxClassLoader @ac0d601)> (0x00000000d5afee58) 
thrown [s\src\hotspot\share\classfile\systemDictionary.cpp, line 1673]
Event: 15.076 Thread 0x000002117770bd30 Exception <a 'java/lang/LinkageError'{0x00000000d5d0e420}: loader lombok.launch.ShadowClassLoader @3f26b6ba attempted duplicate class definition for lombok.launch.PatchFixesHider$Val. (lombok.launch.PatchFixesHider$Val is in unnamed module of loader lombok.launch.ShadowClassLoader @3f26b6ba, parent loader org.eclipse.osgi.internal.loader.EquinoxClassLoader @ac0d601)> (0x00000000d5d0e420) 
thrown [s\src\hotspot\share\classfile\systemDictionary.cpp, line 1673]
Event: 15.172 Thread 0x000002117770b010 Exception <a 'java/io/FileNotFoundException'{0x00000000d5c42960}> (0x00000000d5c42960) 
thrown [s\src\hotspot\share\prims\jni.cpp, line 520]
Event: 15.173 Thread 0x000002117770b010 Exception <a 'java/io/FileNotFoundException'{0x00000000d5c43a80}> (0x00000000d5c43a80) 
thrown [s\src\hotspot\share\prims\jni.cpp, line 520]
Event: 15.174 Thread 0x000002117770b010 Exception <a 'java/io/FileNotFoundException'{0x00000000d5c94fb8}> (0x00000000d5c94fb8) 
thrown [s\src\hotspot\share\prims\jni.cpp, line 520]
Event: 15.215 Thread 0x000002117770bd30 Exception <a 'java/lang/LinkageError'{0x00000000d5758fe8}: loader lombok.launch.ShadowClassLoader @3f26b6ba attempted duplicate class definition for lombok.launch.PatchFixesHider$ExtensionMethod. (lombok.launch.PatchFixesHider$ExtensionMethod is in unnamed module of loader lombok.launch.ShadowClassLoader @3f26b6ba, parent loader org.eclipse.osgi.internal.loader.EquinoxClassLoader @ac0d601)> (0x00000000d5758fe8) 
thrown [s\src\hotspot\share\classfile\systemDictionary.cpp, line 1673]
Event: 15.316 Thread 0x000002117770de00 Exception <a 'java/lang/LinkageError'{0x00000000d5824d68}: loader lombok.launch.ShadowClassLoader @1dde7cb5 attempted duplicate class definition for lombok.launch.PatchFixesHider$ValPortal. (lombok.launch.PatchFixesHider$ValPortal is in unnamed module of loader lombok.launch.ShadowClassLoader @1dde7cb5, parent loader org.eclipse.osgi.internal.loader.EquinoxClassLoader @63c4563c)> (0x00000000d5824d68) 
thrown [s\src\hotspot\share\classfile\systemDictionary.cpp, line 1673]
Event: 15.802 Thread 0x000002117770b010 Exception <a 'java/lang/NoSuchMethodError'{0x00000000d58005a8}: 'void java.lang.invoke.DirectMethodHandle$Holder.invokeStatic(java.lang.Object, int, java.lang.Object)'> (0x00000000d58005a8) 
thrown [s\src\hotspot\share\interpreter\linkResolver.cpp, line 773]
Event: 17.420 Thread 0x0000021175c4df90 Exception <a 'java/lang/NoSuchMethodError'{0x00000000d57af348}: 'void java.lang.invoke.DirectMethodHandle$Holder.invokeInterface(java.lang.Object, java.lang.Object)'> (0x00000000d57af348) 
thrown [s\src\hotspot\share\interpreter\linkResolver.cpp, line 773]

ZGC Phase Switch (0 events):
No events

VM Operations (20 events):
Event: 16.218 Executing safepoint VM operation: ParallelGCFailedAllocation (Allocation Failure)
Event: 16.221 Executing safepoint VM operation: ParallelGCFailedAllocation (Allocation Failure) done
Event: 16.465 Executing safepoint VM operation: ParallelGCFailedAllocation (Allocation Failure)
Event: 16.469 Executing safepoint VM operation: ParallelGCFailedAllocation (Allocation Failure) done
Event: 16.733 Executing safepoint VM operation: ParallelGCFailedAllocation (Allocation Failure)
Event: 16.737 Executing safepoint VM operation: ParallelGCFailedAllocation (Allocation Failure) done
Event: 17.124 Executing safepoint VM operation: ParallelGCFailedAllocation (Allocation Failure)
Event: 17.127 Executing safepoint VM operation: ParallelGCFailedAllocation (Allocation Failure) done
Event: 17.396 Executing safepoint VM operation: ParallelGCFailedAllocation (Allocation Failure)
Event: 17.399 Executing safepoint VM operation: ParallelGCFailedAllocation (Allocation Failure) done
Event: 17.495 Executing non-safepoint VM operation: HandshakeAllThreads (Deoptimize)
Event: 17.495 Executing non-safepoint VM operation: HandshakeAllThreads (Deoptimize) done
Event: 17.810 Executing safepoint VM operation: ParallelGCFailedAllocation (Allocation Failure)
Event: 17.813 Executing safepoint VM operation: ParallelGCFailedAllocation (Allocation Failure) done
Event: 18.449 Executing safepoint VM operation: ParallelGCFailedAllocation (Allocation Failure)
Event: 18.452 Executing safepoint VM operation: ParallelGCFailedAllocation (Allocation Failure) done
Event: 18.796 Executing safepoint VM operation: ParallelGCFailedAllocation (Allocation Failure)
Event: 18.799 Executing safepoint VM operation: ParallelGCFailedAllocation (Allocation Failure) done
Event: 19.178 Executing safepoint VM operation: ParallelGCFailedAllocation (Allocation Failure)
Event: 19.181 Executing safepoint VM operation: ParallelGCFailedAllocation (Allocation Failure) done

Memory protections (0 events):
No events

Nmethod flushes (20 events):
Event: 12.526 Thread 0x0000021116bce380 flushing  nmethod 0x000002111a5e4f90
Event: 12.526 Thread 0x0000021116bce380 flushing  nmethod 0x000002111a5e5490
Event: 12.526 Thread 0x0000021116bce380 flushing  nmethod 0x000002111a5e8510
Event: 12.526 Thread 0x0000021116bce380 flushing  nmethod 0x000002111a5f0990
Event: 12.526 Thread 0x0000021116bce380 flushing  nmethod 0x000002111a626690
Event: 12.526 Thread 0x0000021116bce380 flushing  nmethod 0x000002111a626f90
Event: 12.526 Thread 0x0000021116bce380 flushing  nmethod 0x000002111a62e610
Event: 12.526 Thread 0x0000021116bce380 flushing  nmethod 0x000002111a630810
Event: 12.526 Thread 0x0000021116bce380 flushing  nmethod 0x000002111a640690
Event: 12.526 Thread 0x0000021116bce380 flushing  nmethod 0x000002111a641610
Event: 12.526 Thread 0x0000021116bce380 flushing  nmethod 0x000002111a642810
Event: 12.526 Thread 0x0000021116bce380 flushing  nmethod 0x000002111a645890
Event: 12.526 Thread 0x0000021116bce380 flushing  nmethod 0x000002111a647390
Event: 12.526 Thread 0x0000021116bce380 flushing  nmethod 0x000002111a64a710
Event: 12.526 Thread 0x0000021116bce380 flushing  nmethod 0x000002111a64b590
Event: 12.526 Thread 0x0000021116bce380 flushing  nmethod 0x000002111a64c490
Event: 12.526 Thread 0x0000021116bce380 flushing  nmethod 0x000002111a64ca10
Event: 12.526 Thread 0x0000021116bce380 flushing  nmethod 0x000002111a64cf10
Event: 12.526 Thread 0x0000021116bce380 flushing  nmethod 0x000002111a64d510
Event: 12.526 Thread 0x0000021116bce380 flushing  nmethod 0x000002111a652110

Events (20 events):
Event: 12.028 Thread 0x000002117770e490 Thread added: 0x0000021178222640
Event: 12.028 Thread 0x000002117770d770 Thread added: 0x0000021178222cd0
Event: 12.031 Thread 0x0000021178222cd0 Thread added: 0x000002117821f850
Event: 12.033 Thread 0x0000021178222640 Thread added: 0x000002117821fee0
Event: 12.039 Thread 0x000002117821f850 Thread added: 0x0000021178223360
Event: 12.045 Thread 0x000002117821fee0 Thread added: 0x00000211782239f0
Event: 12.052 Thread 0x0000021178223360 Thread added: 0x0000021178221fb0
Event: 12.055 Thread 0x00000211782239f0 Thread added: 0x0000021178220570
Event: 12.060 Thread 0x0000021178220570 Thread added: 0x0000021178224080
Event: 12.117 Thread 0x0000021175c4c550 Thread added: 0x0000021178220c00
Event: 17.448 Thread 0x0000021175c4df90 Thread added: 0x0000021178221920
Event: 17.449 Thread 0x0000021175c4df90 Thread added: 0x0000021178226e70
Event: 17.450 Thread 0x0000021175c4df90 Thread added: 0x0000021178226150
Event: 17.547 Thread 0x0000021175c4df90 Thread added: 0x0000021178225430
Event: 17.548 Thread 0x0000021175c4df90 Thread added: 0x00000211782267e0
Event: 19.298 Thread 0x0000021178221920 Thread exited: 0x0000021178221920
Event: 19.298 Thread 0x0000021178226e70 Thread exited: 0x0000021178226e70
Event: 19.298 Thread 0x0000021178226150 Thread exited: 0x0000021178226150
Event: 19.298 Thread 0x00000211782267e0 Thread exited: 0x00000211782267e0
Event: 19.299 Thread 0x0000021178225430 Thread exited: 0x0000021178225430


Dynamic libraries:
0x00007ff788f40000 - 0x00007ff788f4e000 	c:\Users\nicol\.vscode\extensions\redhat.java-1.56.0-win32-x64\jre\21.0.12.1-win32-x86_64\bin\java.exe
0x00007ffa75980000 - 0x00007ffa75be7000 	C:\WINDOWS\SYSTEM32\ntdll.dll
0x00007ffa74720000 - 0x00007ffa747eb000 	C:\WINDOWS\System32\KERNEL32.DLL
0x00007ffa73040000 - 0x00007ffa73442000 	C:\WINDOWS\System32\KERNELBASE.dll
0x00007ffa73480000 - 0x00007ffa735cc000 	C:\WINDOWS\System32\ucrtbase.dll
0x00007ffa62880000 - 0x00007ffa62898000 	c:\Users\nicol\.vscode\extensions\redhat.java-1.56.0-win32-x64\jre\21.0.12.1-win32-x86_64\bin\jli.dll
0x00007ffa744f0000 - 0x00007ffa746bf000 	C:\WINDOWS\System32\USER32.dll
0x00007ffa73450000 - 0x00007ffa73477000 	C:\WINDOWS\System32\win32u.dll
0x00007ffa73920000 - 0x00007ffa7394b000 	C:\WINDOWS\System32\GDI32.dll
0x00007ffa72e60000 - 0x00007ffa72f89000 	C:\WINDOWS\System32\gdi32full.dll
0x00007ffa72f90000 - 0x00007ffa73033000 	C:\WINDOWS\System32\msvcp_win.dll
0x00007ffa4c910000 - 0x00007ffa4cba0000 	C:\WINDOWS\WinSxS\amd64_microsoft.windows.common-controls_6595b64144ccf1df_6.0.26100.9278_none_3e0d1ba8e3303201\COMCTL32.dll
0x00007ffa62fb0000 - 0x00007ffa62fce000 	c:\Users\nicol\.vscode\extensions\redhat.java-1.56.0-win32-x64\jre\21.0.12.1-win32-x86_64\bin\VCRUNTIME140.dll
0x00007ffa75890000 - 0x00007ffa75939000 	C:\WINDOWS\System32\msvcrt.dll
0x00007ffa73710000 - 0x00007ffa73741000 	C:\WINDOWS\System32\IMM32.DLL
0x00007ffa6b060000 - 0x00007ffa6b06c000 	c:\Users\nicol\.vscode\extensions\redhat.java-1.56.0-win32-x64\jre\21.0.12.1-win32-x86_64\bin\vcruntime140_1.dll
0x00007ffa42a40000 - 0x00007ffa42acd000 	c:\Users\nicol\.vscode\extensions\redhat.java-1.56.0-win32-x64\jre\21.0.12.1-win32-x86_64\bin\msvcp140.dll
0x00007ff9567d0000 - 0x00007ff957572000 	c:\Users\nicol\.vscode\extensions\redhat.java-1.56.0-win32-x64\jre\21.0.12.1-win32-x86_64\bin\server\jvm.dll
0x00007ffa73850000 - 0x00007ffa7390c000 	C:\WINDOWS\System32\ADVAPI32.dll
0x00007ffa74b30000 - 0x00007ffa74bd9000 	C:\WINDOWS\System32\sechost.dll
0x00007ffa753e0000 - 0x00007ffa754f8000 	C:\WINDOWS\System32\RPCRT4.dll
0x00007ffa75330000 - 0x00007ffa753b0000 	C:\WINDOWS\System32\WS2_32.dll
0x00007ffa72820000 - 0x00007ffa7287e000 	C:\WINDOWS\SYSTEM32\POWRPROF.dll
0x00007ffa69750000 - 0x00007ffa69786000 	C:\WINDOWS\SYSTEM32\WINMM.dll
0x00007ffa69790000 - 0x00007ffa6979b000 	C:\WINDOWS\SYSTEM32\VERSION.dll
0x00007ffa72800000 - 0x00007ffa72815000 	C:\WINDOWS\SYSTEM32\UMPDC.dll
0x00007ffa71810000 - 0x00007ffa7182b000 	C:\WINDOWS\SYSTEM32\kernel.appcore.dll
0x00007ffa62f80000 - 0x00007ffa62f8a000 	c:\Users\nicol\.vscode\extensions\redhat.java-1.56.0-win32-x64\jre\21.0.12.1-win32-x86_64\bin\jimage.dll
0x00007ffa70330000 - 0x00007ffa7057c000 	C:\WINDOWS\SYSTEM32\DBGHELP.DLL
0x00007ffa75500000 - 0x00007ffa75885000 	C:\WINDOWS\System32\combase.dll
0x00007ffa74a50000 - 0x00007ffa74b29000 	C:\WINDOWS\System32\OLEAUT32.dll
0x00007ffa5c230000 - 0x00007ffa5c26b000 	C:\WINDOWS\SYSTEM32\dbgcore.DLL
0x00007ffa72c10000 - 0x00007ffa72cbc000 	C:\WINDOWS\System32\bcryptPrimitives.dll
0x00007ffa42a10000 - 0x00007ffa42a1f000 	c:\Users\nicol\.vscode\extensions\redhat.java-1.56.0-win32-x64\jre\21.0.12.1-win32-x86_64\bin\instrument.dll
0x00007ffa62780000 - 0x00007ffa627a0000 	c:\Users\nicol\.vscode\extensions\redhat.java-1.56.0-win32-x64\jre\21.0.12.1-win32-x86_64\bin\java.dll
0x00007ffa73bf0000 - 0x00007ffa74388000 	C:\WINDOWS\System32\SHELL32.dll
0x00007ffa705c0000 - 0x00007ffa70e6e000 	C:\WINDOWS\SYSTEM32\windows.storage.dll
0x00007ffa73750000 - 0x00007ffa7384b000 	C:\WINDOWS\System32\SHCORE.dll
0x00007ffa736a0000 - 0x00007ffa73706000 	C:\WINDOWS\System32\shlwapi.dll
0x00007ffa72aa0000 - 0x00007ffa72ac9000 	C:\WINDOWS\SYSTEM32\profapi.dll
0x00007ffa622d0000 - 0x00007ffa622e8000 	c:\Users\nicol\.vscode\extensions\redhat.java-1.56.0-win32-x64\jre\21.0.12.1-win32-x86_64\bin\zip.dll
0x00007ffa62820000 - 0x00007ffa62830000 	C:\Users\nicol\.vscode\extensions\redhat.java-1.56.0-win32-x64\jre\21.0.12.1-win32-x86_64\bin\net.dll
0x00007ffa6a1d0000 - 0x00007ffa6a2fa000 	C:\WINDOWS\SYSTEM32\WINHTTP.dll
0x00007ffa71db0000 - 0x00007ffa71e1c000 	C:\WINDOWS\system32\mswsock.dll
0x00007ffa62560000 - 0x00007ffa62576000 	C:\Users\nicol\.vscode\extensions\redhat.java-1.56.0-win32-x64\jre\21.0.12.1-win32-x86_64\bin\nio.dll
0x00007ffa42a00000 - 0x00007ffa42a10000 	c:\Users\nicol\.vscode\extensions\redhat.java-1.56.0-win32-x64\jre\21.0.12.1-win32-x86_64\bin\verify.dll
0x00007ffa429b0000 - 0x00007ffa429f5000 	C:\Users\nicol\AppData\Roaming\Code\User\globalStorage\redhat.java\1.56.0\config_win\org.eclipse.equinox.launcher\org.eclipse.equinox.launcher.win32.win32.x86_64_1.3.100.v20260804-1928\eclipse_11924.dll
0x00007ffa747f0000 - 0x00007ffa7498a000 	C:\WINDOWS\System32\ole32.dll
0x00007ffa721d0000 - 0x00007ffa721eb000 	C:\WINDOWS\SYSTEM32\CRYPTSP.dll
0x00007ffa71770000 - 0x00007ffa717a9000 	C:\WINDOWS\system32\rsaenh.dll
0x00007ffa71e60000 - 0x00007ffa71e94000 	C:\WINDOWS\SYSTEM32\USERENV.dll
0x00007ffa72a70000 - 0x00007ffa72a9a000 	C:\WINDOWS\SYSTEM32\bcrypt.dll
0x00007ffa72010000 - 0x00007ffa7201c000 	C:\WINDOWS\SYSTEM32\CRYPTBASE.dll
0x00007ffa71210000 - 0x00007ffa71243000 	C:\WINDOWS\SYSTEM32\IPHLPAPI.DLL
0x00007ffa74be0000 - 0x00007ffa74bea000 	C:\WINDOWS\System32\NSI.dll
0x00007ffa42960000 - 0x00007ffa429a9000 	C:\Users\nicol\AppData\Local\Temp\jna-104814053\jna8302197321684659726.dll
0x00007ffa74a20000 - 0x00007ffa74a28000 	C:\WINDOWS\System32\PSAPI.DLL
0x00007ffa6a7e0000 - 0x00007ffa6a7fd000 	C:\WINDOWS\SYSTEM32\dhcpcsvc6.DLL
0x00007ffa6a7b0000 - 0x00007ffa6a7d5000 	C:\WINDOWS\SYSTEM32\dhcpcsvc.DLL

JVMTI agents:
c:\Users\nicol\.vscode\extensions\redhat.java-1.56.0-win32-x64\lombok\lombok-1.18.39-4050.jar path:c:\Users\nicol\.vscode\extensions\redhat.java-1.56.0-win32-x64\jre\21.0.12.1-win32-x86_64\bin\instrument.dll, loaded, initialized, instrumentlib options:none

dbghelp: loaded successfully - version: 4.0.5 - missing functions: none
symbol engine: initialized successfully - sym options: 0x614 - pdb path: .;c:\Users\nicol\.vscode\extensions\redhat.java-1.56.0-win32-x64\jre\21.0.12.1-win32-x86_64\bin;C:\WINDOWS\SYSTEM32;C:\WINDOWS\WinSxS\amd64_microsoft.windows.common-controls_6595b64144ccf1df_6.0.26100.9278_none_3e0d1ba8e3303201;c:\Users\nicol\.vscode\extensions\redhat.java-1.56.0-win32-x64\jre\21.0.12.1-win32-x86_64\bin\server;C:\Users\nicol\AppData\Roaming\Code\User\globalStorage\redhat.java\1.56.0\config_win\org.eclipse.equinox.launcher\org.eclipse.equinox.launcher.win32.win32.x86_64_1.3.100.v20260804-1928;C:\Users\nicol\AppData\Local\Temp\jna-104814053

VM Arguments:
jvm_args: --add-modules=ALL-SYSTEM --add-opens=java.base/java.util=ALL-UNNAMED --add-opens=java.base/java.lang=ALL-UNNAMED --add-opens=java.base/sun.nio.fs=ALL-UNNAMED -Declipse.application=org.eclipse.jdt.ls.core.id1 -Dosgi.bundles.defaultStartLevel=4 -Declipse.product=org.eclipse.jdt.ls.core.product -Djava.import.generatesMetadataFilesAtProjectRoot=false -Dm2e.project.cache.size=50 -DDetectVMInstallationsJob.disabled=true -Dfile.encoding=utf8 -XX:+UseParallelGC -XX:GCTimeRatio=4 -XX:AdaptiveSizePolicyWeight=90 -Dsun.zip.disableMemoryMapping=true -Xmx2G -Xms100m -Xlog:disable -javaagent:c:\Users\nicol\.vscode\extensions\redhat.java-1.56.0-win32-x64\lombok\lombok-1.18.39-4050.jar -XX:+HeapDumpOnOutOfMemoryError -XX:HeapDumpPath=c:\Users\nicol\AppData\Roaming\Code\User\workspaceStorage\b51f45c7fabee92b3e77ba02943ecedf\redhat.java -Daether.dependencyCollector.impl=bf 
java_command: c:\Users\nicol\.vscode\extensions\redhat.java-1.56.0-win32-x64\server\plugins\org.eclipse.equinox.launcher_1.8.0.v20260804-1928.jar -configuration c:\Users\nicol\AppData\Roaming\Code\User\globalStorage\redhat.java\1.56.0\config_win -data c:\Users\nicol\AppData\Roaming\Code\User\workspaceStorage\b51f45c7fabee92b3e77ba02943ecedf\redhat.java\jdt_ws --stdio
java_class_path (initial): c:\Users\nicol\.vscode\extensions\redhat.java-1.56.0-win32-x64\server\plugins\org.eclipse.equinox.launcher_1.8.0.v20260804-1928.jar
Launcher Type: SUN_STANDARD

[Global flags]
    uintx AdaptiveSizePolicyWeight                 = 90                                        {product} {command line}
     intx CICompilerCount                          = 4                                         {product} {ergonomic}
    uintx GCTimeRatio                              = 4                                         {product} {command line}
     bool HeapDumpOnOutOfMemoryError               = true                                   {manageable} {command line}
    ccstr HeapDumpPath                             = c:\Users\nicol\AppData\Roaming\Code\User\workspaceStorage\b51f45c7fabee92b3e77ba02943ecedf\redhat.java         {manageable} {command line}
   size_t InitialHeapSize                          = 104857600                                 {product} {command line}
   size_t MaxHeapSize                              = 2147483648                                {product} {command line}
   size_t MaxNewSize                               = 715653120                                 {product} {ergonomic}
   size_t MinHeapDeltaBytes                        = 524288                                    {product} {ergonomic}
   size_t MinHeapSize                              = 104857600                                 {product} {command line}
   size_t NewSize                                  = 34603008                                  {product} {ergonomic}
    uintx NonNMethodCodeHeapSize                   = 5839372                                {pd product} {ergonomic}
    uintx NonProfiledCodeHeapSize                  = 122909434                              {pd product} {ergonomic}
   size_t OldSize                                  = 70254592                                  {product} {ergonomic}
    uintx ProfiledCodeHeapSize                     = 122909434                              {pd product} {ergonomic}
    uintx ReservedCodeCacheSize                    = 251658240                              {pd product} {ergonomic}
     bool SegmentedCodeCache                       = true                                      {product} {ergonomic}
   size_t SoftMaxHeapSize                          = 2147483648                             {manageable} {ergonomic}
     bool UseCompressedOops                        = true                           {product lp64_product} {ergonomic}
     bool UseLargePagesIndividualAllocation        = false                                  {pd product} {ergonomic}
     bool UseParallelGC                            = true                                      {product} {command line}

Logging:
Log output configuration:
 #0: stdout all=off uptime,level,tags foldmultilines=false
 #1: stderr all=off uptime,level,tags foldmultilines=false

Release file:
JAVA_VERSION="21.0.12.1" 
MODULES="java.base java.compiler java.datatransfer java.xml java.prefs java.desktop java.instrument java.logging java.management java.security.sasl java.naming java.rmi java.management.rmi java.net.http java.scripting java.security.jgss java.transaction.xa java.sql java.sql.rowset java.xml.crypto java.se java.smartcardio jdk.accessibility jdk.internal.jvmstat jdk.attach jdk.charsets jdk.internal.opt jdk.zipfs jdk.compiler jdk.crypto.ec jdk.crypto.cryptoki jdk.crypto.mscapi jdk.dynalink jdk.internal.ed jdk.editpad jdk.hotspot.agent jdk.httpserver jdk.internal.le jdk.internal.vm.ci jdk.internal.vm.compiler jdk.internal.vm.compiler.management jdk.jartool jdk.javadoc jdk.jcmd jdk.management jdk.management.agent jdk.jconsole jdk.jdeps jdk.jdwp.agent jdk.jdi jdk.jfr jdk.jshell jdk.jsobject jdk.jstatd jdk.localedata jdk.management.jfr jdk.naming.dns jdk.naming.rmi jdk.net jdk.nio.mapmode jdk.random jdk.sctp jdk.security.auth jdk.security.jgss jdk.unsupported jdk.unsupported.desktop jdk.xml.dom" 

Environment Variables:
JAVA_HOME=C:\Program Files\Java\jdk-21.0.12.1
PATH=C:\Program Files\Common Files\Oracle\Java\javapath;C:\app\nicol\product\21c\dbhomeXE\bin;C:\WINDOWS\system32;C:\WINDOWS;C:\WINDOWS\System32\Wbem;C:\WINDOWS\System32\WindowsPowerShell\v1.0\;C:\WINDOWS\System32\OpenSSH\;C:\maven\bin;C:\Program Files\Git\cmd;C:\Program Files\Java\jdk-21\bin;C:\mingw32\bin;C:\Program Files\PuTTY\;C:\Users\nicol\AppData\Local\Programs\Python\Launcher\;C:\Users\nicol\AppData\Local\Microsoft\WindowsApps;C:\Users\nicol\AppData\Local\Programs\Microsoft VS Code\bin;;C:\Users\nicol\AppData\Local\Programs\DockerDesktop\resources\bin
USERNAME=nicol
OS=Windows_NT
PROCESSOR_IDENTIFIER=AMD64 Family 23 Model 104 Stepping 1, AuthenticAMD
TMP=C:\Users\nicol\AppData\Local\Temp
TEMP=C:\Users\nicol\AppData\Local\Temp




Periodic native trim disabled

---------------  S Y S T E M  ---------------

OS:
 Windows 11 , 64 bit Build 26100 (10.0.26100.9444)
OS uptime: 0 days 17:36 hours
Hyper-V role detected

CPU: total 12 (initial active 12) (12 cores per cpu, 2 threads per core) family 23 model 104 stepping 1 microcode 0x8608103, cx8, cmov, fxsr, ht, mmx, 3dnowpref, sse, sse2, sse3, ssse3, sse4a, sse4.1, sse4.2, popcnt, lzcnt, tsc, tscinvbit, avx, avx2, aes, clmul, bmi1, bmi2, adx, sha, fma, vzeroupper, clflush, clflushopt, hv, rdtscp, rdpid, f16c
Processor Information for the first 12 processors :
  Max Mhz: 2100, Current Mhz: 2100, Mhz Limit: 2100

Memory: 4k page, system-wide physical 5966M (239M free)
TotalPageFile size 24398M (AvailPageFile size 96M)
current process WorkingSet (physical memory assigned to process): 313M, peak: 313M
current process commit charge ("private bytes"): 388M, peak: 389M

vm_info: OpenJDK 64-Bit Server VM (21.0.12.1+1-LTS) for windows-amd64 JRE (21.0.12.1+1-LTS), built on 2026-08-18T00:00:00Z by "admin" with MS VC++ 17.12 (VS2022)

END.
