#
# There is insufficient memory for the Java Runtime Environment to continue.
# Native memory allocation (malloc) failed to allocate 92256 bytes. Error detail: Chunk::new
# Possible reasons:
#   The system is out of physical RAM or swap space
#   This process is running with CompressedOops enabled, and the Java Heap may be blocking the growth of the native heap
# Possible solutions:
#   Reduce memory load on the system
#   Increase physical memory or swap space
#   Check if swap backing store is full
#   Decrease Java heap size (-Xmx/-Xms)
#   Decrease number of Java threads
#   Decrease Java thread stack sizes (-Xss)
#   Set larger code cache with -XX:ReservedCodeCacheSize=
#   JVM is running with Unscaled Compressed Oops mode in which the Java heap is
#     placed in the first 4GB address space. The Java Heap base address is the
#     maximum limit for the native heap growth. Please use -XX:HeapBaseMinAddress
#     to set the Java Heap base and to place the Java Heap above 4GB virtual address.
# This output file may be truncated or incomplete.
#
#  Out of Memory Error (arena.cpp:168), pid=22288, tid=24448
#
# JRE version: OpenJDK Runtime Environment Temurin-21.0.12.1+1 (21.0.12.1+1) (build 21.0.12.1+1-LTS)
# Java VM: OpenJDK 64-Bit Server VM Temurin-21.0.12.1+1 (21.0.12.1+1-LTS, mixed mode, sharing, tiered, compressed oops, compressed class ptrs, parallel gc, windows-amd64)
# No core dump will be written. Minidumps are not enabled by default on client versions of Windows
#

---------------  S U M M A R Y ------------

Command Line: --add-modules=ALL-SYSTEM --add-opens=java.base/java.util=ALL-UNNAMED --add-opens=java.base/java.lang=ALL-UNNAMED --add-opens=java.base/sun.nio.fs=ALL-UNNAMED -Declipse.application=org.eclipse.jdt.ls.core.id1 -Dosgi.bundles.defaultStartLevel=4 -Declipse.product=org.eclipse.jdt.ls.core.product -Djava.import.generatesMetadataFilesAtProjectRoot=false -Dm2e.project.cache.size=50 -DDetectVMInstallationsJob.disabled=true -Dfile.encoding=utf8 -XX:+UseParallelGC -XX:GCTimeRatio=4 -XX:AdaptiveSizePolicyWeight=90 -Dsun.zip.disableMemoryMapping=true -Xmx2G -Xms100m -Xlog:disable -javaagent:c:\Users\nicol\.vscode\extensions\redhat.java-1.56.0-win32-x64\lombok\lombok-1.18.39-4050.jar -XX:+HeapDumpOnOutOfMemoryError -XX:HeapDumpPath=c:\Users\nicol\AppData\Roaming\Code\User\workspaceStorage\b51f45c7fabee92b3e77ba02943ecedf\redhat.java -Daether.dependencyCollector.impl=bf c:\Users\nicol\.vscode\extensions\redhat.java-1.56.0-win32-x64\server\plugins\org.eclipse.equinox.launcher_1.8.0.v20260804-1928.jar -configuration c:\Users\nicol\AppData\Roaming\Code\User\globalStorage\redhat.java\1.56.0\config_win -data c:\Users\nicol\AppData\Roaming\Code\User\workspaceStorage\b51f45c7fabee92b3e77ba02943ecedf\redhat.java\jdt_ws --stdio

Host: AMD Ryzen 5 5500U with Radeon Graphics         , 12 cores, 5G,  Windows 11 , 64 bit Build 26100 (10.0.26100.9444)
Time: Tue Sep 15 10:23:54 2026 Hora est. Pacífico, Sudamérica elapsed time: 32.034229 seconds (0d 0h 0m 32s)

---------------  T H R E A D  ---------------

Current thread (0x000001e225837710):  JavaThread "C2 CompilerThread0" daemon [_thread_in_native, id=24448, stack(0x00000020abd00000,0x00000020abe00000) (1024K)]


Current CompileTask:
C2:32034 7897   !   4       org.eclipse.osgi.internal.loader.classpath.ClasspathManager::findLocalClass (210 bytes)

Stack: [0x00000020abd00000,0x00000020abe00000]
Native frames: (J=compiled Java code, j=interpreted, Vv=VM code, C=native code)
V  [jvm.dll+0x6d83e9]
V  [jvm.dll+0x8b5736]
V  [jvm.dll+0x8b7cee]
V  [jvm.dll+0x8b83d3]
V  [jvm.dll+0x284596]
V  [jvm.dll+0xc685d]
V  [jvm.dll+0xc6da1]
V  [jvm.dll+0x2fbded]
V  [jvm.dll+0x38aaee]
V  [jvm.dll+0x24c700]
V  [jvm.dll+0x24bce0]
V  [jvm.dll+0x1cb4ae]
V  [jvm.dll+0x25baad]
V  [jvm.dll+0x25a03a]
V  [jvm.dll+0x3f8aae]
V  [jvm.dll+0x8600cd]
V  [jvm.dll+0x6d6c1d]
C  [ucrtbase.dll+0x2cd30]
C  [KERNEL32.DLL+0x2cd87]
C  [ntdll.dll+0xacaec]


---------------  P R O C E S S  ---------------

Threads class SMR info:
_java_thread_list=0x000001e207427f30, length=71, elements={
0x000001e22577d280, 0x000001e22572da00, 0x000001e225821260, 0x000001e225823e40,
0x000001e225824aa0, 0x000001e225826830, 0x000001e225830c40, 0x000001e225837710,
0x000001e27e5b3fe0, 0x000001e27e71f070, 0x000001e27e8d9450, 0x000001e27fb3aa80,
0x000001e27f978900, 0x000001e27f8c5c90, 0x000001e27e6cfb90, 0x000001e27fc472a0,
0x000001e2043e1c40, 0x000001e20405c170, 0x000001e20405d520, 0x000001e20405c800,
0x000001e20405ce90, 0x000001e20405ef60, 0x000001e20405dbb0, 0x000001e20405f5f0,
0x000001e20405e8d0, 0x000001e204d1ac10, 0x000001e204d1bfc0, 0x000001e204d19860,
0x000001e204d1c650, 0x000001e204d191d0, 0x000001e204d19ef0, 0x000001e204d1cce0,
0x000001e204d1b2a0, 0x000001e204d1b930, 0x000001e204d1a580, 0x000001e204d1e090,
0x000001e204d1d370, 0x000001e204d20160, 0x000001e204d207f0, 0x000001e204d1edb0,
0x000001e204d1f440, 0x000001e204d1fad0, 0x000001e204726b40, 0x000001e204725100,
0x000001e2047264b0, 0x000001e204727ef0, 0x000001e2047271d0, 0x000001e204728c10,
0x000001e204728580, 0x000001e204727860, 0x000001e204725790, 0x000001e204725e20,
0x000001e2047292a0, 0x000001e204729930, 0x000001e20472ace0, 0x000001e20472a650,
0x000001e204729fc0, 0x000001e20472b370, 0x000001e20472ba00, 0x000001e20472c090,
0x000001e20472c720, 0x000001e206e31920, 0x000001e206e31290, 0x000001e206e31fb0,
0x000001e206e32cd0, 0x000001e206e2fee0, 0x000001e206e2f850, 0x000001e206e30570,
0x000001e206e30c00, 0x000001e206e32640, 0x000001e204332000
}

Java Threads: ( => current thread )
  0x000001e22577d280 JavaThread "main"                              [_thread_blocked, id=14564, stack(0x00000020ab300000,0x00000020ab400000) (1024K)]
  0x000001e22572da00 JavaThread "Reference Handler"          daemon [_thread_blocked, id=11056, stack(0x00000020ab700000,0x00000020ab800000) (1024K)]
  0x000001e225821260 JavaThread "Finalizer"                  daemon [_thread_blocked, id=26364, stack(0x00000020ab800000,0x00000020ab900000) (1024K)]
  0x000001e225823e40 JavaThread "Signal Dispatcher"          daemon [_thread_blocked, id=22640, stack(0x00000020ab900000,0x00000020aba00000) (1024K)]
  0x000001e225824aa0 JavaThread "Attach Listener"            daemon [_thread_blocked, id=26224, stack(0x00000020aba00000,0x00000020abb00000) (1024K)]
  0x000001e225826830 JavaThread "Service Thread"             daemon [_thread_blocked, id=3204, stack(0x00000020abb00000,0x00000020abc00000) (1024K)]
  0x000001e225830c40 JavaThread "Monitor Deflation Thread"   daemon [_thread_blocked, id=10036, stack(0x00000020abc00000,0x00000020abd00000) (1024K)]
=>0x000001e225837710 JavaThread "C2 CompilerThread0"         daemon [_thread_in_native, id=24448, stack(0x00000020abd00000,0x00000020abe00000) (1024K)]
  0x000001e27e5b3fe0 JavaThread "C1 CompilerThread0"         daemon [_thread_blocked, id=6016, stack(0x00000020abe00000,0x00000020abf00000) (1024K)]
  0x000001e27e71f070 JavaThread "Common-Cleaner"             daemon [_thread_blocked, id=3300, stack(0x00000020abf00000,0x00000020ac000000) (1024K)]
  0x000001e27e8d9450 JavaThread "Notification Thread"        daemon [_thread_blocked, id=15952, stack(0x00000020ac000000,0x00000020ac100000) (1024K)]
  0x000001e27fb3aa80 JavaThread "Active Thread: Equinox Container: a5094244-2e9b-42d9-807f-4e2bcd822e08"        [_thread_blocked, id=23456, stack(0x00000020ac700000,0x00000020ac800000) (1024K)]
  0x000001e27f978900 JavaThread "Refresh Thread: Equinox Container: a5094244-2e9b-42d9-807f-4e2bcd822e08" daemon [_thread_blocked, id=28520, stack(0x00000020ac900000,0x00000020aca00000) (1024K)]
  0x000001e27f8c5c90 JavaThread "Framework Event Dispatcher: Equinox Container: a5094244-2e9b-42d9-807f-4e2bcd822e08" daemon [_thread_blocked, id=16636, stack(0x00000020aca00000,0x00000020acb00000) (1024K)]
  0x000001e27e6cfb90 JavaThread "Start Level: Equinox Container: a5094244-2e9b-42d9-807f-4e2bcd822e08" daemon [_thread_blocked, id=3284, stack(0x00000020acb00000,0x00000020acc00000) (1024K)]
  0x000001e27fc472a0 JavaThread "Bundle File Closer"         daemon [_thread_blocked, id=27360, stack(0x00000020ace00000,0x00000020acf00000) (1024K)]
  0x000001e2043e1c40 JavaThread "SCR Component Actor"        daemon [_thread_blocked, id=21468, stack(0x00000020acf00000,0x00000020ad000000) (1024K)]
  0x000001e20405c170 JavaThread "Worker-JM"                         [_thread_blocked, id=13668, stack(0x00000020ad000000,0x00000020ad100000) (1024K)]
  0x000001e20405d520 JavaThread "JNA Cleaner"                daemon [_thread_blocked, id=27168, stack(0x00000020ad100000,0x00000020ad200000) (1024K)]
  0x000001e20405c800 JavaThread "Worker-0"                          [_thread_blocked, id=18480, stack(0x00000020ad200000,0x00000020ad300000) (1024K)]
  0x000001e20405ce90 JavaThread "Worker-1: Publish Diagnostics"        [_thread_in_native, id=22656, stack(0x00000020ad300000,0x00000020ad400000) (1024K)]
  0x000001e20405ef60 JavaThread "Java indexing"              daemon [_thread_blocked, id=19088, stack(0x00000020ad400000,0x00000020ad500000) (1024K)]
  0x000001e20405dbb0 JavaThread "Worker-2"                          [_thread_blocked, id=10636, stack(0x00000020ad500000,0x00000020ad600000) (1024K)]
  0x000001e20405f5f0 JavaThread "Worker-3: Initialize Workspace"        [_thread_blocked, id=27820, stack(0x00000020ad900000,0x00000020ada00000) (1024K)]
  0x000001e20405e8d0 JavaThread "Worker-4: Initialize workspace"        [_thread_blocked, id=23380, stack(0x00000020ada00000,0x00000020adb00000) (1024K)]
  0x000001e204d1ac10 JavaThread "pool-2-thread-1"                   [_thread_blocked, id=28032, stack(0x00000020adb00000,0x00000020adc00000) (1024K)]
  0x000001e204d1bfc0 JavaThread "WorkspaceEventsHandler"            [_thread_blocked, id=5900, stack(0x00000020adc00000,0x00000020add00000) (1024K)]
  0x000001e204d19860 JavaThread "pool-1-thread-1"                   [_thread_in_native, id=7668, stack(0x00000020add00000,0x00000020ade00000) (1024K)]
  0x000001e204d1c650 JavaThread "PatternSearchJob-worker-1"  daemon [_thread_blocked, id=15076, stack(0x00000020adf00000,0x00000020ae000000) (1024K)]
  0x000001e204d191d0 JavaThread "PatternSearchJob-worker-2"  daemon [_thread_blocked, id=24468, stack(0x00000020ae000000,0x00000020ae100000) (1024K)]
  0x000001e204d19ef0 JavaThread "PatternSearchJob-worker-3"  daemon [_thread_blocked, id=22372, stack(0x00000020ae100000,0x00000020ae200000) (1024K)]
  0x000001e204d1cce0 JavaThread "PatternSearchJob-worker-4"  daemon [_thread_blocked, id=22072, stack(0x00000020ae200000,0x00000020ae300000) (1024K)]
  0x000001e204d1b2a0 JavaThread "PatternSearchJob-worker-5"  daemon [_thread_blocked, id=14948, stack(0x00000020ae300000,0x00000020ae400000) (1024K)]
  0x000001e204d1b930 JavaThread "PatternSearchJob-worker-6"  daemon [_thread_blocked, id=27088, stack(0x00000020ae400000,0x00000020ae500000) (1024K)]
  0x000001e204d1a580 JavaThread "PatternSearchJob-worker-7"  daemon [_thread_blocked, id=25320, stack(0x00000020ae500000,0x00000020ae600000) (1024K)]
  0x000001e204d1e090 JavaThread "PatternSearchJob-worker-8"  daemon [_thread_blocked, id=14600, stack(0x00000020ae600000,0x00000020ae700000) (1024K)]
  0x000001e204d1d370 JavaThread "PatternSearchJob-worker-9"  daemon [_thread_blocked, id=6424, stack(0x00000020ae700000,0x00000020ae800000) (1024K)]
  0x000001e204d20160 JavaThread "PatternSearchJob-worker-10" daemon [_thread_blocked, id=25120, stack(0x00000020ae800000,0x00000020ae900000) (1024K)]
  0x000001e204d207f0 JavaThread "PatternSearchJob-worker-11" daemon [_thread_blocked, id=11460, stack(0x00000020ae900000,0x00000020aea00000) (1024K)]
  0x000001e204d1edb0 JavaThread "Keep-Alive-Timer"           daemon [_thread_blocked, id=17136, stack(0x00000020aea00000,0x00000020aeb00000) (1024K)]
  0x000001e204d1f440 JavaThread "Worker-5"                          [_thread_blocked, id=27308, stack(0x00000020aeb00000,0x00000020aec00000) (1024K)]
  0x000001e204d1fad0 JavaThread "Worker-6: Building"                [_thread_in_native, id=8012, stack(0x00000020aec00000,0x00000020aed00000) (1024K)]
  0x000001e204726b40 JavaThread "ForkJoinPool.commonPool-worker-1" daemon [_thread_blocked, id=23092, stack(0x00000020aed00000,0x00000020aee00000) (1024K)]
  0x000001e204725100 JavaThread "ForkJoinPool.commonPool-worker-2" daemon [_thread_in_native, id=26028, stack(0x00000020aee00000,0x00000020aef00000) (1024K)]
  0x000001e2047264b0 JavaThread "ForkJoinPool.commonPool-worker-3" daemon [_thread_in_native, id=20392, stack(0x00000020aef00000,0x00000020af000000) (1024K)]
  0x000001e204727ef0 JavaThread "ForkJoinPool.commonPool-worker-4" daemon [_thread_blocked, id=25304, stack(0x00000020af000000,0x00000020af100000) (1024K)]
  0x000001e2047271d0 JavaThread "ForkJoinPool.commonPool-worker-5" daemon [_thread_in_Java, id=27120, stack(0x00000020af100000,0x00000020af200000) (1024K)]
  0x000001e204728c10 JavaThread "ForkJoinPool.commonPool-worker-6" daemon [_thread_in_native, id=24484, stack(0x00000020af200000,0x00000020af300000) (1024K)]
  0x000001e204728580 JavaThread "LocalFile Deleter"          daemon [_thread_blocked, id=7972, stack(0x00000020ab100000,0x00000020ab200000) (1024K)]
  0x000001e204727860 JavaThread "LocalFile Deleter"          daemon [_thread_blocked, id=18748, stack(0x00000020af300000,0x00000020af400000) (1024K)]
  0x000001e204725790 JavaThread "LocalFile Deleter"          daemon [_thread_blocked, id=25520, stack(0x00000020af400000,0x00000020af500000) (1024K)]
  0x000001e204725e20 JavaThread "LocalFile Deleter"          daemon [_thread_blocked, id=16368, stack(0x00000020af500000,0x00000020af600000) (1024K)]
  0x000001e2047292a0 JavaThread "LocalFile Deleter"          daemon [_thread_blocked, id=26480, stack(0x00000020af600000,0x00000020af700000) (1024K)]
  0x000001e204729930 JavaThread "LocalFile Deleter"          daemon [_thread_blocked, id=11164, stack(0x00000020af700000,0x00000020af800000) (1024K)]
  0x000001e20472ace0 JavaThread "LocalFile Deleter"          daemon [_thread_blocked, id=5144, stack(0x00000020af800000,0x00000020af900000) (1024K)]
  0x000001e20472a650 JavaThread "LocalFile Deleter"          daemon [_thread_blocked, id=23496, stack(0x00000020af900000,0x00000020afa00000) (1024K)]
  0x000001e204729fc0 JavaThread "LocalFile Deleter"          daemon [_thread_blocked, id=23968, stack(0x00000020afa00000,0x00000020afb00000) (1024K)]
  0x000001e20472b370 JavaThread "LocalFile Deleter"          daemon [_thread_blocked, id=19632, stack(0x00000020afb00000,0x00000020afc00000) (1024K)]
  0x000001e20472ba00 JavaThread "LocalFile Deleter"          daemon [_thread_blocked, id=22660, stack(0x00000020afc00000,0x00000020afd00000) (1024K)]
  0x000001e20472c090 JavaThread "LocalFile Deleter"          daemon [_thread_blocked, id=11404, stack(0x00000020afd00000,0x00000020afe00000) (1024K)]
  0x000001e20472c720 JavaThread "Compiler Source File Reader" daemon [_thread_blocked, id=16108, stack(0x00000020afe00000,0x00000020aff00000) (1024K)]
  0x000001e206e31920 JavaThread "Compiler Source File Reader" daemon [_thread_blocked, id=27100, stack(0x00000020aff00000,0x00000020b0000000) (1024K)]
  0x000001e206e31290 JavaThread "Compiler Source File Reader" daemon [_thread_blocked, id=11076, stack(0x00000020b0000000,0x00000020b0100000) (1024K)]
  0x000001e206e31fb0 JavaThread "Compiler Source File Reader" daemon [_thread_blocked, id=4952, stack(0x00000020b0100000,0x00000020b0200000) (1024K)]
  0x000001e206e32cd0 JavaThread "Compiler Source File Reader" daemon [_thread_blocked, id=13948, stack(0x00000020b0200000,0x00000020b0300000) (1024K)]
  0x000001e206e2fee0 JavaThread "Compiler Source File Reader" daemon [_thread_blocked, id=20652, stack(0x00000020b0300000,0x00000020b0400000) (1024K)]
  0x000001e206e2f850 JavaThread "Compiler Source File Reader" daemon [_thread_blocked, id=6152, stack(0x00000020b0400000,0x00000020b0500000) (1024K)]
  0x000001e206e30570 JavaThread "Compiler Source File Reader" daemon [_thread_blocked, id=8064, stack(0x00000020b0500000,0x00000020b0600000) (1024K)]
  0x000001e206e30c00 JavaThread "Compiler Source File Reader" daemon [_thread_blocked, id=16144, stack(0x00000020b0600000,0x00000020b0700000) (1024K)]
  0x000001e206e32640 JavaThread "Compiler Source File Reader" daemon [_thread_blocked, id=8472, stack(0x00000020b0700000,0x00000020b0800000) (1024K)]
  0x000001e204332000 JavaThread "Thread-1"                   daemon [_thread_in_vm, id=27556, stack(0x00000020b0800000,0x00000020b0900000) (1024K)]
Total: 71

Other Threads:
  0x000001e225712f30 VMThread "VM Thread"                           [id=9092, stack(0x00000020ab600000,0x00000020ab700000) (1024K)]
  0x000001e22560ca00 WatcherThread "VM Periodic Task Thread"        [id=20648, stack(0x00000020ab500000,0x00000020ab600000) (1024K)]
  0x000001e22579d100 WorkerThread "GC Thread#0"                     [id=20004, stack(0x00000020ab400000,0x00000020ab500000) (1024K)]
  0x000001e27f70ffe0 WorkerThread "GC Thread#1"                     [id=11144, stack(0x00000020ac100000,0x00000020ac200000) (1024K)]
  0x000001e27f710390 WorkerThread "GC Thread#2"                     [id=7720, stack(0x00000020ac200000,0x00000020ac300000) (1024K)]
  0x000001e27f710740 WorkerThread "GC Thread#3"                     [id=22520, stack(0x00000020ac300000,0x00000020ac400000) (1024K)]
  0x000001e27f714ca0 WorkerThread "GC Thread#4"                     [id=13660, stack(0x00000020ac400000,0x00000020ac500000) (1024K)]
  0x000001e27f715050 WorkerThread "GC Thread#5"                     [id=18248, stack(0x00000020ac500000,0x00000020ac600000) (1024K)]
  0x000001e27f715400 WorkerThread "GC Thread#6"                     [id=18652, stack(0x00000020ac600000,0x00000020ac700000) (1024K)]
  0x000001e27f97a0b0 WorkerThread "GC Thread#7"                     [id=22952, stack(0x00000020ac800000,0x00000020ac900000) (1024K)]
  0x000001e27f979d00 WorkerThread "GC Thread#8"                     [id=15052, stack(0x00000020acc00000,0x00000020acd00000) (1024K)]
  0x000001e27f97b320 WorkerThread "GC Thread#9"                     [id=26296, stack(0x00000020acd00000,0x00000020ace00000) (1024K)]
Total: 12

Threads with active compile tasks:
C2 CompilerThread0  32082 7897   !   4       org.eclipse.osgi.internal.loader.classpath.ClasspathManager::findLocalClass (210 bytes)
Total: 1

VM state: not at safepoint (normal execution)

VM Mutex/Monitor currently owned by a thread: None

Heap address: 0x0000000080000000, size: 2048 MB, Compressed Oops mode: 32-bit

CDS archive(s) mapped at: [0x000001e23d000000-0x000001e23dba0000-0x000001e23dba0000), size 12189696, SharedBaseAddress: 0x000001e23d000000, ArchiveRelocationMode: 1.
Compressed class space mapped at: 0x000001e23e000000-0x000001e27e000000, reserved size: 1073741824
Narrow klass base: 0x000001e23d000000, Narrow klass shift: 0, Narrow klass range: 0x100000000

GC Precious Log:
 CardTable entry size: 512
 CPUs: 12 total, 12 available
 Memory: 5966M
 Large Page Support: Disabled
 NUMA Support: Disabled
 Compressed Oops: Enabled (32-bit)
 Alignments: Space 512K, Generation 512K, Heap 2M
 Heap Min Capacity: 100M
 Heap Initial Capacity: 100M
 Heap Max Capacity: 2G
 Pre-touch: Disabled
 Parallel Workers: 10

Heap:
 PSYoungGen      total 18944K, used 8123K [0x00000000d5580000, 0x00000000d6a80000, 0x0000000100000000)
  eden space 16896K, 36% used [0x00000000d5580000,0x00000000d5b74cd8,0x00000000d6600000)
  from space 2048K, 98% used [0x00000000d6600000,0x00000000d67fa000,0x00000000d6800000)
  to   space 2048K, 0% used [0x00000000d6800000,0x00000000d6800000,0x00000000d6a00000)
 ParOldGen       total 68608K, used 66433K [0x0000000080000000, 0x0000000084300000, 0x00000000d5580000)
  object space 68608K, 96% used [0x0000000080000000,0x00000000840e0668,0x0000000084300000)
 Metaspace       used 63214K, committed 64704K, reserved 1114112K
  class space    used 6899K, committed 7488K, reserved 1048576K

Card table byte_map: [0x000001e225120000,0x000001e225530000] _byte_map_base: 0x000001e224d20000

Marking Bits: (ParMarkBitMap*) 0x00007ff9574944a0
 Begin Bits: [0x000001e237c30000, 0x000001e239c30000)
 End Bits:   [0x000001e239c30000, 0x000001e23bc30000)

Polling page: 0x000001e223330000

Metaspace:

Usage:
  Non-class:     54.99 MB used.
      Class:      6.74 MB used.
       Both:     61.73 MB used.

Virtual space:
  Non-class space:       64.00 MB reserved,      55.88 MB ( 87%) committed,  1 nodes.
      Class space:        1.00 GB reserved,       7.31 MB ( <1%) committed,  1 nodes.
             Both:        1.06 GB reserved,      63.19 MB (  6%) committed. 

Chunk freelists:
   Non-Class:  7.86 MB
       Class:  8.53 MB
        Both:  16.39 MB

MaxMetaspaceSize: unlimited
CompressedClassSpaceSize: 1.00 GB
Initial GC threshold: 21.00 MB
Current GC threshold: 105.12 MB
CDS: on
 - commit_granule_bytes: 65536.
 - commit_granule_words: 8192.
 - virtual_space_node_default_size: 8388608.
 - enlarge_chunks_in_place: 1.
 - use_allocation_guard: 0.


Internal statistics:

num_allocs_failed_limit: 9.
num_arena_births: 1142.
num_arena_deaths: 14.
num_vsnodes_births: 2.
num_vsnodes_deaths: 0.
num_space_committed: 1011.
num_space_uncommitted: 0.
num_chunks_returned_to_freelist: 23.
num_chunks_taken_from_freelist: 3976.
num_chunk_merges: 15.
num_chunk_splits: 2414.
num_chunks_enlarged: 1303.
num_inconsistent_stats: 0.

CodeHeap 'non-profiled nmethods': size=120000Kb used=2689Kb max_used=2996Kb free=117310Kb
 bounds [0x000001e230450000, 0x000001e230740000, 0x000001e237980000]
CodeHeap 'profiled nmethods': size=120000Kb used=13661Kb max_used=15354Kb free=106338Kb
 bounds [0x000001e228980000, 0x000001e229890000, 0x000001e22feb0000]
CodeHeap 'non-nmethods': size=5760Kb used=1458Kb max_used=1500Kb free=4301Kb
 bounds [0x000001e22feb0000, 0x000001e230120000, 0x000001e230450000]
CodeCache: size=245760Kb, used=17808Kb, max_used=19850Kb, free=227949Kb
 total_blobs=7755, nmethods=6980, adapters=681, full_count=0
Compilation: enabled, stopped_count=0, restarted_count=0

Compilation events (20 events):
Event: 32.020 Thread 0x000001e27e5b3fe0 8587       3       com.google.gson.internal.LinkedTreeMap::<init> (47 bytes)
Event: 32.021 Thread 0x000001e27e5b3fe0 nmethod 8587 0x000001e228cfd390 code [0x000001e228cfd560, 0x000001e228cfd910]
Event: 32.021 Thread 0x000001e27e5b3fe0 8591       3       org.eclipse.jdt.core.JavaConventions::scanForRestrictedKeyWords (137 bytes)
Event: 32.022 Thread 0x000001e27e5b3fe0 nmethod 8591 0x000001e2292fdd10 code [0x000001e2292fdfa0, 0x000001e2292febf0]
Event: 32.022 Thread 0x000001e27e5b3fe0 8595       3       com.google.gson.internal.ConstructorConstructor$$Lambda/0x000001e23e504f60::construct (4 bytes)
Event: 32.023 Thread 0x000001e27e5b3fe0 nmethod 8595 0x000001e2289b4290 code [0x000001e2289b4460, 0x000001e2289b46e0]
Event: 32.023 Thread 0x000001e27e5b3fe0 8592       3       org.eclipse.jdt.internal.core.JarPackageFragmentRoot$$Lambda/0x000001e23e632308::apply (8 bytes)
Event: 32.023 Thread 0x000001e27e5b3fe0 nmethod 8592 0x000001e2289d5090 code [0x000001e2289d5280, 0x000001e2289d5848]
Event: 32.023 Thread 0x000001e27e5b3fe0 8593       3       org.eclipse.jdt.internal.core.JarPackageFragmentRoot$$Lambda/0x000001e23e632548::apply (5 bytes)
Event: 32.023 Thread 0x000001e27e5b3fe0 nmethod 8593 0x000001e228e8d910 code [0x000001e228e8dac0, 0x000001e228e8dcb8]
Event: 32.023 Thread 0x000001e27e5b3fe0 8594       3       org.eclipse.jdt.internal.core.JavaElement::<init> (26 bytes)
Event: 32.023 Thread 0x000001e27e5b3fe0 nmethod 8594 0x000001e228a37210 code [0x000001e228a373e0, 0x000001e228a37700]
Event: 32.023 Thread 0x000001e27e5b3fe0 8558       2       com.google.gson.internal.ConstructorConstructor::lambda$newMapConstructor$3 (8 bytes)
Event: 32.024 Thread 0x000001e27e5b3fe0 nmethod 8558 0x000001e2289ca410 code [0x000001e2289ca5c0, 0x000001e2289ca748]
Event: 32.024 Thread 0x000001e27e5b3fe0 8543  s    2       org.eclipse.jdt.internal.core.JavaModelManager::getExistingElement (9 bytes)
Event: 32.024 Thread 0x000001e27e5b3fe0 nmethod 8543 0x000001e229286410 code [0x000001e2292865c0, 0x000001e2292867b8]
Event: 32.024 Thread 0x000001e27e5b3fe0 8545   !   2       java.lang.Thread::sleep (82 bytes)
Event: 32.024 Thread 0x000001e27e5b3fe0 nmethod 8545 0x000001e2289ad910 code [0x000001e2289adb00, 0x000001e2289adee0]
Event: 32.026 Thread 0x000001e27e5b3fe0 8596   !   3       java.io.StringReader::read (105 bytes)
Event: 32.027 Thread 0x000001e27e5b3fe0 nmethod 8596 0x000001e228989410 code [0x000001e228989640, 0x000001e228989de0]

GC Heap History (20 events):
Event: 30.536 GC heap before
{Heap before GC invocations=38 (full 3):
 PSYoungGen      total 18432K, used 18428K [0x00000000d5580000, 0x00000000d6980000, 0x0000000100000000)
  eden space 17408K, 100% used [0x00000000d5580000,0x00000000d6680000,0x00000000d6680000)
  from space 1024K, 99% used [0x00000000d6800000,0x00000000d68ff020,0x00000000d6900000)
  to   space 1536K, 0% used [0x00000000d6680000,0x00000000d6680000,0x00000000d6800000)
 ParOldGen       total 68608K, used 44800K [0x0000000080000000, 0x0000000084300000, 0x00000000d5580000)
  object space 68608K, 65% used [0x0000000080000000,0x0000000082bc0050,0x0000000084300000)
 Metaspace       used 62003K, committed 63360K, reserved 1114112K
  class space    used 6774K, committed 7360K, reserved 1048576K
}
Event: 30.539 GC heap after
{Heap after GC invocations=38 (full 3):
 PSYoungGen      total 18944K, used 1408K [0x00000000d5580000, 0x00000000d6980000, 0x0000000100000000)
  eden space 17408K, 0% used [0x00000000d5580000,0x00000000d5580000,0x00000000d6680000)
  from space 1536K, 91% used [0x00000000d6680000,0x00000000d67e00e0,0x00000000d6800000)
  to   space 1536K, 0% used [0x00000000d6800000,0x00000000d6800000,0x00000000d6980000)
 ParOldGen       total 68608K, used 45608K [0x0000000080000000, 0x0000000084300000, 0x00000000d5580000)
  object space 68608K, 66% used [0x0000000080000000,0x0000000082c8a010,0x0000000084300000)
 Metaspace       used 62003K, committed 63360K, reserved 1114112K
  class space    used 6774K, committed 7360K, reserved 1048576K
}
Event: 31.039 GC heap before
{Heap before GC invocations=39 (full 3):
 PSYoungGen      total 18944K, used 18816K [0x00000000d5580000, 0x00000000d6980000, 0x0000000100000000)
  eden space 17408K, 100% used [0x00000000d5580000,0x00000000d6680000,0x00000000d6680000)
  from space 1536K, 91% used [0x00000000d6680000,0x00000000d67e00e0,0x00000000d6800000)
  to   space 1536K, 0% used [0x00000000d6800000,0x00000000d6800000,0x00000000d6980000)
 ParOldGen       total 68608K, used 45608K [0x0000000080000000, 0x0000000084300000, 0x00000000d5580000)
  object space 68608K, 66% used [0x0000000080000000,0x0000000082c8a010,0x0000000084300000)
 Metaspace       used 62087K, committed 63424K, reserved 1114112K
  class space    used 6777K, committed 7360K, reserved 1048576K
}
Event: 31.043 GC heap after
{Heap after GC invocations=39 (full 3):
 PSYoungGen      total 17920K, used 434K [0x00000000d5580000, 0x00000000d6880000, 0x0000000100000000)
  eden space 17408K, 0% used [0x00000000d5580000,0x00000000d5580000,0x00000000d6680000)
  from space 512K, 84% used [0x00000000d6800000,0x00000000d686c9a0,0x00000000d6880000)
  to   space 1024K, 0% used [0x00000000d6680000,0x00000000d6680000,0x00000000d6780000)
 ParOldGen       total 68608K, used 46846K [0x0000000080000000, 0x0000000084300000, 0x00000000d5580000)
  object space 68608K, 68% used [0x0000000080000000,0x0000000082dbfb70,0x0000000084300000)
 Metaspace       used 62087K, committed 63424K, reserved 1114112K
  class space    used 6777K, committed 7360K, reserved 1048576K
}
Event: 31.530 GC heap before
{Heap before GC invocations=40 (full 3):
 PSYoungGen      total 17920K, used 17711K [0x00000000d5580000, 0x00000000d6880000, 0x0000000100000000)
  eden space 17408K, 99% used [0x00000000d5580000,0x00000000d665f3c0,0x00000000d6680000)
  from space 512K, 84% used [0x00000000d6800000,0x00000000d686c9a0,0x00000000d6880000)
  to   space 1024K, 0% used [0x00000000d6680000,0x00000000d6680000,0x00000000d6780000)
 ParOldGen       total 68608K, used 46846K [0x0000000080000000, 0x0000000084300000, 0x00000000d5580000)
  object space 68608K, 68% used [0x0000000080000000,0x0000000082dbfb70,0x0000000084300000)
 Metaspace       used 62728K, committed 64192K, reserved 1114112K
  class space    used 6852K, committed 7424K, reserved 1048576K
}
Event: 31.546 GC heap after
{Heap after GC invocations=40 (full 3):
 PSYoungGen      total 18432K, used 1010K [0x00000000d5580000, 0x00000000d6880000, 0x0000000100000000)
  eden space 17408K, 0% used [0x00000000d5580000,0x00000000d5580000,0x00000000d6680000)
  from space 1024K, 98% used [0x00000000d6680000,0x00000000d677c948,0x00000000d6780000)
  to   space 512K, 0% used [0x00000000d6800000,0x00000000d6800000,0x00000000d6880000)
 ParOldGen       total 68608K, used 49771K [0x0000000080000000, 0x0000000084300000, 0x00000000d5580000)
  object space 68608K, 72% used [0x0000000080000000,0x000000008309af38,0x0000000084300000)
 Metaspace       used 62728K, committed 64192K, reserved 1114112K
  class space    used 6852K, committed 7424K, reserved 1048576K
}
Event: 31.677 GC heap before
{Heap before GC invocations=41 (full 3):
 PSYoungGen      total 18432K, used 18352K [0x00000000d5580000, 0x00000000d6880000, 0x0000000100000000)
  eden space 17408K, 99% used [0x00000000d5580000,0x00000000d666f918,0x00000000d6680000)
  from space 1024K, 98% used [0x00000000d6680000,0x00000000d677c948,0x00000000d6780000)
  to   space 512K, 0% used [0x00000000d6800000,0x00000000d6800000,0x00000000d6880000)
 ParOldGen       total 68608K, used 65091K [0x0000000080000000, 0x0000000084300000, 0x00000000d5580000)
  object space 68608K, 94% used [0x0000000080000000,0x0000000083f90f48,0x0000000084300000)
 Metaspace       used 63043K, committed 64512K, reserved 1114112K
  class space    used 6886K, committed 7488K, reserved 1048576K
}
Event: 31.679 GC heap after
{Heap after GC invocations=41 (full 3):
 PSYoungGen      total 17408K, used 288K [0x00000000d5580000, 0x00000000d6a80000, 0x0000000100000000)
  eden space 16896K, 0% used [0x00000000d5580000,0x00000000d5580000,0x00000000d6600000)
  from space 512K, 56% used [0x00000000d6800000,0x00000000d6848000,0x00000000d6880000)
  to   space 2048K, 0% used [0x00000000d6600000,0x00000000d6600000,0x00000000d6800000)
 ParOldGen       total 68608K, used 65750K [0x0000000080000000, 0x0000000084300000, 0x00000000d5580000)
  object space 68608K, 95% used [0x0000000080000000,0x0000000084035a20,0x0000000084300000)
 Metaspace       used 63043K, committed 64512K, reserved 1114112K
  class space    used 6886K, committed 7488K, reserved 1048576K
}
Event: 31.734 GC heap before
{Heap before GC invocations=42 (full 3):
 PSYoungGen      total 17408K, used 12993K [0x00000000d5580000, 0x00000000d6a80000, 0x0000000100000000)
  eden space 16896K, 75% used [0x00000000d5580000,0x00000000d61e8498,0x00000000d6600000)
  from space 512K, 56% used [0x00000000d6800000,0x00000000d6848000,0x00000000d6880000)
  to   space 2048K, 0% used [0x00000000d6600000,0x00000000d6600000,0x00000000d6800000)
 ParOldGen       total 68608K, used 65750K [0x0000000080000000, 0x0000000084300000, 0x00000000d5580000)
  object space 68608K, 95% used [0x0000000080000000,0x0000000084035a20,0x0000000084300000)
 Metaspace       used 63114K, committed 64576K, reserved 1114112K
  class space    used 6894K, committed 7488K, reserved 1048576K
}
Event: 31.737 GC heap after
{Heap after GC invocations=42 (full 3):
 PSYoungGen      total 17408K, used 12993K [0x00000000d5580000, 0x00000000d6a80000, 0x0000000100000000)
  eden space 16896K, 75% used [0x00000000d5580000,0x00000000d61e8498,0x00000000d6600000)
  from space 512K, 56% used [0x00000000d6800000,0x00000000d6848000,0x00000000d6880000)
  to   space 2048K, 14% used [0x00000000d6600000,0x00000000d6648000,0x00000000d6800000)
 ParOldGen       total 68608K, used 65830K [0x0000000080000000, 0x0000000084300000, 0x00000000d5580000)
  object space 68608K, 95% used [0x0000000080000000,0x0000000084049a20,0x0000000084300000)
 Metaspace       used 63114K, committed 64576K, reserved 1114112K
  class space    used 6894K, committed 7488K, reserved 1048576K
}
Event: 31.738 GC heap before
{Heap before GC invocations=43 (full 4):
 PSYoungGen      total 17408K, used 12993K [0x00000000d5580000, 0x00000000d6a80000, 0x0000000100000000)
  eden space 16896K, 75% used [0x00000000d5580000,0x00000000d61e8498,0x00000000d6600000)
  from space 512K, 56% used [0x00000000d6800000,0x00000000d6848000,0x00000000d6880000)
  to   space 2048K, 14% used [0x00000000d6600000,0x00000000d6648000,0x00000000d6800000)
 ParOldGen       total 68608K, used 65830K [0x0000000080000000, 0x0000000084300000, 0x00000000d5580000)
  object space 68608K, 95% used [0x0000000080000000,0x0000000084049a20,0x0000000084300000)
 Metaspace       used 63114K, committed 64576K, reserved 1114112K
  class space    used 6894K, committed 7488K, reserved 1048576K
}
Event: 31.823 GC heap after
{Heap after GC invocations=43 (full 4):
 PSYoungGen      total 18944K, used 0K [0x00000000d5580000, 0x00000000d6a00000, 0x0000000100000000)
  eden space 16896K, 0% used [0x00000000d5580000,0x00000000d5580000,0x00000000d6600000)
  from space 2048K, 0% used [0x00000000d6600000,0x00000000d6600000,0x00000000d6800000)
  to   space 2048K, 0% used [0x00000000d6800000,0x00000000d6800000,0x00000000d6a00000)
 ParOldGen       total 68608K, used 60938K [0x0000000080000000, 0x0000000084300000, 0x00000000d5580000)
  object space 68608K, 88% used [0x0000000080000000,0x0000000083b82a68,0x0000000084300000)
 Metaspace       used 63114K, committed 64576K, reserved 1114112K
  class space    used 6894K, committed 7488K, reserved 1048576K
}
Event: 31.843 GC heap before
{Heap before GC invocations=44 (full 4):
 PSYoungGen      total 18944K, used 16896K [0x00000000d5580000, 0x00000000d6a00000, 0x0000000100000000)
  eden space 16896K, 100% used [0x00000000d5580000,0x00000000d6600000,0x00000000d6600000)
  from space 2048K, 0% used [0x00000000d6600000,0x00000000d6600000,0x00000000d6800000)
  to   space 2048K, 0% used [0x00000000d6800000,0x00000000d6800000,0x00000000d6a00000)
 ParOldGen       total 68608K, used 60938K [0x0000000080000000, 0x0000000084300000, 0x00000000d5580000)
  object space 68608K, 88% used [0x0000000080000000,0x0000000083b82a68,0x0000000084300000)
 Metaspace       used 63169K, committed 64640K, reserved 1114112K
  class space    used 6897K, committed 7488K, reserved 1048576K
}
Event: 31.846 GC heap after
{Heap after GC invocations=44 (full 4):
 PSYoungGen      total 18944K, used 16896K [0x00000000d5580000, 0x00000000d6a00000, 0x0000000100000000)
  eden space 16896K, 100% used [0x00000000d5580000,0x00000000d6600000,0x00000000d6600000)
  from space 2048K, 0% used [0x00000000d6600000,0x00000000d6600000,0x00000000d6800000)
  to   space 2048K, 15% used [0x00000000d6800000,0x00000000d684ea58,0x00000000d6a00000)
 ParOldGen       total 68608K, used 60938K [0x0000000080000000, 0x0000000084300000, 0x00000000d5580000)
  object space 68608K, 88% used [0x0000000080000000,0x0000000083b82a68,0x0000000084300000)
 Metaspace       used 63169K, committed 64640K, reserved 1114112K
  class space    used 6897K, committed 7488K, reserved 1048576K
}
Event: 31.846 GC heap before
{Heap before GC invocations=45 (full 5):
 PSYoungGen      total 18944K, used 16896K [0x00000000d5580000, 0x00000000d6a00000, 0x0000000100000000)
  eden space 16896K, 100% used [0x00000000d5580000,0x00000000d6600000,0x00000000d6600000)
  from space 2048K, 0% used [0x00000000d6600000,0x00000000d6600000,0x00000000d6800000)
  to   space 2048K, 15% used [0x00000000d6800000,0x00000000d684ea58,0x00000000d6a00000)
 ParOldGen       total 68608K, used 60938K [0x0000000080000000, 0x0000000084300000, 0x00000000d5580000)
  object space 68608K, 88% used [0x0000000080000000,0x0000000083b82a68,0x0000000084300000)
 Metaspace       used 63169K, committed 64640K, reserved 1114112K
  class space    used 6897K, committed 7488K, reserved 1048576K
}
Event: 31.916 GC heap after
{Heap after GC invocations=45 (full 5):
 PSYoungGen      total 18944K, used 0K [0x00000000d5580000, 0x00000000d6a80000, 0x0000000100000000)
  eden space 16896K, 0% used [0x00000000d5580000,0x00000000d5580000,0x00000000d6600000)
  from space 2048K, 0% used [0x00000000d6800000,0x00000000d6800000,0x00000000d6a00000)
  to   space 2048K, 0% used [0x00000000d6600000,0x00000000d6600000,0x00000000d6800000)
 ParOldGen       total 68608K, used 59726K [0x0000000080000000, 0x0000000084300000, 0x00000000d5580000)
  object space 68608K, 87% used [0x0000000080000000,0x0000000083a53820,0x0000000084300000)
 Metaspace       used 63169K, committed 64640K, reserved 1114112K
  class space    used 6897K, committed 7488K, reserved 1048576K
}
Event: 31.974 GC heap before
{Heap before GC invocations=46 (full 5):
 PSYoungGen      total 18944K, used 16896K [0x00000000d5580000, 0x00000000d6a80000, 0x0000000100000000)
  eden space 16896K, 100% used [0x00000000d5580000,0x00000000d6600000,0x00000000d6600000)
  from space 2048K, 0% used [0x00000000d6800000,0x00000000d6800000,0x00000000d6a00000)
  to   space 2048K, 0% used [0x00000000d6600000,0x00000000d6600000,0x00000000d6800000)
 ParOldGen       total 68608K, used 59728K [0x0000000080000000, 0x0000000084300000, 0x00000000d5580000)
  object space 68608K, 87% used [0x0000000080000000,0x0000000083a54200,0x0000000084300000)
 Metaspace       used 63199K, committed 64640K, reserved 1114112K
  class space    used 6899K, committed 7488K, reserved 1048576K
}
Event: 31.979 GC heap after
{Heap after GC invocations=46 (full 5):
 PSYoungGen      total 18944K, used 2016K [0x00000000d5580000, 0x00000000d6a80000, 0x0000000100000000)
  eden space 16896K, 0% used [0x00000000d5580000,0x00000000d5580000,0x00000000d6600000)
  from space 2048K, 98% used [0x00000000d6600000,0x00000000d67f8020,0x00000000d6800000)
  to   space 2048K, 0% used [0x00000000d6800000,0x00000000d6800000,0x00000000d6a00000)
 ParOldGen       total 68608K, used 61168K [0x0000000080000000, 0x0000000084300000, 0x00000000d5580000)
  object space 68608K, 89% used [0x0000000080000000,0x0000000083bbc200,0x0000000084300000)
 Metaspace       used 63199K, committed 64640K, reserved 1114112K
  class space    used 6899K, committed 7488K, reserved 1048576K
}
Event: 32.012 GC heap before
{Heap before GC invocations=47 (full 5):
 PSYoungGen      total 18944K, used 18912K [0x00000000d5580000, 0x00000000d6a80000, 0x0000000100000000)
  eden space 16896K, 100% used [0x00000000d5580000,0x00000000d6600000,0x00000000d6600000)
  from space 2048K, 98% used [0x00000000d6600000,0x00000000d67f8020,0x00000000d6800000)
  to   space 2048K, 0% used [0x00000000d6800000,0x00000000d6800000,0x00000000d6a00000)
 ParOldGen       total 68608K, used 61170K [0x0000000080000000, 0x0000000084300000, 0x00000000d5580000)
  object space 68608K, 89% used [0x0000000080000000,0x0000000083bbcbc8,0x0000000084300000)
 Metaspace       used 63208K, committed 64704K, reserved 1114112K
  class space    used 6899K, committed 7488K, reserved 1048576K
}
Event: 32.019 GC heap after
{Heap after GC invocations=47 (full 5):
 PSYoungGen      total 18944K, used 2018K [0x00000000d5580000, 0x00000000d6a80000, 0x0000000100000000)
  eden space 16896K, 0% used [0x00000000d5580000,0x00000000d5580000,0x00000000d6600000)
  from space 2048K, 98% used [0x00000000d6800000,0x00000000d69f8960,0x00000000d6a00000)
  to   space 2048K, 0% used [0x00000000d6600000,0x00000000d6600000,0x00000000d6800000)
 ParOldGen       total 68608K, used 64012K [0x0000000080000000, 0x0000000084300000, 0x00000000d5580000)
  object space 68608K, 93% used [0x0000000080000000,0x0000000083e83040,0x0000000084300000)
 Metaspace       used 63208K, committed 64704K, reserved 1114112K
  class space    used 6899K, committed 7488K, reserved 1048576K
}

Dll operation events (20 events):
Event: 0.347 Attempting to load shared library C:\Users\nicol\.vscode\extensions\redhat.java-1.56.0-win32-x64\jre\21.0.12.1-win32-x86_64\bin\instrument.dll
Event: 0.347 Loaded shared library C:\Users\nicol\.vscode\extensions\redhat.java-1.56.0-win32-x64\jre\21.0.12.1-win32-x86_64\bin\instrument.dll
Event: 0.357 Attempting to load shared library C:\Users\nicol\.vscode\extensions\redhat.java-1.56.0-win32-x64\jre\21.0.12.1-win32-x86_64\bin\net.dll
Event: 0.360 Loaded shared library C:\Users\nicol\.vscode\extensions\redhat.java-1.56.0-win32-x64\jre\21.0.12.1-win32-x86_64\bin\net.dll
Event: 0.364 Attempting to load shared library C:\Users\nicol\.vscode\extensions\redhat.java-1.56.0-win32-x64\jre\21.0.12.1-win32-x86_64\bin\nio.dll
Event: 0.365 Loaded shared library C:\Users\nicol\.vscode\extensions\redhat.java-1.56.0-win32-x64\jre\21.0.12.1-win32-x86_64\bin\nio.dll
Event: 0.376 Attempting to load shared library C:\Users\nicol\.vscode\extensions\redhat.java-1.56.0-win32-x64\jre\21.0.12.1-win32-x86_64\bin\zip.dll
Event: 0.376 Loaded shared library C:\Users\nicol\.vscode\extensions\redhat.java-1.56.0-win32-x64\jre\21.0.12.1-win32-x86_64\bin\zip.dll
Event: 0.414 Attempting to load shared library C:\Users\nicol\.vscode\extensions\redhat.java-1.56.0-win32-x64\jre\21.0.12.1-win32-x86_64\bin\jimage.dll
Event: 0.414 Loaded shared library C:\Users\nicol\.vscode\extensions\redhat.java-1.56.0-win32-x64\jre\21.0.12.1-win32-x86_64\bin\jimage.dll
Event: 0.557 Attempting to load shared library c:\Users\nicol\.vscode\extensions\redhat.java-1.56.0-win32-x64\jre\21.0.12.1-win32-x86_64\bin\verify.dll
Event: 0.558 Loaded shared library c:\Users\nicol\.vscode\extensions\redhat.java-1.56.0-win32-x64\jre\21.0.12.1-win32-x86_64\bin\verify.dll
Event: 5.657 Attempting to load shared library C:\Users\nicol\AppData\Roaming\Code\User\globalStorage\redhat.java\1.56.0\config_win\org.eclipse.equinox.launcher\org.eclipse.equinox.launcher.win32.win32.x86_64_1.3.100.v20260804-1928\eclipse_11924.dll
Event: 5.905 Loaded shared library C:\Users\nicol\AppData\Roaming\Code\User\globalStorage\redhat.java\1.56.0\config_win\org.eclipse.equinox.launcher\org.eclipse.equinox.launcher.win32.win32.x86_64_1.3.100.v20260804-1928\eclipse_11924.dll
Event: 19.428 Attempting to load shared library C:\Users\nicol\AppData\Local\Temp\jna-104814053\jna1164365838030518379.dll
Event: 19.557 Loaded shared library C:\Users\nicol\AppData\Local\Temp\jna-104814053\jna1164365838030518379.dll
Event: 22.723 Attempting to load shared library C:\Users\nicol\.vscode\extensions\redhat.java-1.56.0-win32-x64\jre\21.0.12.1-win32-x86_64\bin\sunmscapi.dll
Event: 22.849 Loaded shared library C:\Users\nicol\.vscode\extensions\redhat.java-1.56.0-win32-x64\jre\21.0.12.1-win32-x86_64\bin\sunmscapi.dll
Event: 23.579 Attempting to load shared library C:\Users\nicol\.vscode\extensions\redhat.java-1.56.0-win32-x64\jre\21.0.12.1-win32-x86_64\bin\extnet.dll
Event: 23.692 Loaded shared library C:\Users\nicol\.vscode\extensions\redhat.java-1.56.0-win32-x64\jre\21.0.12.1-win32-x86_64\bin\extnet.dll

Deoptimization events (20 events):
Event: 31.928 Thread 0x000001e204332000 Uncommon trap: trap_request=0xffffffc6 fr.pc=0x000001e230680654 relative=0x0000000000000254
Event: 31.928 Thread 0x000001e204332000 Uncommon trap: reason=bimorphic_or_optimized_type_check action=maybe_recompile pc=0x000001e230680654 method=com.google.gson.internal.bind.TypeAdapterRuntimeTypeWrapper.read(Lcom/google/gson/stream/JsonReader;)Ljava/lang/Object; @ 5 c2
Event: 31.928 Thread 0x000001e204332000 DEOPT PACKING pc=0x000001e230680654 sp=0x00000020b08ff160
Event: 31.928 Thread 0x000001e204332000 DEOPT UNPACKING pc=0x000001e22ff03aa2 sp=0x00000020b08ff0e8 mode 2
Event: 31.928 Thread 0x000001e204332000 Uncommon trap: trap_request=0xffffffc6 fr.pc=0x000001e230680654 relative=0x0000000000000254
Event: 31.928 Thread 0x000001e204332000 Uncommon trap: reason=bimorphic_or_optimized_type_check action=maybe_recompile pc=0x000001e230680654 method=com.google.gson.internal.bind.TypeAdapterRuntimeTypeWrapper.read(Lcom/google/gson/stream/JsonReader;)Ljava/lang/Object; @ 5 c2
Event: 31.928 Thread 0x000001e204332000 DEOPT PACKING pc=0x000001e230680654 sp=0x00000020b08ff060
Event: 31.928 Thread 0x000001e204332000 DEOPT UNPACKING pc=0x000001e22ff03aa2 sp=0x00000020b08feff8 mode 2
Event: 31.929 Thread 0x000001e204332000 Uncommon trap: trap_request=0xffffffc6 fr.pc=0x000001e230680654 relative=0x0000000000000254
Event: 31.929 Thread 0x000001e204332000 Uncommon trap: reason=bimorphic_or_optimized_type_check action=maybe_recompile pc=0x000001e230680654 method=com.google.gson.internal.bind.TypeAdapterRuntimeTypeWrapper.read(Lcom/google/gson/stream/JsonReader;)Ljava/lang/Object; @ 5 c2
Event: 31.929 Thread 0x000001e204332000 DEOPT PACKING pc=0x000001e230680654 sp=0x00000020b08ff160
Event: 31.929 Thread 0x000001e204332000 DEOPT UNPACKING pc=0x000001e22ff03aa2 sp=0x00000020b08ff0e8 mode 2
Event: 31.929 Thread 0x000001e204332000 Uncommon trap: trap_request=0xffffffc6 fr.pc=0x000001e230680654 relative=0x0000000000000254
Event: 31.929 Thread 0x000001e204332000 Uncommon trap: reason=bimorphic_or_optimized_type_check action=maybe_recompile pc=0x000001e230680654 method=com.google.gson.internal.bind.TypeAdapterRuntimeTypeWrapper.read(Lcom/google/gson/stream/JsonReader;)Ljava/lang/Object; @ 5 c2
Event: 31.929 Thread 0x000001e204332000 DEOPT PACKING pc=0x000001e230680654 sp=0x00000020b08ff060
Event: 31.929 Thread 0x000001e204332000 DEOPT UNPACKING pc=0x000001e22ff03aa2 sp=0x00000020b08feff8 mode 2
Event: 31.979 Thread 0x000001e204725100 Uncommon trap: trap_request=0xffffff45 fr.pc=0x000001e230732060 relative=0x0000000000000b40
Event: 31.979 Thread 0x000001e204725100 Uncommon trap: reason=unstable_if action=reinterpret pc=0x000001e230732060 method=org.eclipse.jdt.internal.core.util.WeakHashSet.cleanupGarbageCollectedValues()V @ 68 c2
Event: 31.979 Thread 0x000001e204725100 DEOPT PACKING pc=0x000001e230732060 sp=0x00000020aeefdfe0
Event: 31.979 Thread 0x000001e204725100 DEOPT UNPACKING pc=0x000001e22ff03aa2 sp=0x00000020aeefdee0 mode 2

Classes loaded (20 events):
Event: 29.571 Loading class java/io/SequenceInputStream
Event: 29.571 Loading class java/io/SequenceInputStream done
Event: 29.643 Loading class java/util/WeakHashMap$KeyIterator
Event: 29.643 Loading class java/util/WeakHashMap$KeyIterator done
Event: 29.829 Loading class java/util/concurrent/CompletableFuture$UniApply
Event: 29.830 Loading class java/util/concurrent/CompletableFuture$UniApply done
Event: 29.832 Loading class java/util/concurrent/CompletableFuture$UniExceptionally
Event: 29.833 Loading class java/util/concurrent/CompletableFuture$UniExceptionally done
Event: 29.972 Loading class java/util/ImmutableCollections$SubList
Event: 29.973 Loading class java/util/ImmutableCollections$SubList done
Event: 30.378 Loading class java/lang/UnsupportedClassVersionError
Event: 30.378 Loading class java/lang/UnsupportedClassVersionError done
Event: 31.319 Loading class jdk/internal/event/SecurityPropertyModificationEvent
Event: 31.319 Loading class jdk/internal/event/SecurityPropertyModificationEvent done
Event: 31.409 Loading class java/util/Hashtable$KeySet
Event: 31.409 Loading class java/util/Hashtable$KeySet done
Event: 31.524 Loading class java/util/zip/CheckedInputStream
Event: 31.526 Loading class java/util/zip/CheckedInputStream done
Event: 31.665 Loading class java/util/zip/GZIPInputStream$1
Event: 31.666 Loading class java/util/zip/GZIPInputStream$1 done

Classes unloaded (7 events):
Event: 20.524 Thread 0x000001e225712f30 Unloading class 0x000001e23e1a9400 'java/lang/invoke/LambdaForm$MH+0x000001e23e1a9400'
Event: 20.524 Thread 0x000001e225712f30 Unloading class 0x000001e23e1a9000 'java/lang/invoke/LambdaForm$MH+0x000001e23e1a9000'
Event: 20.524 Thread 0x000001e225712f30 Unloading class 0x000001e23e1a8c00 'java/lang/invoke/LambdaForm$MH+0x000001e23e1a8c00'
Event: 20.524 Thread 0x000001e225712f30 Unloading class 0x000001e23e1a8800 'java/lang/invoke/LambdaForm$MH+0x000001e23e1a8800'
Event: 20.524 Thread 0x000001e225712f30 Unloading class 0x000001e23e1a8400 'java/lang/invoke/LambdaForm$BMH+0x000001e23e1a8400'
Event: 20.524 Thread 0x000001e225712f30 Unloading class 0x000001e23e1a8000 'java/lang/invoke/LambdaForm$DMH+0x000001e23e1a8000'
Event: 20.524 Thread 0x000001e225712f30 Unloading class 0x000001e23e1a6c00 'java/lang/invoke/LambdaForm$DMH+0x000001e23e1a6c00'

Classes redefined (0 events):
No events

Internal exceptions (20 events):
Event: 30.177 Thread 0x000001e204728580 Exception <a 'sun/nio/fs/WindowsException'{0x00000000d5b4ede8}> (0x00000000d5b4ede8) 
thrown [s\src\hotspot\share\prims\jni.cpp, line 520]
Event: 30.178 Thread 0x000001e204727860 Exception <a 'sun/nio/fs/WindowsException'{0x00000000d5b59d20}> (0x00000000d5b59d20) 
thrown [s\src\hotspot\share\prims\jni.cpp, line 520]
Event: 30.180 Thread 0x000001e204725790 Exception <a 'sun/nio/fs/WindowsException'{0x00000000d5b64c58}> (0x00000000d5b64c58) 
thrown [s\src\hotspot\share\prims\jni.cpp, line 520]
Event: 30.184 Thread 0x000001e204725e20 Exception <a 'sun/nio/fs/WindowsException'{0x00000000d5b6fe58}> (0x00000000d5b6fe58) 
thrown [s\src\hotspot\share\prims\jni.cpp, line 520]
Event: 30.184 Thread 0x000001e2047292a0 Exception <a 'sun/nio/fs/WindowsException'{0x00000000d5b85c68}> (0x00000000d5b85c68) 
thrown [s\src\hotspot\share\prims\jni.cpp, line 520]
Event: 30.184 Thread 0x000001e20472ace0 Exception <a 'sun/nio/fs/WindowsException'{0x00000000d5b9b828}> (0x00000000d5b9b828) 
thrown [s\src\hotspot\share\prims\jni.cpp, line 520]
Event: 30.185 Thread 0x000001e20472a650 Exception <a 'sun/nio/fs/WindowsException'{0x00000000d5b90bb8}> (0x00000000d5b90bb8) 
thrown [s\src\hotspot\share\prims\jni.cpp, line 520]
Event: 30.278 Thread 0x000001e204d1f440 Exception <a 'java/lang/NullPointerException'{0x00000000d5d370f0}> (0x00000000d5d370f0) 
thrown [s\src\hotspot\share\interpreter\linkResolver.cpp, line 1372]
Event: 30.279 Thread 0x000001e204d1f440 Exception <a 'java/lang/NullPointerException'{0x00000000d5d3f0c8}> (0x00000000d5d3f0c8) 
thrown [s\src\hotspot\share\interpreter\linkResolver.cpp, line 1372]
Event: 30.279 Thread 0x000001e204d1f440 Exception <a 'java/lang/NullPointerException'{0x00000000d5d3f630}> (0x00000000d5d3f630) 
thrown [s\src\hotspot\share\interpreter\linkResolver.cpp, line 1372]
Event: 30.280 Thread 0x000001e204d1f440 Exception <a 'java/lang/NullPointerException'{0x00000000d5d3fae0}> (0x00000000d5d3fae0) 
thrown [s\src\hotspot\share\interpreter\linkResolver.cpp, line 1372]
Event: 30.280 Thread 0x000001e204d1f440 Exception <a 'java/lang/NullPointerException'{0x00000000d5d40358}> (0x00000000d5d40358) 
thrown [s\src\hotspot\share\interpreter\linkResolver.cpp, line 1372]
Event: 30.299 Thread 0x000001e204d1f440 Exception <a 'java/lang/NoSuchMethodError'{0x00000000d5da36b0}: 'java.lang.Object java.lang.invoke.DirectMethodHandle$Holder.invokeSpecial(java.lang.Object, java.lang.Object, int, long)'> (0x00000000d5da36b0) 
thrown [s\src\hotspot\share\interpreter\linkResolver.cpp, line 773]
Event: 30.393 Thread 0x000001e2047264b0 Exception <a 'java/lang/NoSuchMethodError'{0x00000000d6215f50}: 'int java.lang.invoke.Invokers$Holder.invokeExact_MT(java.lang.Object, java.lang.Object)'> (0x00000000d6215f50) 
thrown [s\src\hotspot\share\interpreter\linkResolver.cpp, line 773]
Event: 31.335 Thread 0x000001e204d1f440 Exception <a 'sun/nio/fs/WindowsException'{0x00000000d5e71df0}> (0x00000000d5e71df0) 
thrown [s\src\hotspot\share\prims\jni.cpp, line 520]
Event: 31.335 Thread 0x000001e204d1f440 Exception <a 'sun/nio/fs/WindowsException'{0x00000000d5e72450}> (0x00000000d5e72450) 
thrown [s\src\hotspot\share\prims\jni.cpp, line 520]
Event: 31.349 Thread 0x000001e204d1f440 Exception <a 'sun/nio/fs/WindowsException'{0x00000000d5ef3eb8}> (0x00000000d5ef3eb8) 
thrown [s\src\hotspot\share\prims\jni.cpp, line 520]
Event: 31.350 Thread 0x000001e204d1f440 Exception <a 'sun/nio/fs/WindowsException'{0x00000000d5ef4518}> (0x00000000d5ef4518) 
thrown [s\src\hotspot\share\prims\jni.cpp, line 520]
Event: 31.375 Thread 0x000001e204727ef0 Exception <a 'java/lang/NoSuchMethodError'{0x00000000d5fc0380}: 'java.lang.Object java.lang.invoke.DirectMethodHandle$Holder.invokeStaticInit(java.lang.Object, java.lang.Object, java.lang.Object)'> (0x00000000d5fc0380) 
thrown [s\src\hotspot\share\interpreter\linkResolver.cpp, line 773]
Event: 31.518 Thread 0x000001e204d1f440 Exception <a 'java/lang/NoSuchMethodError'{0x00000000d65c0af0}: method resolution failed> (0x00000000d65c0af0) 
thrown [s\src\hotspot\share\prims\methodHandles.cpp, line 1136]

ZGC Phase Switch (0 events):
No events

VM Operations (20 events):
Event: 30.535 Executing safepoint VM operation: ParallelGCFailedAllocation (Allocation Failure)
Event: 30.539 Executing safepoint VM operation: ParallelGCFailedAllocation (Allocation Failure) done
Event: 31.039 Executing safepoint VM operation: ParallelGCFailedAllocation (Allocation Failure)
Event: 31.043 Executing safepoint VM operation: ParallelGCFailedAllocation (Allocation Failure) done
Event: 31.530 Executing safepoint VM operation: ParallelGCFailedAllocation (Allocation Failure)
Event: 31.547 Executing safepoint VM operation: ParallelGCFailedAllocation (Allocation Failure) done
Event: 31.677 Executing safepoint VM operation: ParallelGCFailedAllocation (Allocation Failure)
Event: 31.679 Executing safepoint VM operation: ParallelGCFailedAllocation (Allocation Failure) done
Event: 31.734 Executing safepoint VM operation: ParallelGCFailedAllocation (Allocation Failure)
Event: 31.823 Executing safepoint VM operation: ParallelGCFailedAllocation (Allocation Failure) done
Event: 31.843 Executing safepoint VM operation: ParallelGCFailedAllocation (Allocation Failure)
Event: 31.916 Executing safepoint VM operation: ParallelGCFailedAllocation (Allocation Failure) done
Event: 31.925 Executing non-safepoint VM operation: HandshakeAllThreads (Deoptimize)
Event: 31.926 Executing non-safepoint VM operation: HandshakeAllThreads (Deoptimize) done
Event: 31.974 Executing safepoint VM operation: ParallelGCFailedAllocation (Allocation Failure)
Event: 31.974 Executing safepoint VM operation: ParallelGCFailedAllocation (Allocation Failure) done
Event: 31.974 Executing safepoint VM operation: ParallelGCSystemGC (GCLocker Initiated GC)
Event: 31.979 Executing safepoint VM operation: ParallelGCSystemGC (GCLocker Initiated GC) done
Event: 32.011 Executing safepoint VM operation: ParallelGCFailedAllocation (Allocation Failure)
Event: 32.019 Executing safepoint VM operation: ParallelGCFailedAllocation (Allocation Failure) done

Memory protections (0 events):
No events

Nmethod flushes (20 events):
Event: 31.889 Thread 0x000001e225712f30 flushing  nmethod 0x000001e2296cd790
Event: 31.889 Thread 0x000001e225712f30 flushing  nmethod 0x000001e2296d5110
Event: 31.889 Thread 0x000001e225712f30 flushing  nmethod 0x000001e2296d5a90
Event: 31.889 Thread 0x000001e225712f30 flushing  nmethod 0x000001e2296d9e90
Event: 31.889 Thread 0x000001e225712f30 flushing  nmethod 0x000001e2296e2690
Event: 31.889 Thread 0x000001e225712f30 flushing  nmethod 0x000001e2296e2a10
Event: 31.889 Thread 0x000001e225712f30 flushing  nmethod 0x000001e2296e3390
Event: 31.889 Thread 0x000001e225712f30 flushing  nmethod 0x000001e2296e3e10
Event: 31.889 Thread 0x000001e225712f30 flushing  nmethod 0x000001e2296f3a90
Event: 31.889 Thread 0x000001e225712f30 flushing  nmethod 0x000001e229700c10
Event: 31.889 Thread 0x000001e225712f30 flushing  nmethod 0x000001e2297dfc90
Event: 31.889 Thread 0x000001e225712f30 flushing  nmethod 0x000001e2297f8010
Event: 31.889 Thread 0x000001e225712f30 flushing  nmethod 0x000001e2297fd390
Event: 31.889 Thread 0x000001e225712f30 flushing  nmethod 0x000001e229802d90
Event: 31.889 Thread 0x000001e225712f30 flushing  nmethod 0x000001e229803990
Event: 31.889 Thread 0x000001e225712f30 flushing  nmethod 0x000001e229805790
Event: 31.889 Thread 0x000001e225712f30 flushing  nmethod 0x000001e229806790
Event: 31.889 Thread 0x000001e225712f30 flushing  nmethod 0x000001e229856890
Event: 31.889 Thread 0x000001e225712f30 flushing  nmethod 0x000001e229856c10
Event: 31.889 Thread 0x000001e225712f30 flushing  nmethod 0x000001e229871a90

Events (20 events):
Event: 30.179 Thread 0x000001e204727860 Thread added: 0x000001e204725e20
Event: 30.181 Thread 0x000001e204725e20 Thread added: 0x000001e2047292a0
Event: 30.182 Thread 0x000001e204725790 Thread added: 0x000001e204729930
Event: 30.183 Thread 0x000001e204729930 Thread added: 0x000001e20472ace0
Event: 30.183 Thread 0x000001e2047292a0 Thread added: 0x000001e20472a650
Event: 30.184 Thread 0x000001e20472a650 Thread added: 0x000001e204729fc0
Event: 30.185 Thread 0x000001e2047292a0 Thread added: 0x000001e20472b370
Event: 30.185 Thread 0x000001e204725e20 Thread added: 0x000001e20472ba00
Event: 30.185 Thread 0x000001e20472ace0 Thread added: 0x000001e20472c090
Event: 30.234 Thread 0x000001e204d1fad0 Thread added: 0x000001e20472c720
Event: 30.234 Thread 0x000001e204d1fad0 Thread added: 0x000001e206e31920
Event: 30.234 Thread 0x000001e204d1fad0 Thread added: 0x000001e206e31290
Event: 30.234 Thread 0x000001e204d1fad0 Thread added: 0x000001e206e31fb0
Event: 30.234 Thread 0x000001e204d1fad0 Thread added: 0x000001e206e32cd0
Event: 30.234 Thread 0x000001e206e31920 Thread added: 0x000001e206e2fee0
Event: 30.235 Thread 0x000001e206e32cd0 Thread added: 0x000001e206e2f850
Event: 30.235 Thread 0x000001e20472c720 Thread added: 0x000001e206e30570
Event: 30.236 Thread 0x000001e206e31fb0 Thread added: 0x000001e206e30c00
Event: 30.236 Thread 0x000001e206e31290 Thread added: 0x000001e206e32640
Event: 31.329 Thread 0x000001e204727ef0 Thread added: 0x000001e204332000


Dynamic libraries:
0x00007ff788f40000 - 0x00007ff788f4e000 	c:\Users\nicol\.vscode\extensions\redhat.java-1.56.0-win32-x64\jre\21.0.12.1-win32-x86_64\bin\java.exe
0x00007ffa75980000 - 0x00007ffa75be7000 	C:\WINDOWS\SYSTEM32\ntdll.dll
0x00007ffa74720000 - 0x00007ffa747eb000 	C:\WINDOWS\System32\KERNEL32.DLL
0x00007ffa73040000 - 0x00007ffa73442000 	C:\WINDOWS\System32\KERNELBASE.dll
0x00007ffa73480000 - 0x00007ffa735cc000 	C:\WINDOWS\System32\ucrtbase.dll
0x00007ffa62880000 - 0x00007ffa62898000 	c:\Users\nicol\.vscode\extensions\redhat.java-1.56.0-win32-x64\jre\21.0.12.1-win32-x86_64\bin\jli.dll
0x00007ffa62780000 - 0x00007ffa6279e000 	c:\Users\nicol\.vscode\extensions\redhat.java-1.56.0-win32-x64\jre\21.0.12.1-win32-x86_64\bin\VCRUNTIME140.dll
0x00007ffa744f0000 - 0x00007ffa746bf000 	C:\WINDOWS\System32\USER32.dll
0x00007ffa73450000 - 0x00007ffa73477000 	C:\WINDOWS\System32\win32u.dll
0x00007ffa4c910000 - 0x00007ffa4cba0000 	C:\WINDOWS\WinSxS\amd64_microsoft.windows.common-controls_6595b64144ccf1df_6.0.26100.9278_none_3e0d1ba8e3303201\COMCTL32.dll
0x00007ffa73920000 - 0x00007ffa7394b000 	C:\WINDOWS\System32\GDI32.dll
0x00007ffa75890000 - 0x00007ffa75939000 	C:\WINDOWS\System32\msvcrt.dll
0x00007ffa72e60000 - 0x00007ffa72f89000 	C:\WINDOWS\System32\gdi32full.dll
0x00007ffa72f90000 - 0x00007ffa73033000 	C:\WINDOWS\System32\msvcp_win.dll
0x00007ffa73710000 - 0x00007ffa73741000 	C:\WINDOWS\System32\IMM32.DLL
0x00007ffa6b060000 - 0x00007ffa6b06c000 	c:\Users\nicol\.vscode\extensions\redhat.java-1.56.0-win32-x64\jre\21.0.12.1-win32-x86_64\bin\vcruntime140_1.dll
0x00007ffa42a40000 - 0x00007ffa42acd000 	c:\Users\nicol\.vscode\extensions\redhat.java-1.56.0-win32-x64\jre\21.0.12.1-win32-x86_64\bin\msvcp140.dll
0x00007ff9567d0000 - 0x00007ff957572000 	c:\Users\nicol\.vscode\extensions\redhat.java-1.56.0-win32-x64\jre\21.0.12.1-win32-x86_64\bin\server\jvm.dll
0x00007ffa73850000 - 0x00007ffa7390c000 	C:\WINDOWS\System32\ADVAPI32.dll
0x00007ffa74b30000 - 0x00007ffa74bd9000 	C:\WINDOWS\System32\sechost.dll
0x00007ffa753e0000 - 0x00007ffa754f8000 	C:\WINDOWS\System32\RPCRT4.dll
0x00007ffa75330000 - 0x00007ffa753b0000 	C:\WINDOWS\System32\WS2_32.dll
0x00007ffa72820000 - 0x00007ffa7287e000 	C:\WINDOWS\SYSTEM32\POWRPROF.dll
0x00007ffa69750000 - 0x00007ffa69786000 	C:\WINDOWS\SYSTEM32\WINMM.dll
0x00007ffa69790000 - 0x00007ffa6979b000 	C:\WINDOWS\SYSTEM32\VERSION.dll
0x00007ffa72800000 - 0x00007ffa72815000 	C:\WINDOWS\SYSTEM32\UMPDC.dll
0x00007ffa71810000 - 0x00007ffa7182b000 	C:\WINDOWS\SYSTEM32\kernel.appcore.dll
0x00007ffa62f80000 - 0x00007ffa62f8a000 	c:\Users\nicol\.vscode\extensions\redhat.java-1.56.0-win32-x64\jre\21.0.12.1-win32-x86_64\bin\jimage.dll
0x00007ffa70330000 - 0x00007ffa7057c000 	C:\WINDOWS\SYSTEM32\DBGHELP.DLL
0x00007ffa75500000 - 0x00007ffa75885000 	C:\WINDOWS\System32\combase.dll
0x00007ffa74a50000 - 0x00007ffa74b29000 	C:\WINDOWS\System32\OLEAUT32.dll
0x00007ffa5c230000 - 0x00007ffa5c26b000 	C:\WINDOWS\SYSTEM32\dbgcore.DLL
0x00007ffa72c10000 - 0x00007ffa72cbc000 	C:\WINDOWS\System32\bcryptPrimitives.dll
0x00007ffa62820000 - 0x00007ffa6282f000 	c:\Users\nicol\.vscode\extensions\redhat.java-1.56.0-win32-x64\jre\21.0.12.1-win32-x86_64\bin\instrument.dll
0x00007ffa62560000 - 0x00007ffa62580000 	c:\Users\nicol\.vscode\extensions\redhat.java-1.56.0-win32-x64\jre\21.0.12.1-win32-x86_64\bin\java.dll
0x00007ffa73bf0000 - 0x00007ffa74388000 	C:\WINDOWS\System32\SHELL32.dll
0x00007ffa705c0000 - 0x00007ffa70e6e000 	C:\WINDOWS\SYSTEM32\windows.storage.dll
0x00007ffa73750000 - 0x00007ffa7384b000 	C:\WINDOWS\System32\SHCORE.dll
0x00007ffa736a0000 - 0x00007ffa73706000 	C:\WINDOWS\System32\shlwapi.dll
0x00007ffa72aa0000 - 0x00007ffa72ac9000 	C:\WINDOWS\SYSTEM32\profapi.dll
0x00007ffa622d0000 - 0x00007ffa622e8000 	c:\Users\nicol\.vscode\extensions\redhat.java-1.56.0-win32-x64\jre\21.0.12.1-win32-x86_64\bin\zip.dll
0x00007ffa62740000 - 0x00007ffa62750000 	C:\Users\nicol\.vscode\extensions\redhat.java-1.56.0-win32-x64\jre\21.0.12.1-win32-x86_64\bin\net.dll
0x00007ffa6a1d0000 - 0x00007ffa6a2fa000 	C:\WINDOWS\SYSTEM32\WINHTTP.dll
0x00007ffa71db0000 - 0x00007ffa71e1c000 	C:\WINDOWS\system32\mswsock.dll
0x00007ffa42a20000 - 0x00007ffa42a36000 	C:\Users\nicol\.vscode\extensions\redhat.java-1.56.0-win32-x64\jre\21.0.12.1-win32-x86_64\bin\nio.dll
0x00007ffa62110000 - 0x00007ffa62120000 	c:\Users\nicol\.vscode\extensions\redhat.java-1.56.0-win32-x64\jre\21.0.12.1-win32-x86_64\bin\verify.dll
0x00007ffa429d0000 - 0x00007ffa42a15000 	C:\Users\nicol\AppData\Roaming\Code\User\globalStorage\redhat.java\1.56.0\config_win\org.eclipse.equinox.launcher\org.eclipse.equinox.launcher.win32.win32.x86_64_1.3.100.v20260804-1928\eclipse_11924.dll
0x00007ffa747f0000 - 0x00007ffa7498a000 	C:\WINDOWS\System32\ole32.dll
0x00007ffa721d0000 - 0x00007ffa721eb000 	C:\WINDOWS\SYSTEM32\CRYPTSP.dll
0x00007ffa71770000 - 0x00007ffa717a9000 	C:\WINDOWS\system32\rsaenh.dll
0x00007ffa71e60000 - 0x00007ffa71e94000 	C:\WINDOWS\SYSTEM32\USERENV.dll
0x00007ffa72a70000 - 0x00007ffa72a9a000 	C:\WINDOWS\SYSTEM32\bcrypt.dll
0x00007ffa72010000 - 0x00007ffa7201c000 	C:\WINDOWS\SYSTEM32\CRYPTBASE.dll
0x00007ffa71210000 - 0x00007ffa71243000 	C:\WINDOWS\SYSTEM32\IPHLPAPI.DLL
0x00007ffa74be0000 - 0x00007ffa74bea000 	C:\WINDOWS\System32\NSI.dll
0x00007ffa42980000 - 0x00007ffa429c9000 	C:\Users\nicol\AppData\Local\Temp\jna-104814053\jna1164365838030518379.dll
0x00007ffa74a20000 - 0x00007ffa74a28000 	C:\WINDOWS\System32\PSAPI.DLL
0x00007ffa6a7e0000 - 0x00007ffa6a7fd000 	C:\WINDOWS\SYSTEM32\dhcpcsvc6.DLL
0x00007ffa6a7b0000 - 0x00007ffa6a7d5000 	C:\WINDOWS\SYSTEM32\dhcpcsvc.DLL
0x00007ffa62fc0000 - 0x00007ffa62fce000 	C:\Users\nicol\.vscode\extensions\redhat.java-1.56.0-win32-x64\jre\21.0.12.1-win32-x86_64\bin\sunmscapi.dll
0x00007ffa72cd0000 - 0x00007ffa72e4e000 	C:\WINDOWS\System32\CRYPT32.dll
0x00007ffa72340000 - 0x00007ffa72370000 	C:\WINDOWS\SYSTEM32\ncrypt.dll
0x00007ffa722f0000 - 0x00007ffa7232f000 	C:\WINDOWS\SYSTEM32\NTASN1.dll
0x00007ffa712b0000 - 0x00007ffa71408000 	C:\WINDOWS\SYSTEM32\DNSAPI.dll
0x00007ffa71bb0000 - 0x00007ffa71bbd000 	C:\WINDOWS\SYSTEM32\DSPARSE.dll
0x00007ffa6a7a0000 - 0x00007ffa6a7ab000 	C:\Windows\System32\rasadhlp.dll
0x00007ffa66d30000 - 0x00007ffa66db6000 	C:\WINDOWS\System32\fwpuclnt.dll
0x00007ffa62fb0000 - 0x00007ffa62fb9000 	C:\Users\nicol\.vscode\extensions\redhat.java-1.56.0-win32-x64\jre\21.0.12.1-win32-x86_64\bin\extnet.dll

JVMTI agents:
c:\Users\nicol\.vscode\extensions\redhat.java-1.56.0-win32-x64\lombok\lombok-1.18.39-4050.jar path:c:\Users\nicol\.vscode\extensions\redhat.java-1.56.0-win32-x64\jre\21.0.12.1-win32-x86_64\bin\instrument.dll, loaded, initialized, instrumentlib options:none

dbghelp: loaded successfully - version: 4.0.5 - missing functions: none
symbol engine: initialized successfully - sym options: 0x614 - pdb path: .;c:\Users\nicol\.vscode\extensions\redhat.java-1.56.0-win32-x64\jre\21.0.12.1-win32-x86_64\bin;C:\WINDOWS\SYSTEM32;C:\WINDOWS\WinSxS\amd64_microsoft.windows.common-controls_6595b64144ccf1df_6.0.26100.9278_none_3e0d1ba8e3303201;c:\Users\nicol\.vscode\extensions\redhat.java-1.56.0-win32-x64\jre\21.0.12.1-win32-x86_64\bin\server;C:\Users\nicol\AppData\Roaming\Code\User\globalStorage\redhat.java\1.56.0\config_win\org.eclipse.equinox.launcher\org.eclipse.equinox.launcher.win32.win32.x86_64_1.3.100.v20260804-1928;C:\Users\nicol\AppData\Local\Temp\jna-104814053

VM Arguments:
jvm_args: --add-modules=ALL-SYSTEM --add-opens=java.base/java.util=ALL-UNNAMED --add-opens=java.base/java.lang=ALL-UNNAMED --add-opens=java.base/sun.nio.fs=ALL-UNNAMED -Declipse.application=org.eclipse.jdt.ls.core.id1 -Dosgi.bundles.defaultStartLevel=4 -Declipse.product=org.eclipse.jdt.ls.core.product -Djava.import.generatesMetadataFilesAtProjectRoot=false -Dm2e.project.cache.size=50 -DDetectVMInstallationsJob.disabled=true -Dfile.encoding=utf8 -XX:+UseParallelGC -XX:GCTimeRatio=4 -XX:AdaptiveSizePolicyWeight=90 -Dsun.zip.disableMemoryMapping=true -Xmx2G -Xms100m -Xlog:disable -javaagent:c:\Users\nicol\.vscode\extensions\redhat.java-1.56.0-win32-x64\lombok\lombok-1.18.39-4050.jar -XX:+HeapDumpOnOutOfMemoryError -XX:HeapDumpPath=c:\Users\nicol\AppData\Roaming\Code\User\workspaceStorage\b51f45c7fabee92b3e77ba02943ecedf\redhat.java -Daether.dependencyCollector.impl=bf 
java_command: c:\Users\nicol\.vscode\extensions\redhat.java-1.56.0-win32-x64\server\plugins\org.eclipse.equinox.launcher_1.8.0.v20260804-1928.jar -configuration c:\Users\nicol\AppData\Roaming\Code\User\globalStorage\redhat.java\1.56.0\config_win -data c:\Users\nicol\AppData\Roaming\Code\User\workspaceStorage\b51f45c7fabee92b3e77ba02943ecedf\redhat.java\jdt_ws --stdio
java_class_path (initial): c:\Users\nicol\.vscode\extensions\redhat.java-1.56.0-win32-x64\server\plugins\org.eclipse.equinox.launcher_1.8.0.v20260804-1928.jar
Launcher Type: SUN_STANDARD

[Global flags]
    uintx AdaptiveSizePolicyWeight                 = 90                                        {product} {command line}
     intx CICompilerCount                          = 4                                         {product} {ergonomic}
    uintx GCTimeRatio                              = 4                                         {product} {command line}
     bool HeapDumpOnOutOfMemoryError               = true                                   {manageable} {command line}
    ccstr HeapDumpPath                             = c:\Users\nicol\AppData\Roaming\Code\User\workspaceStorage\b51f45c7fabee92b3e77ba02943ecedf\redhat.java         {manageable} {command line}
   size_t InitialHeapSize                          = 104857600                                 {product} {command line}
   size_t MaxHeapSize                              = 2147483648                                {product} {command line}
   size_t MaxNewSize                               = 715653120                                 {product} {ergonomic}
   size_t MinHeapDeltaBytes                        = 524288                                    {product} {ergonomic}
   size_t MinHeapSize                              = 104857600                                 {product} {command line}
   size_t NewSize                                  = 34603008                                  {product} {ergonomic}
    uintx NonNMethodCodeHeapSize                   = 5839372                                {pd product} {ergonomic}
    uintx NonProfiledCodeHeapSize                  = 122909434                              {pd product} {ergonomic}
   size_t OldSize                                  = 70254592                                  {product} {ergonomic}
    uintx ProfiledCodeHeapSize                     = 122909434                              {pd product} {ergonomic}
    uintx ReservedCodeCacheSize                    = 251658240                              {pd product} {ergonomic}
     bool SegmentedCodeCache                       = true                                      {product} {ergonomic}
   size_t SoftMaxHeapSize                          = 2147483648                             {manageable} {ergonomic}
     bool UseCompressedOops                        = true                           {product lp64_product} {ergonomic}
     bool UseLargePagesIndividualAllocation        = false                                  {pd product} {ergonomic}
     bool UseParallelGC                            = true                                      {product} {command line}

Logging:
Log output configuration:
 #0: stdout all=off uptime,level,tags foldmultilines=false
 #1: stderr all=off uptime,level,tags foldmultilines=false

Release file:
JAVA_VERSION="21.0.12.1" 
MODULES="java.base java.compiler java.datatransfer java.xml java.prefs java.desktop java.instrument java.logging java.management java.security.sasl java.naming java.rmi java.management.rmi java.net.http java.scripting java.security.jgss java.transaction.xa java.sql java.sql.rowset java.xml.crypto java.se java.smartcardio jdk.accessibility jdk.internal.jvmstat jdk.attach jdk.charsets jdk.internal.opt jdk.zipfs jdk.compiler jdk.crypto.ec jdk.crypto.cryptoki jdk.crypto.mscapi jdk.dynalink jdk.internal.ed jdk.editpad jdk.hotspot.agent jdk.httpserver jdk.internal.le jdk.internal.vm.ci jdk.internal.vm.compiler jdk.internal.vm.compiler.management jdk.jartool jdk.javadoc jdk.jcmd jdk.management jdk.management.agent jdk.jconsole jdk.jdeps jdk.jdwp.agent jdk.jdi jdk.jfr jdk.jshell jdk.jsobject jdk.jstatd jdk.localedata jdk.management.jfr jdk.naming.dns jdk.naming.rmi jdk.net jdk.nio.mapmode jdk.random jdk.sctp jdk.security.auth jdk.security.jgss jdk.unsupported jdk.unsupported.desktop jdk.xml.dom" 

Environment Variables:
JAVA_HOME=C:\Program Files\Java\jdk-21.0.12.1
PATH=C:\Program Files\Common Files\Oracle\Java\javapath;C:\app\nicol\product\21c\dbhomeXE\bin;C:\WINDOWS\system32;C:\WINDOWS;C:\WINDOWS\System32\Wbem;C:\WINDOWS\System32\WindowsPowerShell\v1.0\;C:\WINDOWS\System32\OpenSSH\;C:\maven\bin;C:\Program Files\Git\cmd;C:\Program Files\Java\jdk-21\bin;C:\mingw32\bin;C:\Program Files\PuTTY\;C:\Users\nicol\AppData\Local\Programs\Python\Launcher\;C:\Users\nicol\AppData\Local\Microsoft\WindowsApps;C:\Users\nicol\AppData\Local\Programs\Microsoft VS Code\bin;;C:\Users\nicol\AppData\Local\Programs\DockerDesktop\resources\bin
USERNAME=nicol
OS=Windows_NT
PROCESSOR_IDENTIFIER=AMD64 Family 23 Model 104 Stepping 1, AuthenticAMD
TMP=C:\Users\nicol\AppData\Local\Temp
TEMP=C:\Users\nicol\AppData\Local\Temp




Periodic native trim disabled

---------------  S Y S T E M  ---------------

OS:
 Windows 11 , 64 bit Build 26100 (10.0.26100.9444)
OS uptime: 0 days 17:35 hours
Hyper-V role detected

CPU: total 12 (initial active 12) (12 cores per cpu, 2 threads per core) family 23 model 104 stepping 1 microcode 0x8608103, cx8, cmov, fxsr, ht, mmx, 3dnowpref, sse, sse2, sse3, ssse3, sse4a, sse4.1, sse4.2, popcnt, lzcnt, tsc, tscinvbit, avx, avx2, aes, clmul, bmi1, bmi2, adx, sha, fma, vzeroupper, clflush, clflushopt, hv, rdtscp, rdpid, f16c
Processor Information for the first 12 processors :
  Max Mhz: 2100, Current Mhz: 2100, Mhz Limit: 2100

Memory: 4k page, system-wide physical 5966M (147M free)
TotalPageFile size 24398M (AvailPageFile size 4M)
current process WorkingSet (physical memory assigned to process): 274M, peak: 274M
current process commit charge ("private bytes"): 357M, peak: 1653M

vm_info: OpenJDK 64-Bit Server VM (21.0.12.1+1-LTS) for windows-amd64 JRE (21.0.12.1+1-LTS), built on 2026-08-18T00:00:00Z by "admin" with MS VC++ 17.12 (VS2022)

END.
